<html>
<body>
<pre>
<h1>µVision Build Log</h1>
<h2>Tool Versions:</h2>
IDE-Version: ¦ÌVision V5.25.3.0
Copyright (C) 2018 ARM Ltd and ARM Germany GmbH. All rights reserved.
License Information: 1 Lihao, 1, LIC=GMZI6-DYHKB-63MMB-2LZU6-30TQJ-JCN6Q
 
Tool Versions:
Toolchain:       MDK-ARM Plus  Version: 5.37.0.0
Toolchain Path:  E:\STM32\keil5\keil_v5\ARM\ARMCC\Bin
C Compiler:      Armcc.exe V5.06 update 7 (build 960)
Assembler:       Armasm.exe V5.06 update 7 (build 960)
Linker/Locator:  ArmLink.exe V5.06 update 7 (build 960)
Library Manager: ArmAr.exe V5.06 update 7 (build 960)
Hex Converter:   FromElf.exe V5.06 update 7 (build 960)
CPU DLL:         SARMCM3.DLL V5.37.0.0
Dialog DLL:      DCM.DLL V1.17.5.0
Target DLL:      STLink\ST-LINKIII-KEIL_SWO.dll V3.0.9.0
Dialog DLL:      TCM.DLL V1.56.1.0
 
<h2>Project:</h2>
E:\STM32\task\STM32_task\2_USART\Projects\MDK-ARM\atk_f103.uvprojx
Project File Date:  01/28/2024

<h2>Output:</h2>
*** Using Compiler 'V5.06 update 7 (build 960)', folder: 'E:\STM32\keil5\keil_v5\ARM\ARMCC\Bin'
Rebuild target 'Template'
assembling startup_stm32f103xe.s...
compiling stm32f1xx_hal_rcc_ex.c...
compiling main.c...
compiling stm32f1xx_hal_cortex.c...
compiling delay.c...
compiling stm32f1xx_it.c...
compiling stm32f1xx_hal_usart.c...
compiling stm32f1xx_hal_gpio.c...
compiling stm32f1xx_hal.c...
compiling sys.c...
compiling stm32f1xx_hal_rcc.c...
compiling stm32f1xx_hal_dma.c...
compiling usart.c...
compiling stm32f1xx_hal_gpio_ex.c...
compiling system_stm32f1xx.c...
compiling stm32f1xx_hal_uart.c...
compiling led.c...
..\..\Drivers\./BSP/LED/led.h(8): warning:  #1-D: last line of file ends without a newline
  #endif
..\..\Drivers\BSP\led\led.c(19): warning:  #1-D: last line of file ends without a newline
  }
..\..\Drivers\BSP\led\led.c: 2 warnings, 0 errors
linking...
Program Size: Code=5732 RO-data=360 RW-data=28 ZI-data=1900  
FromELF: creating hex file...
"..\..\Output\atk_f103.axf" - 0 Error(s), 2 Warning(s).

<h2>Software Packages used:</h2>

Package Vendor: Keil
                http://www.keil.com/pack/Keil.STM32F1xx_DFP.2.4.0.pack
                Keil.STM32F1xx_DFP.2.4.0
                STMicroelectronics STM32F1 Series Device Support, Drivers and Examples

<h2>Collection of Component include folders:</h2>
  .\RTE\_Template
  E:\STM32\keil5\Packs\Keil\STM32F1xx_DFP\2.4.0\Device\Include

<h2>Collection of Component Files used:</h2>
Build Time Elapsed:  00:00:07
</pre>
</body>
</html>
