Component: Arm Compiler for Embedded 6.18 Tool: armlink [5e4cc100]

==============================================================================

Section Cross References

    startup_stm32f103xb.o(STACK) refers (Special) to heapauxi.o(.text) for __use_two_region_memory
    startup_stm32f103xb.o(HEAP) refers (Special) to heapauxi.o(.text) for __use_two_region_memory
    startup_stm32f103xb.o(RESET) refers (Special) to heapauxi.o(.text) for __use_two_region_memory
    startup_stm32f103xb.o(RESET) refers to startup_stm32f103xb.o(STACK) for __initial_sp
    startup_stm32f103xb.o(RESET) refers to startup_stm32f103xb.o(.text) for Reset_Handler
    startup_stm32f103xb.o(RESET) refers to stm32f1xx_it.o(.text.NMI_Handler) for NMI_Handler
    startup_stm32f103xb.o(RESET) refers to stm32f1xx_it.o(.text.HardFault_Handler) for HardFault_Handler
    startup_stm32f103xb.o(RESET) refers to stm32f1xx_it.o(.text.MemManage_Handler) for MemManage_Handler
    startup_stm32f103xb.o(RESET) refers to stm32f1xx_it.o(.text.BusFault_Handler) for BusFault_Handler
    startup_stm32f103xb.o(RESET) refers to stm32f1xx_it.o(.text.UsageFault_Handler) for UsageFault_Handler
    startup_stm32f103xb.o(RESET) refers to stm32f1xx_it.o(.text.SVC_Handler) for SVC_Handler
    startup_stm32f103xb.o(RESET) refers to stm32f1xx_it.o(.text.DebugMon_Handler) for DebugMon_Handler
    startup_stm32f103xb.o(RESET) refers to stm32f1xx_it.o(.text.PendSV_Handler) for PendSV_Handler
    startup_stm32f103xb.o(RESET) refers to stm32f1xx_it.o(.text.SysTick_Handler) for SysTick_Handler
    startup_stm32f103xb.o(RESET) refers to stm32f1xx_it.o(.text.EXTI9_5_IRQHandler) for EXTI9_5_IRQHandler
    startup_stm32f103xb.o(RESET) refers to stm32f1xx_it.o(.text.TIM2_IRQHandler) for TIM2_IRQHandler
    startup_stm32f103xb.o(RESET) refers to stm32f1xx_it.o(.text.TIM4_IRQHandler) for TIM4_IRQHandler
    startup_stm32f103xb.o(.text) refers (Special) to heapauxi.o(.text) for __use_two_region_memory
    startup_stm32f103xb.o(.text) refers to system_stm32f1xx.o(.text.SystemInit) for SystemInit
    startup_stm32f103xb.o(.text) refers to __main.o(!!!main) for __main
    startup_stm32f103xb.o(.text) refers to startup_stm32f103xb.o(HEAP) for Heap_Mem
    startup_stm32f103xb.o(.text) refers to startup_stm32f103xb.o(STACK) for Stack_Mem
    main.o(.text) refers (Special) to _printf_percent.o(.ARM.Collect$$_printf_percent$$00000000) for _printf_percent
    main.o(.text) refers (Special) to _printf_d.o(.ARM.Collect$$_printf_percent$$00000009) for _printf_d
    main.o(.text) refers (Special) to _printf_f.o(.ARM.Collect$$_printf_percent$$00000003) for _printf_f
    main.o(.text) refers (Special) to _printf_dec.o(.text) for _printf_int_dec
    main.o(.text) refers (Special) to printf1.o(x$fpl$printf1) for _printf_fp_dec
    main.o(.text.main) refers (Special) to _printf_percent.o(.ARM.Collect$$_printf_percent$$00000000) for _printf_percent
    main.o(.text.main) refers (Special) to _printf_d.o(.ARM.Collect$$_printf_percent$$00000009) for _printf_d
    main.o(.text.main) refers (Special) to _printf_f.o(.ARM.Collect$$_printf_percent$$00000003) for _printf_f
    main.o(.text.main) refers (Special) to _printf_dec.o(.text) for _printf_int_dec
    main.o(.text.main) refers (Special) to printf1.o(x$fpl$printf1) for _printf_fp_dec
    main.o(.text.main) refers to stm32f1xx_hal.o(.text.HAL_Init) for HAL_Init
    main.o(.text.main) refers to stm32f1xx_hal_rcc.o(.text.HAL_RCC_OscConfig) for HAL_RCC_OscConfig
    main.o(.text.main) refers to stm32f1xx_hal_rcc.o(.text.HAL_RCC_ClockConfig) for HAL_RCC_ClockConfig
    main.o(.text.main) refers to gpio.o(.text.MX_GPIO_Init) for MX_GPIO_Init
    main.o(.text.main) refers to i2c.o(.text.MX_I2C1_Init) for MX_I2C1_Init
    main.o(.text.main) refers to tim.o(.text.MX_TIM1_Init) for MX_TIM1_Init
    main.o(.text.main) refers to tim.o(.text.MX_TIM2_Init) for MX_TIM2_Init
    main.o(.text.main) refers to tim.o(.text.MX_TIM3_Init) for MX_TIM3_Init
    main.o(.text.main) refers to tim.o(.text.MX_TIM4_Init) for MX_TIM4_Init
    main.o(.text.main) refers to oled.o(.text.OLED_Init) for OLED_Init
    main.o(.text.main) refers to oled.o(.text.OLED_Clear) for OLED_Clear
    main.o(.text.main) refers to mpu6050.o(.text.MPU_Init) for MPU_Init
    main.o(.text.main) refers to inv_mpu.o(.text.mpu_dmp_init) for mpu_dmp_init
    main.o(.text.main) refers to oled.o(.text.OLED_ShowString) for OLED_ShowString
    main.o(.text.main) refers to stm32f1xx_hal_cortex.o(.text.HAL_NVIC_SetPriority) for HAL_NVIC_SetPriority
    main.o(.text.main) refers to stm32f1xx_hal_cortex.o(.text.HAL_NVIC_EnableIRQ) for HAL_NVIC_EnableIRQ
    main.o(.text.main) refers to tim.o(.bss.htim1) for htim1
    main.o(.text.main) refers to stm32f1xx_hal_tim.o(.text.HAL_TIM_PWM_Start) for HAL_TIM_PWM_Start
    main.o(.text.main) refers to motor.o(.text.Load) for Load
    main.o(.text.main) refers to pid_user.o(.bss..L_MergedGlobals.1) for Encoder_Left
[...]
    [Anonymous Symbol]                       0x08009404   Section        0  stm32f1xx_hal_rcc.o(.rodata.cst16)
    dmp_memory                               0x08009414   Data        3062  inv_mpu_dmp_motion_driver.o(.rodata.dmp_memory)
    [Anonymous Symbol]                       0x08009414   Section        0  inv_mpu_dmp_motion_driver.o(.rodata.dmp_memory)
    locale$$data                             0x0800a07c   Section       28  lc_numeric_c.o(locale$$data)
    __lcnum_c_name                           0x0800a080   Data           2  lc_numeric_c.o(locale$$data)
    __lcnum_c_start                          0x0800a088   Data           0  lc_numeric_c.o(locale$$data)
    __lcnum_c_point                          0x0800a094   Data           0  lc_numeric_c.o(locale$$data)
    __lcnum_c_thousands                      0x0800a096   Data           0  lc_numeric_c.o(locale$$data)
    __lcnum_c_grouping                       0x0800a097   Data           0  lc_numeric_c.o(locale$$data)
    __lcnum_c_end                            0x0800a098   Data           0  lc_numeric_c.o(locale$$data)
    .L_MergedGlobals                         0x20000000   Data           8  stm32f1xx_hal.o(.data..L_MergedGlobals)
    [Anonymous Symbol]                       0x20000000   Section        0  stm32f1xx_hal.o(.data..L_MergedGlobals)
    .L_MergedGlobals                         0x20000008   Data           8  pid_user.o(.data..L_MergedGlobals)
    [Anonymous Symbol]                       0x20000008   Section        0  pid_user.o(.data..L_MergedGlobals)
    .L_MergedGlobals                         0x20000010   Data          56  inv_mpu.o(.data..L_MergedGlobals)
    gyro_orientation                         0x20000010   Data           9  inv_mpu.o(.data..L_MergedGlobals)
    [Anonymous Symbol]                       0x20000010   Section        0  inv_mpu.o(.data..L_MergedGlobals)
    st                                       0x2000001c   Data          44  inv_mpu.o(.data..L_MergedGlobals)
    .bss                                     0x20000068   Section       96  libspace.o(.bss)
    .L_MergedGlobals                         0x200000c8   Data          16  inv_mpu_dmp_motion_driver.o(.bss..L_MergedGlobals)
    dmp.5                                    0x200000c8   Data           1  inv_mpu_dmp_motion_driver.o(.bss..L_MergedGlobals)
    [Anonymous Symbol]                       0x200000c8   Section        0  inv_mpu_dmp_motion_driver.o(.bss..L_MergedGlobals)
    dmp.3                                    0x200000cc   Data           2  inv_mpu_dmp_motion_driver.o(.bss..L_MergedGlobals)
    dmp.0                                    0x200000d0   Data           4  inv_mpu_dmp_motion_driver.o(.bss..L_MergedGlobals)
    dmp.1                                    0x200000d4   Data           4  inv_mpu_dmp_motion_driver.o(.bss..L_MergedGlobals)
    .L_MergedGlobals.1                       0x200000d8   Data          80  pid_user.o(.bss..L_MergedGlobals.1)
    [Anonymous Symbol]                       0x200000d8   Section        0  pid_user.o(.bss..L_MergedGlobals.1)
    Velocity.Encoder_S                       0x200000f4   Data           4  pid_user.o(.bss..L_MergedGlobals.1)
    Velocity.EnC_Err_Lowout_last             0x200000f8   Data           4  pid_user.o(.bss..L_MergedGlobals.1)
    dmp.2                                    0x20000178   Data           2  inv_mpu_dmp_motion_driver.o(.bss.dmp.2)
    [Anonymous Symbol]                       0x20000178   Section        0  inv_mpu_dmp_motion_driver.o(.bss.dmp.2)
    dmp.4                                    0x2000017c   Data           2  inv_mpu_dmp_motion_driver.o(.bss.dmp.4)
    [Anonymous Symbol]                       0x2000017c   Section        0  inv_mpu_dmp_motion_driver.o(.bss.dmp.4)
    Heap_Mem                                 0x200002f8   Data         512  startup_stm32f103xb.o(HEAP)
    HEAP                                     0x200002f8   Section      512  startup_stm32f103xb.o(HEAP)
    Stack_Mem                                0x200004f8   Data        1024  startup_stm32f103xb.o(STACK)
    STACK                                    0x200004f8   Section     1024  startup_stm32f103xb.o(STACK)
    __initial_sp                             0x200008f8   Data           0  startup_stm32f103xb.o(STACK)

    Global Symbols

    Symbol Name                              Value     Ov Type        Size  Object(Section)

    BuildAttributes$$THM_ISAv4$P$D$K$B$S$PE$A:L22UL41UL21$X:L11$S22US41US21$IEEE1$IW$~IW$USESV6$~STKCKD$USESV7$~SHL$OTIME$ROPI$IEEEX$EBA8$UX$STANDARDLIB$REQ8$PRES8$EABIv2 0x00000000   Number         0  anon$$obj.o ABSOLUTE
    __fp_init_empty                          0x00000000   Number         0  fpinit_empty.o ABSOLUTE
    _printf_flags                            0x00000000   Number         0  printf_stubs.o ABSOLUTE
    _printf_return_value                     0x00000000   Number         0  printf_stubs.o ABSOLUTE
    _printf_sizespec                         0x00000000   Number         0  printf_stubs.o ABSOLUTE
    _printf_widthprec                        0x00000000   Number         0  printf_stubs.o ABSOLUTE
    __ARM_exceptions_init                     - Undefined Weak Reference
    __alloca_initialize                       - Undefined Weak Reference
    __arm_preinit_                            - Undefined Weak Reference
    __arm_relocate_pie_                       - Undefined Weak Reference
    __cpp_initialize__aeabi_                  - Undefined Weak Reference
    __cxa_finalize                            - Undefined Weak Reference
    __sigvec_lookup                           - Undefined Weak Reference
    _atexit_init                              - Undefined Weak Reference
    _call_atexit_fns                          - Undefined Weak Reference
    _clock_init                               - Undefined Weak Reference
    _fp_trap_init                             - Undefined Weak Reference
    _fp_trap_shutdown                         - Undefined Weak Reference
    _get_lc_collate                           - Undefined Weak Reference
    _get_lc_ctype                             - Undefined Weak Reference
    _get_lc_monetary                          - Undefined Weak Reference
    _get_lc_time                              - Undefined Weak Reference
    _getenv_init                              - Undefined Weak Reference
    _handle_redirection                       - Undefined Weak Reference
    _init_alloc                               - Undefined Weak Reference
    _init_user_alloc                          - Undefined Weak Reference
    _initio                                   - Undefined Weak Reference
    _printf_post_padding                      - Undefined Weak Reference
    _printf_pre_padding                       - Undefined Weak Reference
    _printf_truncate_signed                   - Undefined Weak Reference
    _printf_truncate_unsigned                 - Undefined Weak Reference
    _rand_init                                - Undefined Weak Reference
    _signal_finish                            - Undefined Weak Reference
    _signal_init                              - Undefined Weak Reference
    _terminate_alloc                          - Undefined Weak Reference
    _terminate_user_alloc                     - Undefined Weak Reference
    _terminateio                              - Undefined Weak Reference
    __Vectors_Size                           0x000000ec   Number         0  startup_stm32f103xb.o ABSOLUTE
    __Vectors                                0x08000000   Data           4  startup_stm32f103xb.o(RESET)
    __Vectors_End                            0x080000ec   Data           0  startup_stm32f103xb.o(RESET)
    __main                                   0x080000ed   Thumb Code     8  __main.o(!!!main)
    __scatterload                            0x080000f5   Thumb Code     0  __scatter.o(!!!scatter)
    __scatterload_rt2                        0x080000f5   Thumb Code    44  __scatter.o(!!!scatter)
    __scatterload_rt2_thumb_only             0x080000f5   Thumb Code     0  __scatter.o(!!!scatter)
    __scatterload_null                       0x08000103   Thumb Code     0  __scatter.o(!!!scatter)
    __scatterload_copy                       0x08000129   Thumb Code    26  __scatter_copy.o(!!handler_copy)
    __scatterload_zeroinit                   0x08000145   Thumb Code    28  __scatter_zi.o(!!handler_zi)
    _printf_f                                0x08000161   Thumb Code     0  _printf_f.o(.ARM.Collect$$_printf_percent$$00000003)
    _printf_percent                          0x08000161   Thumb Code     0  _printf_percent.o(.ARM.Collect$$_printf_percent$$00000000)
    _printf_d                                0x08000167   Thumb Code     0  _printf_d.o(.ARM.Collect$$_printf_percent$$00000009)
    _printf_percent_end                      0x0800016d   Thumb Code     0  _printf_percent_end.o(.ARM.Collect$$_printf_percent$$00000017)
    __rt_lib_init                            0x08000171   Thumb Code     0  libinit.o(.ARM.Collect$$libinit$$00000000)
    __rt_lib_init_fp_1                       0x08000173   Thumb Code     0  libinit2.o(.ARM.Collect$$libinit$$00000002)
    __rt_lib_init_heap_1                     0x08000173   Thumb Code     0  libinit2.o(.ARM.Collect$$libinit$$0000000C)
    __rt_lib_init_lc_common                  0x08000173   Thumb Code     0  libinit2.o(.ARM.Collect$$libinit$$00000011)
    __rt_lib_init_preinit_1                  0x08000173   Thumb Code     0  libinit2.o(.ARM.Collect$$libinit$$00000006)
    __rt_lib_init_rand_1                     0x08000173   Thumb Code     0  libinit2.o(.ARM.Collect$$libinit$$00000010)
    __rt_lib_init_relocate_pie_1             0x08000173   Thumb Code     0  libinit2.o(.ARM.Collect$$libinit$$00000004)
    __rt_lib_init_user_alloc_1               0x08000173   Thumb Code     0  libinit2.o(.ARM.Collect$$libinit$$0000000E)
    __rt_lib_init_lc_collate_1               0x08000179   Thumb Code     0  libinit2.o(.ARM.Collect$$libinit$$00000013)
    __rt_lib_init_lc_ctype_1                 0x08000179   Thumb Code     0  libinit2.o(.ARM.Collect$$libinit$$00000015)
    __rt_lib_init_lc_monetary_1              0x08000179   Thumb Code     0  libinit2.o(.ARM.Collect$$libinit$$00000017)
    __rt_lib_init_lc_numeric_2               0x08000179   Thumb Code     0  libinit2.o(.ARM.Collect$$libinit$$00000018)
    __rt_lib_init_alloca_1                   0x08000183   Thumb Code     0  libinit2.o(.ARM.Collect$$libinit$$00000030)
    __rt_lib_init_argv_1                     0x08000183   Thumb Code     0  libinit2.o(.ARM.Collect$$libinit$$0000002E)
    __rt_lib_init_atexit_1                   0x08000183   Thumb Code     0  libinit2.o(.ARM.Collect$$libinit$$0000001D)
    __rt_lib_init_clock_1                    0x08000183   Thumb Code     0  libinit2.o(.ARM.Collect$$libinit$$00000023)
    __rt_lib_init_cpp_1                      0x08000183   Thumb Code     0  libinit2.o(.ARM.Collect$$libinit$$00000034)
    __rt_lib_init_exceptions_1               0x08000183   Thumb Code     0  libinit2.o(.ARM.Collect$$libinit$$00000032)
    __rt_lib_init_fp_trap_1                  0x08000183   Thumb Code     0  libinit2.o(.ARM.Collect$$libinit$$00000021)
    __rt_lib_init_getenv_1                   0x08000183   Thumb Code     0  libinit2.o(.ARM.Collect$$libinit$$00000025)
    __rt_lib_init_lc_numeric_1               0x08000183   Thumb Code     0  libinit2.o(.ARM.Collect$$libinit$$00000019)
    __rt_lib_init_lc_time_1                  0x08000183   Thumb Code     0  libinit2.o(.ARM.Collect$$libinit$$0000001B)
    __rt_lib_init_return                     0x08000183   Thumb Code     0  libinit2.o(.ARM.Collect$$libinit$$00000035)
    __rt_lib_init_signal_1                   0x08000183   Thumb Code     0  libinit2.o(.ARM.Collect$$libinit$$0000001F)
    __rt_lib_init_stdio_1                    0x08000183   Thumb Code     0  libinit2.o(.ARM.Collect$$libinit$$00000027)
    __rt_lib_shutdown                        0x08000185   Thumb Code     0  libshutdown.o(.ARM.Collect$$libshutdown$$00000000)
    __rt_lib_shutdown_cpp_1                  0x08000187   Thumb Code     0  libshutdown2.o(.ARM.Collect$$libshutdown$$00000002)
    __rt_lib_shutdown_fp_trap_1              0x08000187   Thumb Code     0  libshutdown2.o(.ARM.Collect$$libshutdown$$00000007)
    __rt_lib_shutdown_heap_1                 0x08000187   Thumb Code     0  libshutdown2.o(.ARM.Collect$$libshutdown$$0000000F)
    __rt_lib_shutdown_return                 0x08000187   Thumb Code     0  libshutdown2.o(.ARM.Collect$$libshutdown$$00000010)
    __rt_lib_shutdown_signal_1               0x08000187   Thumb Code     0  libshutdown2.o(.ARM.Collect$$libshutdown$$0000000A)
    __rt_lib_shutdown_stdio_1                0x08000187   Thumb Code     0  libshutdown2.o(.ARM.Collect$$libshutdown$$00000004)
    __rt_lib_shutdown_user_alloc_1           0x08000187   Thumb Code     0  libshutdown2.o(.ARM.Collect$$libshutdown$$0000000C)
    __rt_entry                               0x08000189   Thumb Code     0  __rtentry.o(.ARM.Collect$$rtentry$$00000000)
    __rt_entry_presh_1                       0x08000189   Thumb Code     0  __rtentry2.o(.ARM.Collect$$rtentry$$00000002)
    __rt_entry_sh                            0x08000189   Thumb Code     0  __rtentry4.o(.ARM.Collect$$rtentry$$00000004)
    __rt_entry_li                            0x0800018f   Thumb Code     0  __rtentry2.o(.ARM.Collect$$rtentry$$0000000A)
    __rt_entry_postsh_1                      0x0800018f   Thumb Code     0  __rtentry2.o(.ARM.Collect$$rtentry$$00000009)
    __rt_entry_main                          0x08000193   Thumb Code     0  __rtentry2.o(.ARM.Collect$$rtentry$$0000000D)
    __rt_entry_postli_1                      0x08000193   Thumb Code     0  __rtentry2.o(.ARM.Collect$$rtentry$$0000000C)
    __rt_exit                                0x0800019b   Thumb Code     0  rtexit.o(.ARM.Collect$$rtexit$$00000000)
    __rt_exit_ls                             0x0800019d   Thumb Code     0  rtexit2.o(.ARM.Collect$$rtexit$$00000003)
    __rt_exit_prels_1                        0x0800019d   Thumb Code     0  rtexit2.o(.ARM.Collect$$rtexit$$00000002)
    __rt_exit_exit                           0x080001a1   Thumb Code     0  rtexit2.o(.ARM.Collect$$rtexit$$00000004)
    Reset_Handler                            0x080001a9   Thumb Code     8  startup_stm32f103xb.o(.text)
    ADC1_2_IRQHandler                        0x080001c3   Thumb Code     0  startup_stm32f103xb.o(.text)
    CAN1_RX1_IRQHandler                      0x080001c3   Thumb Code     0  startup_stm32f103xb.o(.text)
    CAN1_SCE_IRQHandler                      0x080001c3   Thumb Code     0  startup_stm32f103xb.o(.text)
    DMA1_Channel1_IRQHandler                 0x080001c3   Thumb Code     0  startup_stm32f103xb.o(.text)
    DMA1_Channel2_IRQHandler                 0x080001c3   Thumb Code     0  startup_stm32f103xb.o(.text)
    DMA1_Channel3_IRQHandler                 0x080001c3   Thumb Code     0  startup_stm32f103xb.o(.text)
    DMA1_Channel4_IRQHandler                 0x080001c3   Thumb Code     0  startup_stm32f103xb.o(.text)
    DMA1_Channel5_IRQHandler                 0x080001c3   Thumb Code     0  startup_stm32f103xb.o(.text)
    DMA1_Channel6_IRQHandler                 0x080001c3   Thumb Code     0  startup_stm32f103xb.o(.text)
    DMA1_Channel7_IRQHandler                 0x080001c3   Thumb Code     0  startup_stm32f103xb.o(.text)
    EXTI0_IRQHandler                         0x080001c3   Thumb Code     0  startup_stm32f103xb.o(.text)
    EXTI15_10_IRQHandler                     0x080001c3   Thumb Code     0  startup_stm32f103xb.o(.text)
    EXTI1_IRQHandler                         0x080001c3   Thumb Code     0  startup_stm32f103xb.o(.text)
    EXTI2_IRQHandler                         0x080001c3   Thumb Code     0  startup_stm32f103xb.o(.text)
    EXTI3_IRQHandler                         0x080001c3   Thumb Code     0  startup_stm32f103xb.o(.text)
    EXTI4_IRQHandler                         0x080001c3   Thumb Code     0  startup_stm32f103xb.o(.text)
    FLASH_IRQHandler                         0x080001c3   Thumb Code     0  startup_stm32f103xb.o(.text)
    I2C1_ER_IRQHandler                       0x080001c3   Thumb Code     0  startup_stm32f103xb.o(.text)
    I2C1_EV_IRQHandler                       0x080001c3   Thumb Code     0  startup_stm32f103xb.o(.text)
    I2C2_ER_IRQHandler                       0x080001c3   Thumb Code     0  startup_stm32f103xb.o(.text)
    I2C2_EV_IRQHandler                       0x080001c3   Thumb Code     0  startup_stm32f103xb.o(.text)
    PVD_IRQHandler                           0x080001c3   Thumb Code     0  startup_stm32f103xb.o(.text)
    RCC_IRQHandler                           0x080001c3   Thumb Code     0  startup_stm32f103xb.o(.text)
    RTC_Alarm_IRQHandler                     0x080001c3   Thumb Code     0  startup_stm32f103xb.o(.text)
    RTC_IRQHandler                           0x080001c3   Thumb Code     0  startup_stm32f103xb.o(.text)
    SPI1_IRQHandler                          0x080001c3   Thumb Code     0  startup_stm32f103xb.o(.text)
    SPI2_IRQHandler                          0x080001c3   Thumb Code     0  startup_stm32f103xb.o(.text)
    TAMPER_IRQHandler                        0x080001c3   Thumb Code     0  startup_stm32f103xb.o(.text)
    TIM1_BRK_IRQHandler                      0x080001c3   Thumb Code     0  startup_stm32f103xb.o(.text)
    TIM1_CC_IRQHandler                       0x080001c3   Thumb Code     0  startup_stm32f103xb.o(.text)
    TIM1_TRG_COM_IRQHandler                  0x080001c3   Thumb Code     0  startup_stm32f103xb.o(.text)
    TIM1_UP_IRQHandler                       0x080001c3   Thumb Code     0  startup_stm32f103xb.o(.text)
    TIM3_IRQHandler                          0x080001c3   Thumb Code     0  startup_stm32f103xb.o(.text)
    USART1_IRQHandler                        0x080001c3   Thumb Code     0  startup_stm32f103xb.o(.text)
    USART2_IRQHandler                        0x080001c3   Thumb Code     0  startup_stm32f103xb.o(.text)
    USART3_IRQHandler                        0x080001c3   Thumb Code     0  startup_stm32f103xb.o(.text)
    USBWakeUp_IRQHandler                     0x080001c3   Thumb Code     0  startup_stm32f103xb.o(.text)
    USB_HP_CAN1_TX_IRQHandler                0x080001c3   Thumb Code     0  startup_stm32f103xb.o(.text)
    USB_LP_CAN1_RX0_IRQHandler               0x080001c3   Thumb Code     0  startup_stm32f103xb.o(.text)
    WWDG_IRQHandler                          0x080001c3   Thumb Code     0  startup_stm32f103xb.o(.text)
    __user_initial_stackheap                 0x080001c5   Thumb Code     0  startup_stm32f103xb.o(.text)
    __aeabi_ldivmod                          0x080001e9   Thumb Code     0  llsdiv.o(.text)
    _ll_sdiv                                 0x080001e9   Thumb Code   116  llsdiv.o(.text)
    __2sprintf                               0x0800025d   Thumb Code    34  noretval__2sprintf.o(.text)
    _printf_int_dec                          0x08000285   Thumb Code   104  _printf_dec.o(.text)
    __printf                                 0x080002fd   Thumb Code   270  __printf_wp.o(.text)
    memcmp                                   0x0800040b   Thumb Code    88  memcmp.o(.text)
    __use_two_region_memory                  0x08000463   Thumb Code     2  heapauxi.o(.text)
    __rt_heap_escrow$2region                 0x08000465   Thumb Code     2  heapauxi.o(.text)
    __rt_heap_expand$2region                 0x08000467   Thumb Code     2  heapauxi.o(.text)
    __aeabi_uldivmod                         0x08000469   Thumb Code     0  lludivv7m.o(.text)
    _ll_udiv                                 0x08000469   Thumb Code   240  lludivv7m.o(.text)
    __read_errno                             0x08000559   Thumb Code    10  _rserrno.o(.text)
    __set_errno                              0x08000563   Thumb Code    12  _rserrno.o(.text)
    _printf_int_common                       0x0800056f   Thumb Code   178  _printf_intcommon.o(.text)
    _printf_fp_dec_real                      0x080007d1   Thumb Code   620  _printf_fp_dec.o(.text)
    _printf_char_common                      0x08000a47   Thumb Code    32  _printf_char_common.o(.text)
    _sputc                                   0x08000a6d   Thumb Code    10  _sputc.o(.text)
    __rt_locale                              0x08000a79   Thumb Code     8  rt_locale_intlibspace.o(.text)
    __aeabi_errno_addr                       0x08000a81   Thumb Code     8  rt_errno_addr_intlibspace.o(.text)
    __errno$intlibspace                      0x08000a81   Thumb Code     0  rt_errno_addr_intlibspace.o(.text)
    __rt_errno_addr$intlibspace              0x08000a81   Thumb Code     0  rt_errno_addr_intlibspace.o(.text)
    _ll_udiv10                               0x08000a89   Thumb Code   138  lludiv10.o(.text)
    _printf_fp_infnan                        0x08000b15   Thumb Code   112  _printf_fp_infnan.o(.text)
    _btod_etento                             0x08000b95   Thumb Code   224  bigflt0.o(.text)
    __user_libspace                          0x08000c79   Thumb Code     8  libspace.o(.text)
    __user_perproc_libspace                  0x08000c79   Thumb Code     0  libspace.o(.text)
    __user_perthread_libspace                0x08000c79   Thumb Code     0  libspace.o(.text)
    __user_setup_stackheap                   0x08000c81   Thumb Code    74  sys_stackheap_outer.o(.text)
    exit                                     0x08000ccb   Thumb Code    18  exit.o(.text)
    strcmp                                   0x08000cdd   Thumb Code   128  strcmpv7m.o(.text)
    _sys_exit                                0x08000d5d   Thumb Code     8  sys_exit.o(.text)
    __I$use$semihosting                      0x08000d69   Thumb Code     0  use_no_semi.o(.text)
    __use_no_semihosting_swi                 0x08000d69   Thumb Code     2  use_no_semi.o(.text)
    __semihosting_library_function           0x08000d6b   Thumb Code     0  indicate_semi.o(.text)
    BusFault_Handler                         0x08000d6d   Thumb Code     2  stm32f1xx_it.o(.text.BusFault_Handler)
    Control                                  0x08000d71   Thumb Code   388  pid_user.o(.text.Control)
    DebugMon_Handler                         0x08000ef5   Thumb Code     2  stm32f1xx_it.o(.text.DebugMon_Handler)
    EXTI9_5_IRQHandler                       0x08000ef9   Thumb Code     6  stm32f1xx_it.o(.text.EXTI9_5_IRQHandler)
    Error_Handler                            0x08000f01   Thumb Code    10  main.o(.text.Error_Handler)
    HAL_Delay                                0x08000f0d   Thumb Code    40  stm32f1xx_hal.o(.text.HAL_Delay)
    HAL_GPIO_EXTI_Callback                   0x08000f35   Thumb Code    10  pid_user.o(.text.HAL_GPIO_EXTI_Callback)
    HAL_GPIO_EXTI_IRQHandler                 0x08000f41   Thumb Code    22  stm32f1xx_hal_gpio.o(.text.HAL_GPIO_EXTI_IRQHandler)
    HAL_GPIO_Init                            0x08000f59   Thumb Code   530  stm32f1xx_hal_gpio.o(.text.HAL_GPIO_Init)
    HAL_GPIO_ReadPin                         0x0800116d   Thumb Code    10  stm32f1xx_hal_gpio.o(.text.HAL_GPIO_ReadPin)
    HAL_GPIO_WritePin                        0x08001179   Thumb Code    10  stm32f1xx_hal_gpio.o(.text.HAL_GPIO_WritePin)
    HAL_GetTick                              0x08001185   Thumb Code    12  stm32f1xx_hal.o(.text.HAL_GetTick)
    HAL_I2C_Init                             0x08001191   Thumb Code   374  stm32f1xx_hal_i2c.o(.text.HAL_I2C_Init)
    HAL_I2C_Mem_Write                        0x08001309   Thumb Code   344  stm32f1xx_hal_i2c.o(.text.HAL_I2C_Mem_Write)
    HAL_I2C_MspInit                          0x08001461   Thumb Code   122  i2c.o(.text.HAL_I2C_MspInit)
    HAL_IncTick                              0x080014dd   Thumb Code    26  stm32f1xx_hal.o(.text.HAL_IncTick)
    HAL_Init                                 0x080014f9   Thumb Code    38  stm32f1xx_hal.o(.text.HAL_Init)
    HAL_InitTick                             0x08001521   Thumb Code    72  stm32f1xx_hal.o(.text.HAL_InitTick)
    HAL_MspInit                              0x08001569   Thumb Code    66  stm32f1xx_hal_msp.o(.text.HAL_MspInit)
    HAL_NVIC_EnableIRQ                       0x080015ad   Thumb Code    32  stm32f1xx_hal_cortex.o(.text.HAL_NVIC_EnableIRQ)
    HAL_NVIC_SetPriority                     0x080015cd   Thumb Code    86  stm32f1xx_hal_cortex.o(.text.HAL_NVIC_SetPriority)
    HAL_NVIC_SetPriorityGrouping             0x08001625   Thumb Code    32  stm32f1xx_hal_cortex.o(.text.HAL_NVIC_SetPriorityGrouping)
    HAL_RCC_ClockConfig                      0x08001645   Thumb Code   446  stm32f1xx_hal_rcc.o(.text.HAL_RCC_ClockConfig)
    HAL_RCC_GetPCLK1Freq                     0x08001805   Thumb Code    38  stm32f1xx_hal_rcc.o(.text.HAL_RCC_GetPCLK1Freq)
    HAL_RCC_OscConfig                        0x0800182d   Thumb Code   948  stm32f1xx_hal_rcc.o(.text.HAL_RCC_OscConfig)
    HAL_SYSTICK_Config                       0x08001be1   Thumb Code    44  stm32f1xx_hal_cortex.o(.text.HAL_SYSTICK_Config)
    HAL_TIMEx_BreakCallback                  0x08001c0d   Thumb Code     2  stm32f1xx_hal_tim_ex.o(.text.HAL_TIMEx_BreakCallback)
    HAL_TIMEx_CommutCallback                 0x08001c11   Thumb Code     2  stm32f1xx_hal_tim_ex.o(.text.HAL_TIMEx_CommutCallback)
    HAL_TIMEx_ConfigBreakDeadTime            0x08001c15   Thumb Code    76  stm32f1xx_hal_tim_ex.o(.text.HAL_TIMEx_ConfigBreakDeadTime)
    HAL_TIMEx_MasterConfigSynchronization    0x08001c61   Thumb Code   122  stm32f1xx_hal_tim_ex.o(.text.HAL_TIMEx_MasterConfigSynchronization)
    HAL_TIM_Base_Init                        0x08001cdd   Thumb Code   236  stm32f1xx_hal_tim.o(.text.HAL_TIM_Base_Init)
    HAL_TIM_Base_MspInit                     0x08001dc9   Thumb Code    50  tim.o(.text.HAL_TIM_Base_MspInit)
    HAL_TIM_ConfigClockSource                0x08001dfd   Thumb Code   412  stm32f1xx_hal_tim.o(.text.HAL_TIM_ConfigClockSource)
    HAL_TIM_Encoder_Init                     0x08001f99   Thumb Code   332  stm32f1xx_hal_tim.o(.text.HAL_TIM_Encoder_Init)
    HAL_TIM_Encoder_MspInit                  0x080020e5   Thumb Code   190  tim.o(.text.HAL_TIM_Encoder_MspInit)
    HAL_TIM_Encoder_Start                    0x080021a5   Thumb Code   188  stm32f1xx_hal_tim.o(.text.HAL_TIM_Encoder_Start)
    HAL_TIM_IC_CaptureCallback               0x08002261   Thumb Code     2  stm32f1xx_hal_tim.o(.text.HAL_TIM_IC_CaptureCallback)
    HAL_TIM_IRQHandler                       0x08002265   Thumb Code   368  stm32f1xx_hal_tim.o(.text.HAL_TIM_IRQHandler)
    HAL_TIM_OC_DelayElapsedCallback          0x080023d5   Thumb Code     2  stm32f1xx_hal_tim.o(.text.HAL_TIM_OC_DelayElapsedCallback)
    HAL_TIM_PWM_ConfigChannel                0x080023d9   Thumb Code   516  stm32f1xx_hal_tim.o(.text.HAL_TIM_PWM_ConfigChannel)
    HAL_TIM_PWM_Init                         0x080025dd   Thumb Code   236  stm32f1xx_hal_tim.o(.text.HAL_TIM_PWM_Init)
    HAL_TIM_PWM_MspInit                      0x080026c9   Thumb Code    50  tim.o(.text.HAL_TIM_PWM_MspInit)
    HAL_TIM_PWM_PulseFinishedCallback        0x080026fd   Thumb Code     2  stm32f1xx_hal_tim.o(.text.HAL_TIM_PWM_PulseFinishedCallback)
    HAL_TIM_PWM_Start                        0x08002701   Thumb Code   222  stm32f1xx_hal_tim.o(.text.HAL_TIM_PWM_Start)
    HAL_TIM_PeriodElapsedCallback            0x080027e1   Thumb Code     2  stm32f1xx_hal_tim.o(.text.HAL_TIM_PeriodElapsedCallback)
    HAL_TIM_TriggerCallback                  0x080027e5   Thumb Code     2  stm32f1xx_hal_tim.o(.text.HAL_TIM_TriggerCallback)
    HardFault_Handler                        0x080027e9   Thumb Code     2  stm32f1xx_it.o(.text.HardFault_Handler)
    IIC_GPIO_Init                            0x08002ce9   Thumb Code    92  iic.o(.text.IIC_GPIO_Init)
    IIC_Read_Byte                            0x08002d45   Thumb Code   436  iic.o(.text.IIC_Read_Byte)
    IIC_Send_Byte                            0x08002ef9   Thumb Code   280  iic.o(.text.IIC_Send_Byte)
    IIC_Start                                0x08003011   Thumb Code    54  iic.o(.text.IIC_Start)
    IIC_Stop                                 0x08003049   Thumb Code    44  iic.o(.text.IIC_Stop)
    IIC_Wait_Ack                             0x08003075   Thumb Code    64  iic.o(.text.IIC_Wait_Ack)
    Limit                                    0x080030b5   Thumb Code    64  motor.o(.text.Limit)
    Load                                     0x080030f5   Thumb Code   108  motor.o(.text.Load)
    MPU_Get_Accelerometer                    0x08003161   Thumb Code    66  mpu6050.o(.text.MPU_Get_Accelerometer)
    MPU_Get_Gyroscope                        0x080031a5   Thumb Code    66  mpu6050.o(.text.MPU_Get_Gyroscope)
    MPU_Init                                 0x080031e9   Thumb Code   188  mpu6050.o(.text.MPU_Init)
    MPU_Read_Len                             0x080032a5   Thumb Code   112  mpu6050.o(.text.MPU_Read_Len)
    MPU_Write_Byte                           0x08003315   Thumb Code    68  mpu6050.o(.text.MPU_Write_Byte)
    MPU_Write_Len                            0x08003359   Thumb Code    90  mpu6050.o(.text.MPU_Write_Len)
    MX_GPIO_Init                             0x080033b5   Thumb Code   204  gpio.o(.text.MX_GPIO_Init)
    MX_I2C1_Init                             0x08003481   Thumb Code    66  i2c.o(.text.MX_I2C1_Init)
    MX_TIM1_Init                             0x080034c5   Thumb Code   288  tim.o(.text.MX_TIM1_Init)
    MX_TIM2_Init                             0x080035e5   Thumb Code   114  tim.o(.text.MX_TIM2_Init)
    MX_TIM3_Init                             0x08003659   Thumb Code   114  tim.o(.text.MX_TIM3_Init)
    MX_TIM4_Init                             0x080036cd   Thumb Code   118  tim.o(.text.MX_TIM4_Init)
    MemManage_Handler                        0x08003745   Thumb Code     2  stm32f1xx_it.o(.text.MemManage_Handler)
    NMI_Handler                              0x08003749   Thumb Code     2  stm32f1xx_it.o(.text.NMI_Handler)
    OLED_Clear                               0x0800374d   Thumb Code   172  oled.o(.text.OLED_Clear)
    OLED_Init                                0x080037f9   Thumb Code    16  oled.o(.text.OLED_Init)
    OLED_ShowChar                            0x08003809   Thumb Code   966  oled.o(.text.OLED_ShowChar)
    OLED_ShowString                          0x08003bd1   Thumb Code    64  oled.o(.text.OLED_ShowString)
    PendSV_Handler                           0x08003c11   Thumb Code     2  stm32f1xx_it.o(.text.PendSV_Handler)
    Read_Speed                               0x08003c15   Thumb Code    12  encoder.o(.text.Read_Speed)
    SVC_Handler                              0x08003c21   Thumb Code     2  stm32f1xx_it.o(.text.SVC_Handler)
    SysTick_Handler                          0x08003c25   Thumb Code     4  stm32f1xx_it.o(.text.SysTick_Handler)
    SystemInit                               0x08003c29   Thumb Code     2  system_stm32f1xx.o(.text.SystemInit)
    TIM2_IRQHandler                          0x08003c2d   Thumb Code    12  stm32f1xx_it.o(.text.TIM2_IRQHandler)
    TIM4_IRQHandler                          0x08003c39   Thumb Code    12  stm32f1xx_it.o(.text.TIM4_IRQHandler)
    UsageFault_Handler                       0x08003c45   Thumb Code     2  stm32f1xx_it.o(.text.UsageFault_Handler)
    WriteCmd                                 0x08003c49   Thumb Code   606  oled.o(.text.WriteCmd)
    dmp_enable_feature                       0x08003ea9   Thumb Code   670  inv_mpu_dmp_motion_driver.o(.text.dmp_enable_feature)
    dmp_load_motion_driver_firmware          0x08004149   Thumb Code    22  inv_mpu_dmp_motion_driver.o(.text.dmp_load_motion_driver_firmware)
    dmp_read_fifo                            0x08004161   Thumb Code   484  inv_mpu_dmp_motion_driver.o(.text.dmp_read_fifo)
    dmp_set_accel_bias                       0x08004345   Thumb Code   190  inv_mpu_dmp_motion_driver.o(.text.dmp_set_accel_bias)
    dmp_set_fifo_rate                        0x08004405   Thumb Code   112  inv_mpu_dmp_motion_driver.o(.text.dmp_set_fifo_rate)
    dmp_set_gyro_bias                        0x08004475   Thumb Code   196  inv_mpu_dmp_motion_driver.o(.text.dmp_set_gyro_bias)
    dmp_set_orientation                      0x08004539   Thumb Code   232  inv_mpu_dmp_motion_driver.o(.text.dmp_set_orientation)
    dmp_set_tap_thresh                       0x08004621   Thumb Code   294  inv_mpu_dmp_motion_driver.o(.text.dmp_set_tap_thresh)
    inv_orientation_matrix_to_scalar         0x08004a7d   Thumb Code   220  inv_mpu.o(.text.inv_orientation_matrix_to_scalar)
    main                                     0x08004b59   Thumb Code   320  main.o(.text.main)
    mget_ms                                  0x08004cd5   Thumb Code     2  inv_mpu.o(.text.mget_ms)
    mpu_configure_fifo                       0x08004cd9   Thumb Code   176  inv_mpu.o(.text.mpu_configure_fifo)
    mpu_dmp_get_data                         0x08004d89   Thumb Code   474  inv_mpu.o(.text.mpu_dmp_get_data)
    mpu_dmp_init                             0x08004f65   Thumb Code   242  inv_mpu.o(.text.mpu_dmp_init)
    mpu_get_accel_fsr                        0x08005059   Thumb Code    60  inv_mpu.o(.text.mpu_get_accel_fsr)
    mpu_get_accel_sens                       0x08005095   Thumb Code    52  inv_mpu.o(.text.mpu_get_accel_sens)
    mpu_init                                 0x080050d9   Thumb Code   328  inv_mpu.o(.text.mpu_init)
    mpu_load_firmware                        0x08005221   Thumb Code   322  inv_mpu.o(.text.mpu_load_firmware)
    mpu_lp_accel_mode                        0x08005365   Thumb Code   540  inv_mpu.o(.text.mpu_lp_accel_mode)
    mpu_read_fifo_stream                     0x08005581   Thumb Code   186  inv_mpu.o(.text.mpu_read_fifo_stream)
    mpu_reset_fifo                           0x0800563d   Thumb Code   386  inv_mpu.o(.text.mpu_reset_fifo)
    mpu_run_self_test                        0x080057c1   Thumb Code  2316  inv_mpu.o(.text.mpu_run_self_test)
    mpu_set_accel_fsr                        0x080060ed   Thumb Code   154  inv_mpu.o(.text.mpu_set_accel_fsr)
    mpu_set_bypass                           0x08006189   Thumb Code   238  inv_mpu.o(.text.mpu_set_bypass)
    mpu_set_dmp_state                        0x08006279   Thumb Code   224  inv_mpu.o(.text.mpu_set_dmp_state)
    mpu_set_lpf                              0x08006359   Thumb Code   156  inv_mpu.o(.text.mpu_set_lpf)
    mpu_set_sample_rate                      0x080063f5   Thumb Code   326  inv_mpu.o(.text.mpu_set_sample_rate)
    mpu_set_sensors                          0x0800653d   Thumb Code   234  inv_mpu.o(.text.mpu_set_sensors)
    mpu_write_mem                            0x08006629   Thumb Code   100  inv_mpu.o(.text.mpu_write_mem)
    run_self_test                            0x0800668d   Thumb Code   212  inv_mpu.o(.text.run_self_test)
    _btod_d2e                                0x08006781   Thumb Code    62  btod.o(CL$$btod_d2e)
    _d2e_denorm_low                          0x080067bf   Thumb Code    70  btod.o(CL$$btod_d2e_denorm_low)
    _d2e_norm_op1                            0x08006805   Thumb Code    96  btod.o(CL$$btod_d2e_norm_op1)
    __btod_div_common                        0x08006865   Thumb Code   696  btod.o(CL$$btod_div_common)
    _e2e                                     0x08006b9d   Thumb Code   220  btod.o(CL$$btod_e2e)
    _btod_ediv                               0x08006c79   Thumb Code    42  btod.o(CL$$btod_ediv)
    _btod_emul                               0x08006ca3   Thumb Code    42  btod.o(CL$$btod_emul)
    __btod_mult_common                       0x08006ccd   Thumb Code   580  btod.o(CL$$btod_mult_common)
    __ARM_fpclassify                         0x08006f11   Thumb Code    40  fpclassify.o(i.__ARM_fpclassify)
    __kernel_poly                            0x08006f39   Thumb Code   170  poly.o(i.__kernel_poly)
    __mathlib_dbl_infnan                     0x08006fe3   Thumb Code     6  dunder.o(i.__mathlib_dbl_infnan)
    __mathlib_dbl_infnan2                    0x08006fe9   Thumb Code     4  dunder.o(i.__mathlib_dbl_infnan2)
    __mathlib_dbl_invalid                    0x08006fed   Thumb Code    12  dunder.o(i.__mathlib_dbl_invalid)
    __mathlib_dbl_underflow                  0x08006ff9   Thumb Code    10  dunder.o(i.__mathlib_dbl_underflow)
    _is_digit                                0x08007009   Thumb Code    14  __printf_wp.o(i._is_digit)
    asin                                     0x08007019   Thumb Code   572  asin.o(i.asin)
    atan                                     0x08007289   Thumb Code   474  atan.o(i.atan)
    atan2                                    0x080074a9   Thumb Code   374  atan2.o(i.atan2)
    sqrt                                     0x08007645   Thumb Code    76  sqrt.o(i.sqrt)
    _get_lc_numeric                          0x08007691   Thumb Code    44  lc_numeric_c.o(locale$$code)
    __aeabi_d2f                              0x080076bd   Thumb Code     0  d2f.o(x$fpl$d2f)
    _d2f                                     0x080076bd   Thumb Code    98  d2f.o(x$fpl$d2f)
    __aeabi_dadd                             0x08007721   Thumb Code     0  daddsub_clz.o(x$fpl$dadd)
    _dadd                                    0x08007721   Thumb Code   332  daddsub_clz.o(x$fpl$dadd)
    __fpl_dcheck_NaN1                        0x08007871   Thumb Code    10  dcheck1.o(x$fpl$dcheck1)
    __fpl_dcmp_Inf                           0x08007881   Thumb Code    24  dcmpi.o(x$fpl$dcmpinf)
    __aeabi_ddiv                             0x08007899   Thumb Code     0  ddiv.o(x$fpl$ddiv)
    _ddiv                                    0x08007899   Thumb Code   556  ddiv.o(x$fpl$ddiv)
    __aeabi_cdcmpeq                          0x08007b4d   Thumb Code     0  deqf.o(x$fpl$deqf)
    _dcmpeq                                  0x08007b4d   Thumb Code   120  deqf.o(x$fpl$deqf)
    __aeabi_d2iz                             0x08007bc5   Thumb Code     0  dfix.o(x$fpl$dfix)
    _dfix                                    0x08007bc5   Thumb Code    94  dfix.o(x$fpl$dfix)
    __aeabi_i2d                              0x08007c23   Thumb Code     0  dflt_clz.o(x$fpl$dflt)
    _dflt                                    0x08007c23   Thumb Code    46  dflt_clz.o(x$fpl$dflt)
    __aeabi_dmul                             0x08007c51   Thumb Code     0  dmul.o(x$fpl$dmul)
    _dmul                                    0x08007c51   Thumb Code   332  dmul.o(x$fpl$dmul)
    __fpl_dnaninf                            0x08007da5   Thumb Code   156  dnaninf.o(x$fpl$dnaninf)
    __fpl_dretinf                            0x08007e41   Thumb Code    12  dretinf.o(x$fpl$dretinf)
    __aeabi_drsub                            0x08007e4d   Thumb Code     0  daddsub_clz.o(x$fpl$drsb)
    _drsb                                    0x08007e4d   Thumb Code    22  daddsub_clz.o(x$fpl$drsb)
    _dsqrt                                   0x08007e65   Thumb Code   456  dsqrt_noumaal.o(x$fpl$dsqrt)
    __aeabi_dsub                             0x08008031   Thumb Code     0  daddsub_clz.o(x$fpl$dsub)
    _dsub                                    0x08008031   Thumb Code   472  daddsub_clz.o(x$fpl$dsub)
    __aeabi_f2d                              0x0800820d   Thumb Code     0  f2d.o(x$fpl$f2d)
    _f2d                                     0x0800820d   Thumb Code    86  f2d.o(x$fpl$f2d)
    __aeabi_fadd                             0x08008265   Thumb Code     0  faddsub_clz.o(x$fpl$fadd)
    _fadd                                    0x08008265   Thumb Code   196  faddsub_clz.o(x$fpl$fadd)
    __aeabi_fcmpeq                           0x08008329   Thumb Code     0  fcmp.o(x$fpl$fcmp)
    _feq                                     0x08008329   Thumb Code    14  fcmp.o(x$fpl$fcmp)
    _fneq                                    0x08008337   Thumb Code    14  fcmp.o(x$fpl$fcmp)
    __aeabi_fcmpgt                           0x08008345   Thumb Code     0  fcmp.o(x$fpl$fcmp)
    _fgr                                     0x08008345   Thumb Code    14  fcmp.o(x$fpl$fcmp)
    __aeabi_fcmpge                           0x08008353   Thumb Code     0  fcmp.o(x$fpl$fcmp)
    _fgeq                                    0x08008353   Thumb Code    14  fcmp.o(x$fpl$fcmp)
    __aeabi_fcmple                           0x08008361   Thumb Code     0  fcmp.o(x$fpl$fcmp)
    _fleq                                    0x08008361   Thumb Code    14  fcmp.o(x$fpl$fcmp)
    __aeabi_fcmplt                           0x0800836f   Thumb Code     0  fcmp.o(x$fpl$fcmp)
    _fls                                     0x0800836f   Thumb Code    14  fcmp.o(x$fpl$fcmp)
    __fpl_fcmp_Inf                           0x0800837d   Thumb Code    24  fcmpi.o(x$fpl$fcmpinf)
    __aeabi_fdiv                             0x08008395   Thumb Code     0  fdiv.o(x$fpl$fdiv)
    _fdiv                                    0x08008395   Thumb Code   384  fdiv.o(x$fpl$fdiv)
    __aeabi_cfcmpeq                          0x08008519   Thumb Code     0  feqf.o(x$fpl$feqf)
    _fcmpeq                                  0x08008519   Thumb Code   104  feqf.o(x$fpl$feqf)
    __aeabi_f2iz                             0x08008581   Thumb Code     0  ffix.o(x$fpl$ffix)
    _ffix                                    0x08008581   Thumb Code    54  ffix.o(x$fpl$ffix)
    __aeabi_i2f                              0x080085b9   Thumb Code     0  fflt_clz.o(x$fpl$fflt)
    _fflt                                    0x080085b9   Thumb Code    48  fflt_clz.o(x$fpl$fflt)
    __aeabi_ui2f                             0x080085e9   Thumb Code     0  fflt_clz.o(x$fpl$ffltu)
    _ffltu                                   0x080085e9   Thumb Code    38  fflt_clz.o(x$fpl$ffltu)
    _fcmpge                                  0x08008611   Thumb Code   104  fgeqf.o(x$fpl$fgeqf)
    __aeabi_cfcmple                          0x08008679   Thumb Code     0  fleqf.o(x$fpl$fleqf)
    _fcmple                                  0x08008679   Thumb Code   104  fleqf.o(x$fpl$fleqf)
    __fpl_fcmple_InfNaN                      0x080086cb   Thumb Code     0  fleqf.o(x$fpl$fleqf)
    __aeabi_fmul                             0x080086e1   Thumb Code     0  fmul.o(x$fpl$fmul)
    _fmul                                    0x080086e1   Thumb Code   258  fmul.o(x$fpl$fmul)
    __fpl_fnaninf                            0x080087e3   Thumb Code   140  fnaninf.o(x$fpl$fnaninf)
    __fpl_fretinf                            0x0800886f   Thumb Code    10  fretinf.o(x$fpl$fretinf)
    __aeabi_fsub                             0x08008879   Thumb Code     0  faddsub_clz.o(x$fpl$fsub)
    _fsub                                    0x08008879   Thumb Code   234  faddsub_clz.o(x$fpl$fsub)
    _printf_fp_dec                           0x08008963   Thumb Code     4  printf1.o(x$fpl$printf1)
    __fpl_return_NaN                         0x08008967   Thumb Code   100  retnan.o(x$fpl$retnan)
    __ARM_scalbn                             0x080089cb   Thumb Code    92  scalbn.o(x$fpl$scalbn)
    __fpl_cmpreturn                          0x08008a27   Thumb Code    48  trapv.o(x$fpl$trapveneer)
    __I$use$fp                               0x08008a56   Number         0  usenofp.o(x$fpl$usenofp)
    __mathlib_zero                           0x08008b40   Data           8  qnan.o(.constdata)
    AHBPrescTable                            0x08008be2   Data          16  system_stm32f1xx.o(.rodata.AHBPrescTable)
    APBPrescTable                            0x08008bf2   Data           8  system_stm32f1xx.o(.rodata.APBPrescTable)
    F6x8                                     0x08008bfa   Data         552  oled.o(.rodata.F6x8)
    F8X16                                    0x08008e22   Data        1504  oled.o(.rodata.F8X16)
    hw                                       0x0800a00a   Data          12  inv_mpu.o(.rodata.hw)
    reg                                      0x0800a016   Data          27  inv_mpu.o(.rodata.reg)
    test                                     0x0800a034   Data          40  inv_mpu.o(.rodata.test)
    Region$$Table$$Base                      0x0800a05c   Number         0  anon$$obj.o(Region$$Table)
    Region$$Table$$Limit                     0x0800a07c   Number         0  anon$$obj.o(Region$$Table)
    uwTickFreq                               0x20000000   Data           1  stm32f1xx_hal.o(.data..L_MergedGlobals)
    uwTickPrio                               0x20000004   Data           4  stm32f1xx_hal.o(.data..L_MergedGlobals)
    Med_Angle                                0x20000008   Data           4  pid_user.o(.data..L_MergedGlobals)
    Vertical_Kp                              0x2000000c   Data           4  pid_user.o(.data..L_MergedGlobals)
    CMD_Data                                 0x20000048   Data          27  oled.o(.data.CMD_Data)
    SystemCoreClock                          0x20000064   Data           4  system_stm32f1xx.o(.data.SystemCoreClock)
    __libspace_start                         0x20000068   Data          96  libspace.o(.bss)
    __temporary_stack_top$libspace           0x200000c8   Data           0  libspace.o(.bss)
    stop                                     0x200000d8   Data           1  pid_user.o(.bss..L_MergedGlobals.1)
    gyrox                                    0x200000da   Data           2  pid_user.o(.bss..L_MergedGlobals.1)
    gyroy                                    0x200000dc   Data           2  pid_user.o(.bss..L_MergedGlobals.1)
    gyroz                                    0x200000de   Data           2  pid_user.o(.bss..L_MergedGlobals.1)
    aacx                                     0x200000e0   Data           2  pid_user.o(.bss..L_MergedGlobals.1)
    aacy                                     0x200000e2   Data           2  pid_user.o(.bss..L_MergedGlobals.1)
    aacz                                     0x200000e4   Data           2  pid_user.o(.bss..L_MergedGlobals.1)
    Vertical_Kd                              0x200000e8   Data           4  pid_user.o(.bss..L_MergedGlobals.1)
    Velocity_Kp                              0x200000ec   Data           4  pid_user.o(.bss..L_MergedGlobals.1)
    Velocity_Ki                              0x200000f0   Data           4  pid_user.o(.bss..L_MergedGlobals.1)
    Encoder_Left                             0x200000fc   Data           4  pid_user.o(.bss..L_MergedGlobals.1)
    Encoder_Right                            0x20000100   Data           4  pid_user.o(.bss..L_MergedGlobals.1)
    pitch                                    0x20000104   Data           4  pid_user.o(.bss..L_MergedGlobals.1)
    roll                                     0x20000108   Data           4  pid_user.o(.bss..L_MergedGlobals.1)
    yaw                                      0x2000010c   Data           4  pid_user.o(.bss..L_MergedGlobals.1)
    Target_Speed                             0x20000110   Data           4  pid_user.o(.bss..L_MergedGlobals.1)
    Velocity_out                             0x20000114   Data           4  pid_user.o(.bss..L_MergedGlobals.1)
    Vertical_out                             0x20000118   Data           4  pid_user.o(.bss..L_MergedGlobals.1)
    Turn_out                                 0x2000011c   Data           4  pid_user.o(.bss..L_MergedGlobals.1)
    MOTO1                                    0x20000120   Data           4  pid_user.o(.bss..L_MergedGlobals.1)
    MOTO2                                    0x20000124   Data           4  pid_user.o(.bss..L_MergedGlobals.1)
    display_buf                              0x20000128   Data          80  main.o(.bss.display_buf)
    hi2c1                                    0x20000180   Data          84  i2c.o(.bss.hi2c1)
    htim1                                    0x200001d4   Data          72  tim.o(.bss.htim1)
    htim2                                    0x2000021c   Data          72  tim.o(.bss.htim2)
    htim3                                    0x20000264   Data          72  tim.o(.bss.htim3)
    htim4                                    0x200002ac   Data          72  tim.o(.bss.htim4)
    uwTick                                   0x200002f4   Data           4  stm32f1xx_hal.o(.bss.uwTick)



==============================================================================

Memory Map of the image

  Image Entry point : 0x080000ed

  Load Region LR_IROM1 (Base: 0x08000000, Size: 0x0000a100, Max: 0x00010000, ABSOLUTE)

    Execution Region ER_IROM1 (Exec base: 0x08000000, Load base: 0x08000000, Size: 0x0000a098, Max: 0x00010000, ABSOLUTE)

    Exec Addr    Load Addr    Size         Type   Attr      Idx    E Section Name        Object

    0x08000000   0x08000000   0x000000ec   Data   RO            3    RESET               startup_stm32f103xb.o
    0x080000ec   0x080000ec   0x00000008   Code   RO         1308  * !!!main             c_w.l(__main.o)
    0x080000f4   0x080000f4   0x00000034   Code   RO         1672    !!!scatter          c_w.l(__scatter.o)
    0x08000128   0x08000128   0x0000001a   Code   RO         1674    !!handler_copy      c_w.l(__scatter_copy.o)
    0x08000142   0x08000142   0x00000002   PAD
    0x08000144   0x08000144   0x0000001c   Code   RO         1676    !!handler_zi        c_w.l(__scatter_zi.o)
    0x08000160   0x08000160   0x00000000   Code   RO         1303    .ARM.Collect$$_printf_percent$$00000000  c_w.l(_printf_percent.o)
    0x08000160   0x08000160   0x00000006   Code   RO         1302    .ARM.Collect$$_printf_percent$$00000003  c_w.l(_printf_f.o)
    0x08000166   0x08000166   0x00000006   Code   RO         1301    .ARM.Collect$$_printf_percent$$00000009  c_w.l(_printf_d.o)
    0x0800016c   0x0800016c   0x00000004   Code   RO         1390    .ARM.Collect$$_printf_percent$$00000017  c_w.l(_printf_percent_end.o)
    0x08000170   0x08000170   0x00000002   Code   RO         1531    .ARM.Collect$$libinit$$00000000  c_w.l(libinit.o)
    0x08000172   0x08000172   0x00000000   Code   RO         1533    .ARM.Collect$$libinit$$00000002  c_w.l(libinit2.o)
    0x08000172   0x08000172   0x00000000   Code   RO         1535    .ARM.Collect$$libinit$$00000004  c_w.l(libinit2.o)
    0x08000172   0x08000172   0x00000000   Code   RO         1537    .ARM.Collect$$libinit$$00000006  c_w.l(libinit2.o)
    0x08000172   0x08000172   0x00000000   Code   RO         1540    .ARM.Collect$$libinit$$0000000C  c_w.l(libinit2.o)
    0x08000172   0x08000172   0x00000000   Code   RO         1542    .ARM.Collect$$libinit$$0000000E  c_w.l(libinit2.o)
    0x08000172   0x08000172   0x00000000   Code   RO         1544    .ARM.Collect$$libinit$$00000010  c_w.l(libinit2.o)
    0x08000172   0x08000172   0x00000006   Code   RO         1545    .ARM.Collect$$libinit$$00000011  c_w.l(libinit2.o)
    0x08000178   0x08000178   0x00000000   Code   RO         1547    .ARM.Collect$$libinit$$00000013  c_w.l(libinit2.o)
    0x08000178   0x08000178   0x00000000   Code   RO         1549    .ARM.Collect$$libinit$$00000015  c_w.l(libinit2.o)
    0x08000178   0x08000178   0x00000000   Code   RO         1551    .ARM.Collect$$libinit$$00000017  c_w.l(libinit2.o)
    0x08000178   0x08000178   0x0000000a   Code   RO         1552    .ARM.Collect$$libinit$$00000018  c_w.l(libinit2.o)
    0x08000182   0x08000182   0x00000000   Code   RO         1553    .ARM.Collect$$libinit$$00000019  c_w.l(libinit2.o)
    0x08000182   0x08000182   0x00000000   Code   RO         1555    .ARM.Collect$$libinit$$0000001B  c_w.l(libinit2.o)
    0x08000182   0x08000182   0x00000000   Code   RO         1557    .ARM.Collect$$libinit$$0000001D  c_w.l(libinit2.o)
    0x08000182   0x08000182   0x00000000   Code   RO         1559    .ARM.Collect$$libinit$$0000001F  c_w.l(libinit2.o)
    0x08000182   0x08000182   0x00000000   Code   RO         1561    .ARM.Collect$$libinit$$00000021  c_w.l(libinit2.o)
    0x08000182   0x08000182   0x00000000   Code   RO         1563    .ARM.Collect$$libinit$$00000023  c_w.l(libinit2.o)
    0x08000182   0x08000182   0x00000000   Code   RO         1565    .ARM.Collect$$libinit$$00000025  c_w.l(libinit2.o)
    0x08000182   0x08000182   0x00000000   Code   RO         1567    .ARM.Collect$$libinit$$00000027  c_w.l(libinit2.o)
    0x08000182   0x08000182   0x00000000   Code   RO         1571    .ARM.Collect$$libinit$$0000002E  c_w.l(libinit2.o)
    0x08000182   0x08000182   0x00000000   Code   RO         1573    .ARM.Collect$$libinit$$00000030  c_w.l(libinit2.o)
    0x08000182   0x08000182   0x00000000   Code   RO         1575    .ARM.Collect$$libinit$$00000032  c_w.l(libinit2.o)
    0x08000182   0x08000182   0x00000000   Code   RO         1577    .ARM.Collect$$libinit$$00000034  c_w.l(libinit2.o)
    0x08000182   0x08000182   0x00000002   Code   RO         1578    .ARM.Collect$$libinit$$00000035  c_w.l(libinit2.o)
    0x08000184   0x08000184   0x00000002   Code   RO         1637    .ARM.Collect$$libshutdown$$00000000  c_w.l(libshutdown.o)
    0x08000186   0x08000186   0x00000000   Code   RO         1655    .ARM.Collect$$libshutdown$$00000002  c_w.l(libshutdown2.o)
    0x08000186   0x08000186   0x00000000   Code   RO         1657    .ARM.Collect$$libshutdown$$00000004  c_w.l(libshutdown2.o)
    0x08000186   0x08000186   0x00000000   Code   RO         1660    .ARM.Collect$$libshutdown$$00000007  c_w.l(libshutdown2.o)
    0x08000186   0x08000186   0x00000000   Code   RO         1663    .ARM.Collect$$libshutdown$$0000000A  c_w.l(libshutdown2.o)
    0x08000186   0x08000186   0x00000000   Code   RO         1665    .ARM.Collect$$libshutdown$$0000000C  c_w.l(libshutdown2.o)
    0x08000186   0x08000186   0x00000000   Code   RO         1668    .ARM.Collect$$libshutdown$$0000000F  c_w.l(libshutdown2.o)
    0x08000186   0x08000186   0x00000002   Code   RO         1669    .ARM.Collect$$libshutdown$$00000010  c_w.l(libshutdown2.o)
    0x08000188   0x08000188   0x00000000   Code   RO         1371    .ARM.Collect$$rtentry$$00000000  c_w.l(__rtentry.o)
    0x08000188   0x08000188   0x00000000   Code   RO         1439    .ARM.Collect$$rtentry$$00000002  c_w.l(__rtentry2.o)
    0x08000188   0x08000188   0x00000006   Code   RO         1451    .ARM.Collect$$rtentry$$00000004  c_w.l(__rtentry4.o)
    0x0800018e   0x0800018e   0x00000000   Code   RO         1441    .ARM.Collect$$rtentry$$00000009  c_w.l(__rtentry2.o)
    0x0800018e   0x0800018e   0x00000004   Code   RO         1442    .ARM.Collect$$rtentry$$0000000A  c_w.l(__rtentry2.o)
    0x08000192   0x08000192   0x00000000   Code   RO         1444    .ARM.Collect$$rtentry$$0000000C  c_w.l(__rtentry2.o)
    0x08000192   0x08000192   0x00000008   Code   RO         1445    .ARM.Collect$$rtentry$$0000000D  c_w.l(__rtentry2.o)
    0x0800019a   0x0800019a   0x00000002   Code   RO         1581    .ARM.Collect$$rtexit$$00000000  c_w.l(rtexit.o)
    0x0800019c   0x0800019c   0x00000000   Code   RO         1602    .ARM.Collect$$rtexit$$00000002  c_w.l(rtexit2.o)
    0x0800019c   0x0800019c   0x00000004   Code   RO         1603    .ARM.Collect$$rtexit$$00000003  c_w.l(rtexit2.o)
    0x080001a0   0x080001a0   0x00000006   Code   RO         1604    .ARM.Collect$$rtexit$$00000004  c_w.l(rtexit2.o)
    0x080001a6   0x080001a6   0x00000002   PAD
    0x080001a8   0x080001a8   0x00000040   Code   RO            4    .text               startup_stm32f103xb.o
    0x080001e8   0x080001e8   0x00000074   Code   RO         1271    .text               c_w.l(llsdiv.o)
    0x0800025c   0x0800025c   0x00000028   Code   RO         1275    .text               c_w.l(noretval__2sprintf.o)
    0x08000284   0x08000284   0x00000078   Code   RO         1279    .text               c_w.l(_printf_dec.o)
    0x080002fc   0x080002fc   0x0000010e   Code   RO         1289    .text               c_w.l(__printf_wp.o)
    0x0800040a   0x0800040a   0x00000058   Code   RO         1304    .text               c_w.l(memcmp.o)
    0x08000462   0x08000462   0x00000006   Code   RO         1306    .text               c_w.l(heapauxi.o)
    0x08000468   0x08000468   0x000000f0   Code   RO         1376    .text               c_w.l(lludivv7m.o)
    0x08000558   0x08000558   0x00000016   Code   RO         1378    .text               c_w.l(_rserrno.o)
    0x0800056e   0x0800056e   0x000000b2   Code   RO         1380    .text               c_w.l(_printf_intcommon.o)
    0x08000620   0x08000620   0x0000041c   Code   RO         1382    .text               c_w.l(_printf_fp_dec.o)
    0x08000a3c   0x08000a3c   0x00000030   Code   RO         1386    .text               c_w.l(_printf_char_common.o)
    0x08000a6c   0x08000a6c   0x0000000a   Code   RO         1388    .text               c_w.l(_sputc.o)
    0x08000a76   0x08000a76   0x00000002   PAD
    0x08000a78   0x08000a78   0x00000008   Code   RO         1458    .text               c_w.l(rt_locale_intlibspace.o)
    0x08000a80   0x08000a80   0x00000008   Code   RO         1463    .text               c_w.l(rt_errno_addr_intlibspace.o)
    0x08000a88   0x08000a88   0x0000008a   Code   RO         1465    .text               c_w.l(lludiv10.o)
    0x08000b12   0x08000b12   0x00000002   PAD
    0x08000b14   0x08000b14   0x00000080   Code   RO         1467    .text               c_w.l(_printf_fp_infnan.o)
    0x08000b94   0x08000b94   0x000000e4   Code   RO         1471    .text               c_w.l(bigflt0.o)
    0x08000c78   0x08000c78   0x00000008   Code   RO         1511    .text               c_w.l(libspace.o)
    0x08000c80   0x08000c80   0x0000004a   Code   RO         1514    .text               c_w.l(sys_stackheap_outer.o)
    0x08000cca   0x08000cca   0x00000012   Code   RO         1518    .text               c_w.l(exit.o)
    0x08000cdc   0x08000cdc   0x00000080   Code   RO         1524    .text               c_w.l(strcmpv7m.o)
    0x08000d5c   0x08000d5c   0x0000000c   Code   RO         1597    .text               c_w.l(sys_exit.o)
    0x08000d68   0x08000d68   0x00000002   Code   RO         1624    .text               c_w.l(use_no_semi.o)
    0x08000d6a   0x08000d6a   0x00000000   Code   RO         1626    .text               c_w.l(indicate_semi.o)
    0x08000d6a   0x08000d6a   0x00000002   PAD
    0x08000d6c   0x08000d6c   0x00000002   Code   RO           91    .text.BusFault_Handler  stm32f1xx_it.o
    0x08000d6e   0x08000d6e   0x00000002   PAD
    0x08000d70   0x08000d70   0x00000184   Code   RO          991    .text.Control       pid_user.o
    0x08000ef4   0x08000ef4   0x00000002   Code   RO           97    .text.DebugMon_Handler  stm32f1xx_it.o
    0x08000ef6   0x08000ef6   0x00000002   PAD
    0x08000ef8   0x08000ef8   0x00000006   Code   RO          103    .text.EXTI9_5_IRQHandler  stm32f1xx_it.o
    0x08000efe   0x08000efe   0x00000002   PAD
    0x08000f00   0x08000f00   0x0000000a   Code   RO           15    .text.Error_Handler  main.o
    0x08000f0a   0x08000f0a   0x00000002   PAD
    0x08000f0c   0x08000f0c   0x00000028   Code   RO          297    .text.HAL_Delay     stm32f1xx_hal.o
    0x08000f34   0x08000f34   0x0000000a   Code   RO          993    .text.HAL_GPIO_EXTI_Callback  pid_user.o
    0x08000f3e   0x08000f3e   0x00000002   PAD
    0x08000f40   0x08000f40   0x00000016   Code   RO          401    .text.HAL_GPIO_EXTI_IRQHandler  stm32f1xx_hal_gpio.o
    0x08000f56   0x08000f56   0x00000002   PAD
    0x08000f58   0x08000f58   0x00000212   Code   RO          389    .text.HAL_GPIO_Init  stm32f1xx_hal_gpio.o
    0x0800116a   0x0800116a   0x00000002   PAD
    0x0800116c   0x0800116c   0x0000000a   Code   RO          393    .text.HAL_GPIO_ReadPin  stm32f1xx_hal_gpio.o
    0x08001176   0x08001176   0x00000002   PAD
    0x08001178   0x08001178   0x0000000a   Code   RO          395    .text.HAL_GPIO_WritePin  stm32f1xx_hal_gpio.o
    0x08001182   0x08001182   0x00000002   PAD
    0x08001184   0x08001184   0x0000000c   Code   RO          289    .text.HAL_GetTick   stm32f1xx_hal.o
    0x08001190   0x08001190   0x00000176   Code   RO          139    .text.HAL_I2C_Init  stm32f1xx_hal_i2c.o
    0x08001306   0x08001306   0x00000002   PAD
    0x08001308   0x08001308   0x00000158   Code   RO          183    .text.HAL_I2C_Mem_Write  stm32f1xx_hal_i2c.o
    0x08001460   0x08001460   0x0000007a   Code   RO           38    .text.HAL_I2C_MspInit  i2c.o
    0x080014da   0x080014da   0x00000002   PAD
    0x080014dc   0x080014dc   0x0000001a   Code   RO          287    .text.HAL_IncTick   stm32f1xx_hal.o
    0x080014f6   0x080014f6   0x00000002   PAD
    0x080014f8   0x080014f8   0x00000026   Code   RO          277    .text.HAL_Init      stm32f1xx_hal.o
    0x0800151e   0x0800151e   0x00000002   PAD
    0x08001520   0x08001520   0x00000048   Code   RO          279    .text.HAL_InitTick  stm32f1xx_hal.o
    0x08001568   0x08001568   0x00000042   Code   RO          116    .text.HAL_MspInit   stm32f1xx_hal_msp.o
    0x080015aa   0x080015aa   0x00000002   PAD
    0x080015ac   0x080015ac   0x00000020   Code   RO          449    .text.HAL_NVIC_EnableIRQ  stm32f1xx_hal_cortex.o
    0x080015cc   0x080015cc   0x00000056   Code   RO          447    .text.HAL_NVIC_SetPriority  stm32f1xx_hal_cortex.o
    0x08001622   0x08001622   0x00000002   PAD
    0x08001624   0x08001624   0x00000020   Code   RO          445    .text.HAL_NVIC_SetPriorityGrouping  stm32f1xx_hal_cortex.o
    0x08001644   0x08001644   0x000001be   Code   RO          341    .text.HAL_RCC_ClockConfig  stm32f1xx_hal_rcc.o
    0x08001802   0x08001802   0x00000002   PAD
    0x08001804   0x08001804   0x00000026   Code   RO          353    .text.HAL_RCC_GetPCLK1Freq  stm32f1xx_hal_rcc.o
    0x0800182a   0x0800182a   0x00000002   PAD
    0x0800182c   0x0800182c   0x000003b4   Code   RO          339    .text.HAL_RCC_OscConfig  stm32f1xx_hal_rcc.o
    0x08001be0   0x08001be0   0x0000002c   Code   RO          457    .text.HAL_SYSTICK_Config  stm32f1xx_hal_cortex.o
    0x08001c0c   0x08001c0c   0x00000002   Code   RO          915    .text.HAL_TIMEx_BreakCallback  stm32f1xx_hal_tim_ex.o
    0x08001c0e   0x08001c0e   0x00000002   PAD
    0x08001c10   0x08001c10   0x00000002   Code   RO          911    .text.HAL_TIMEx_CommutCallback  stm32f1xx_hal_tim_ex.o
    0x08001c12   0x08001c12   0x00000002   PAD
    0x08001c14   0x08001c14   0x0000004c   Code   RO          907    .text.HAL_TIMEx_ConfigBreakDeadTime  stm32f1xx_hal_tim_ex.o
    0x08001c60   0x08001c60   0x0000007a   Code   RO          905    .text.HAL_TIMEx_MasterConfigSynchronization  stm32f1xx_hal_tim_ex.o
    0x08001cda   0x08001cda   0x00000002   PAD
    0x08001cdc   0x08001cdc   0x000000ec   Code   RO          610    .text.HAL_TIM_Base_Init  stm32f1xx_hal_tim.o
    0x08001dc8   0x08001dc8   0x00000032   Code   RO           65    .text.HAL_TIM_Base_MspInit  tim.o
    0x08001dfa   0x08001dfa   0x00000002   PAD
    0x08001dfc   0x08001dfc   0x0000019c   Code   RO          790    .text.HAL_TIM_ConfigClockSource  stm32f1xx_hal_tim.o
    0x08001f98   0x08001f98   0x0000014c   Code   RO          724    .text.HAL_TIM_Encoder_Init  stm32f1xx_hal_tim.o
    0x080020e4   0x080020e4   0x000000be   Code   RO           63    .text.HAL_TIM_Encoder_MspInit  tim.o
    0x080021a2   0x080021a2   0x00000002   PAD
    0x080021a4   0x080021a4   0x000000bc   Code   RO          732    .text.HAL_TIM_Encoder_Start  stm32f1xx_hal_tim.o
    0x08002260   0x08002260   0x00000002   Code   RO          746    .text.HAL_TIM_IC_CaptureCallback  stm32f1xx_hal_tim.o
    0x08002262   0x08002262   0x00000002   PAD
    0x08002264   0x08002264   0x00000170   Code   RO          744    .text.HAL_TIM_IRQHandler  stm32f1xx_hal_tim.o
    0x080023d4   0x080023d4   0x00000002   Code   RO          748    .text.HAL_TIM_OC_DelayElapsedCallback  stm32f1xx_hal_tim.o
    0x080023d6   0x080023d6   0x00000002   PAD
    0x080023d8   0x080023d8   0x00000204   Code   RO          764    .text.HAL_TIM_PWM_ConfigChannel  stm32f1xx_hal_tim.o
    0x080025dc   0x080025dc   0x000000ec   Code   RO          664    .text.HAL_TIM_PWM_Init  stm32f1xx_hal_tim.o
    0x080026c8   0x080026c8   0x00000032   Code   RO           61    .text.HAL_TIM_PWM_MspInit  tim.o
    0x080026fa   0x080026fa   0x00000002   PAD
    0x080026fc   0x080026fc   0x00000002   Code   RO          750    .text.HAL_TIM_PWM_PulseFinishedCallback  stm32f1xx_hal_tim.o
    0x080026fe   0x080026fe   0x00000002   PAD
    0x08002700   0x08002700   0x000000de   Code   RO          672    .text.HAL_TIM_PWM_Start  stm32f1xx_hal_tim.o
    0x080027de   0x080027de   0x00000002   PAD
    0x080027e0   0x080027e0   0x00000002   Code   RO          752    .text.HAL_TIM_PeriodElapsedCallback  stm32f1xx_hal_tim.o
    0x080027e2   0x080027e2   0x00000002   PAD
    0x080027e4   0x080027e4   0x00000002   Code   RO          754    .text.HAL_TIM_TriggerCallback  stm32f1xx_hal_tim.o
    0x080027e6   0x080027e6   0x00000002   PAD
    0x080027e8   0x080027e8   0x00000002   Code   RO           87    .text.HardFault_Handler  stm32f1xx_it.o
    0x080027ea   0x080027ea   0x00000002   PAD
    0x080027ec   0x080027ec   0x000000c8   Code   RO          185    .text.I2C_RequestMemoryWrite  stm32f1xx_hal_i2c.o
    0x080028b4   0x080028b4   0x000000be   Code   RO          153    .text.I2C_WaitOnBTFFlagUntilTimeout  stm32f1xx_hal_i2c.o
    0x08002972   0x08002972   0x00000002   PAD
    0x08002974   0x08002974   0x000001d2   Code   RO          149    .text.I2C_WaitOnFlagUntilTimeout  stm32f1xx_hal_i2c.o
    0x08002b46   0x08002b46   0x00000002   PAD
    0x08002b48   0x08002b48   0x000000e0   Code   RO          267    .text.I2C_WaitOnMasterAddressFlagUntilTimeout  stm32f1xx_hal_i2c.o
    0x08002c28   0x08002c28   0x000000be   Code   RO          151    .text.I2C_WaitOnTXEFlagUntilTimeout  stm32f1xx_hal_i2c.o
    0x08002ce6   0x08002ce6   0x00000002   PAD
    0x08002ce8   0x08002ce8   0x0000005c   Code   RO         1076    .text.IIC_GPIO_Init  iic.o
    0x08002d44   0x08002d44   0x000001b4   Code   RO         1068    .text.IIC_Read_Byte  iic.o
    0x08002ef8   0x08002ef8   0x00000118   Code   RO         1066    .text.IIC_Send_Byte  iic.o
    0x08003010   0x08003010   0x00000036   Code   RO         1062    .text.IIC_Start     iic.o
    0x08003046   0x08003046   0x00000002   PAD
    0x08003048   0x08003048   0x0000002c   Code   RO         1064    .text.IIC_Stop      iic.o
    0x08003074   0x08003074   0x00000040   Code   RO         1074    .text.IIC_Wait_Ack  iic.o
    0x080030b4   0x080030b4   0x00000040   Code   RO         1052    .text.Limit         motor.o
    0x080030f4   0x080030f4   0x0000006c   Code   RO         1050    .text.Load          motor.o
    0x08003160   0x08003160   0x00000042   Code   RO          964    .text.MPU_Get_Accelerometer  mpu6050.o
    0x080031a2   0x080031a2   0x00000002   PAD
    0x080031a4   0x080031a4   0x00000042   Code   RO          962    .text.MPU_Get_Gyroscope  mpu6050.o
    0x080031e6   0x080031e6   0x00000002   PAD
    0x080031e8   0x080031e8   0x000000bc   Code   RO          944    .text.MPU_Init      mpu6050.o
    0x080032a4   0x080032a4   0x00000070   Code   RO          960    .text.MPU_Read_Len  mpu6050.o
    0x08003314   0x08003314   0x00000044   Code   RO          946    .text.MPU_Write_Byte  mpu6050.o
    0x08003358   0x08003358   0x0000005a   Code   RO          966    .text.MPU_Write_Len  mpu6050.o
    0x080033b2   0x080033b2   0x00000002   PAD
    0x080033b4   0x080033b4   0x000000cc   Code   RO           27    .text.MX_GPIO_Init  gpio.o
    0x08003480   0x08003480   0x00000042   Code   RO           36    .text.MX_I2C1_Init  i2c.o
    0x080034c2   0x080034c2   0x00000002   PAD
    0x080034c4   0x080034c4   0x00000120   Code   RO           51    .text.MX_TIM1_Init  tim.o
    0x080035e4   0x080035e4   0x00000072   Code   RO           55    .text.MX_TIM2_Init  tim.o
    0x08003656   0x08003656   0x00000002   PAD
    0x08003658   0x08003658   0x00000072   Code   RO           57    .text.MX_TIM3_Init  tim.o
    0x080036ca   0x080036ca   0x00000002   PAD
    0x080036cc   0x080036cc   0x00000076   Code   RO           59    .text.MX_TIM4_Init  tim.o
    0x08003742   0x08003742   0x00000002   PAD
    0x08003744   0x08003744   0x00000002   Code   RO           89    .text.MemManage_Handler  stm32f1xx_it.o
    0x08003746   0x08003746   0x00000002   PAD
    0x08003748   0x08003748   0x00000002   Code   RO           85    .text.NMI_Handler   stm32f1xx_it.o
    0x0800374a   0x0800374a   0x00000002   PAD
    0x0800374c   0x0800374c   0x000000ac   Code   RO         1016    .text.OLED_Clear    oled.o
    0x080037f8   0x080037f8   0x00000010   Code   RO         1014    .text.OLED_Init     oled.o
    0x08003808   0x08003808   0x000003c6   Code   RO         1030    .text.OLED_ShowChar  oled.o
    0x08003bce   0x08003bce   0x00000002   PAD
    0x08003bd0   0x08003bd0   0x00000040   Code   RO         1032    .text.OLED_ShowString  oled.o
    0x08003c10   0x08003c10   0x00000002   Code   RO           99    .text.PendSV_Handler  stm32f1xx_it.o
    0x08003c12   0x08003c12   0x00000002   PAD
    0x08003c14   0x08003c14   0x0000000c   Code   RO          976    .text.Read_Speed    encoder.o
    0x08003c20   0x08003c20   0x00000002   Code   RO           95    .text.SVC_Handler   stm32f1xx_it.o
    0x08003c22   0x08003c22   0x00000002   PAD
    0x08003c24   0x08003c24   0x00000004   Code   RO          101    .text.SysTick_Handler  stm32f1xx_it.o
    0x08003c28   0x08003c28   0x00000002   Code   RO          929    .text.SystemInit    system_stm32f1xx.o
    0x08003c2a   0x08003c2a   0x00000002   PAD
    0x08003c2c   0x08003c2c   0x0000000c   Code   RO          105    .text.TIM2_IRQHandler  stm32f1xx_it.o
    0x08003c38   0x08003c38   0x0000000c   Code   RO          107    .text.TIM4_IRQHandler  stm32f1xx_it.o
    0x08003c44   0x08003c44   0x00000002   Code   RO           93    .text.UsageFault_Handler  stm32f1xx_it.o
    0x08003c46   0x08003c46   0x00000002   PAD
    0x08003c48   0x08003c48   0x0000025e   Code   RO         1008    .text.WriteCmd      oled.o
    0x08003ea6   0x08003ea6   0x00000002   PAD
    0x08003ea8   0x08003ea8   0x0000029e   Code   RO         1234    .text.dmp_enable_feature  inv_mpu_dmp_motion_driver.o
    0x08004146   0x08004146   0x00000002   PAD
    0x08004148   0x08004148   0x00000016   Code   RO         1198    .text.dmp_load_motion_driver_firmware  inv_mpu_dmp_motion_driver.o
    0x0800415e   0x0800415e   0x00000002   PAD
    0x08004160   0x08004160   0x000001e4   Code   RO         1246    .text.dmp_read_fifo  inv_mpu_dmp_motion_driver.o
    0x08004344   0x08004344   0x000000be   Code   RO         1204    .text.dmp_set_accel_bias  inv_mpu_dmp_motion_driver.o
    0x08004402   0x08004402   0x00000002   PAD
    0x08004404   0x08004404   0x00000070   Code   RO         1206    .text.dmp_set_fifo_rate  inv_mpu_dmp_motion_driver.o
    0x08004474   0x08004474   0x000000c4   Code   RO         1202    .text.dmp_set_gyro_bias  inv_mpu_dmp_motion_driver.o
    0x08004538   0x08004538   0x000000e8   Code   RO         1200    .text.dmp_set_orientation  inv_mpu_dmp_motion_driver.o
    0x08004620   0x08004620   0x00000126   Code   RO         1210    .text.dmp_set_tap_thresh  inv_mpu_dmp_motion_driver.o
    0x08004746   0x08004746   0x00000002   PAD
    0x08004748   0x08004748   0x00000334   Code   RO         1156    .text.get_st_biases  inv_mpu.o
    0x08004a7c   0x08004a7c   0x000000dc   Code   RO         1176    .text.inv_orientation_matrix_to_scalar  inv_mpu.o
    0x08004b58   0x08004b58   0x0000017c   Code   RO           11    .text.main          main.o
    0x08004cd4   0x08004cd4   0x00000002   Code   RO         1114    .text.mget_ms       inv_mpu.o
    0x08004cd6   0x08004cd6   0x00000002   PAD
    0x08004cd8   0x08004cd8   0x000000b0   Code   RO         1102    .text.mpu_configure_fifo  inv_mpu.o
    0x08004d88   0x08004d88   0x000001da   Code   RO         1182    .text.mpu_dmp_get_data  inv_mpu.o
    0x08004f62   0x08004f62   0x00000002   PAD
    0x08004f64   0x08004f64   0x000000f2   Code   RO         1180    .text.mpu_dmp_init  inv_mpu.o
    0x08005056   0x08005056   0x00000002   PAD
    0x08005058   0x08005058   0x0000003c   Code   RO         1126    .text.mpu_get_accel_fsr  inv_mpu.o
    0x08005094   0x08005094   0x00000044   Code   RO         1138    .text.mpu_get_accel_sens  inv_mpu.o
    0x080050d8   0x080050d8   0x00000148   Code   RO         1092    .text.mpu_init      inv_mpu.o
    0x08005220   0x08005220   0x00000142   Code   RO         1162    .text.mpu_load_firmware  inv_mpu.o
    0x08005362   0x08005362   0x00000002   PAD
    0x08005364   0x08005364   0x0000021c   Code   RO         1108    .text.mpu_lp_accel_mode  inv_mpu.o
    0x08005580   0x08005580   0x000000ba   Code   RO         1148    .text.mpu_read_fifo_stream  inv_mpu.o
    0x0800563a   0x0800563a   0x00000002   PAD
    0x0800563c   0x0800563c   0x00000182   Code   RO         1122    .text.mpu_reset_fifo  inv_mpu.o
    0x080057be   0x080057be   0x00000002   PAD
    0x080057c0   0x080057c0   0x0000092c   Code   RO         1152    .text.mpu_run_self_test  inv_mpu.o
    0x080060ec   0x080060ec   0x0000009a   Code   RO         1096    .text.mpu_set_accel_fsr  inv_mpu.o
    0x08006186   0x08006186   0x00000002   PAD
    0x08006188   0x08006188   0x000000ee   Code   RO         1104    .text.mpu_set_bypass  inv_mpu.o
    0x08006276   0x08006276   0x00000002   PAD
    0x08006278   0x08006278   0x000000e0   Code   RO         1154    .text.mpu_set_dmp_state  inv_mpu.o
    0x08006358   0x08006358   0x0000009c   Code   RO         1098    .text.mpu_set_lpf   inv_mpu.o
    0x080063f4   0x080063f4   0x00000146   Code   RO         1100    .text.mpu_set_sample_rate  inv_mpu.o
    0x0800653a   0x0800653a   0x00000002   PAD
    0x0800653c   0x0800653c   0x000000ea   Code   RO         1106    .text.mpu_set_sensors  inv_mpu.o
    0x08006626   0x08006626   0x00000002   PAD
    0x08006628   0x08006628   0x00000064   Code   RO         1158    .text.mpu_write_mem  inv_mpu.o
    0x0800668c   0x0800668c   0x000000f4   Code   RO         1174    .text.run_self_test  inv_mpu.o
    0x08006780   0x08006780   0x0000003e   Code   RO         1474    CL$$btod_d2e        c_w.l(btod.o)
    0x080067be   0x080067be   0x00000046   Code   RO         1476    CL$$btod_d2e_denorm_low  c_w.l(btod.o)
    0x08006804   0x08006804   0x00000060   Code   RO         1475    CL$$btod_d2e_norm_op1  c_w.l(btod.o)
    0x08006864   0x08006864   0x00000338   Code   RO         1484    CL$$btod_div_common  c_w.l(btod.o)
    0x08006b9c   0x08006b9c   0x000000dc   Code   RO         1481    CL$$btod_e2e        c_w.l(btod.o)
    0x08006c78   0x08006c78   0x0000002a   Code   RO         1478    CL$$btod_ediv       c_w.l(btod.o)
    0x08006ca2   0x08006ca2   0x0000002a   Code   RO         1477    CL$$btod_emul       c_w.l(btod.o)
    0x08006ccc   0x08006ccc   0x00000244   Code   RO         1483    CL$$btod_mult_common  c_w.l(btod.o)
    0x08006f10   0x08006f10   0x00000028   Code   RO         1429    i.__ARM_fpclassify  m_ws.l(fpclassify.o)
    0x08006f38   0x08006f38   0x000000aa   Code   RO         1431    i.__kernel_poly     m_ws.l(poly.o)
    0x08006fe2   0x08006fe2   0x00000006   Code   RO         1416    i.__mathlib_dbl_infnan  m_ws.l(dunder.o)
    0x08006fe8   0x08006fe8   0x00000004   Code   RO         1417    i.__mathlib_dbl_infnan2  m_ws.l(dunder.o)
    0x08006fec   0x08006fec   0x0000000c   Code   RO         1418    i.__mathlib_dbl_invalid  m_ws.l(dunder.o)
    0x08006ff8   0x08006ff8   0x00000010   Code   RO         1421    i.__mathlib_dbl_underflow  m_ws.l(dunder.o)
    0x08007008   0x08007008   0x0000000e   Code   RO         1291    i._is_digit         c_w.l(__printf_wp.o)
    0x08007016   0x08007016   0x00000002   PAD
    0x08007018   0x08007018   0x00000270   Code   RO         1363    i.asin              m_ws.l(asin.o)
    0x08007288   0x08007288   0x00000220   Code   RO         1411    i.atan              m_ws.l(atan.o)
    0x080074a8   0x080074a8   0x0000019c   Code   RO         1368    i.atan2             m_ws.l(atan2.o)
    0x08007644   0x08007644   0x0000004c   Code   RO         1435    i.sqrt              m_ws.l(sqrt.o)
    0x08007690   0x08007690   0x0000002c   Code   RO         1499    locale$$code        c_w.l(lc_numeric_c.o)
    0x080076bc   0x080076bc   0x00000062   Code   RO         1310    x$fpl$d2f           fz_ws.l(d2f.o)
    0x0800771e   0x0800771e   0x00000002   PAD
    0x08007720   0x08007720   0x00000150   Code   RO         1312    x$fpl$dadd          fz_ws.l(daddsub_clz.o)
    0x08007870   0x08007870   0x00000010   Code   RO         1501    x$fpl$dcheck1       fz_ws.l(dcheck1.o)
    0x08007880   0x08007880   0x00000018   Code   RO         1503    x$fpl$dcmpinf       fz_ws.l(dcmpi.o)
    0x08007898   0x08007898   0x000002b4   Code   RO         1319    x$fpl$ddiv          fz_ws.l(ddiv.o)
    0x08007b4c   0x08007b4c   0x00000078   Code   RO         1391    x$fpl$deqf          fz_ws.l(deqf.o)
    0x08007bc4   0x08007bc4   0x0000005e   Code   RO         1322    x$fpl$dfix          fz_ws.l(dfix.o)
    0x08007c22   0x08007c22   0x0000002e   Code   RO         1327    x$fpl$dflt          fz_ws.l(dflt_clz.o)
    0x08007c50   0x08007c50   0x00000154   Code   RO         1332    x$fpl$dmul          fz_ws.l(dmul.o)
    0x08007da4   0x08007da4   0x0000009c   Code   RO         1393    x$fpl$dnaninf       fz_ws.l(dnaninf.o)
    0x08007e40   0x08007e40   0x0000000c   Code   RO         1395    x$fpl$dretinf       fz_ws.l(dretinf.o)
    0x08007e4c   0x08007e4c   0x00000016   Code   RO         1313    x$fpl$drsb          fz_ws.l(daddsub_clz.o)
    0x08007e62   0x08007e62   0x00000002   PAD
    0x08007e64   0x08007e64   0x000001cc   Code   RO         1505    x$fpl$dsqrt         fz_ws.l(dsqrt_noumaal.o)
    0x08008030   0x08008030   0x000001dc   Code   RO         1314    x$fpl$dsub          fz_ws.l(daddsub_clz.o)
    0x0800820c   0x0800820c   0x00000056   Code   RO         1334    x$fpl$f2d           fz_ws.l(f2d.o)
    0x08008262   0x08008262   0x00000002   PAD
    0x08008264   0x08008264   0x000000c4   Code   RO         1336    x$fpl$fadd          fz_ws.l(faddsub_clz.o)
    0x08008328   0x08008328   0x00000054   Code   RO         1342    x$fpl$fcmp          fz_ws.l(fcmp.o)
    0x0800837c   0x0800837c   0x00000018   Code   RO         1507    x$fpl$fcmpinf       fz_ws.l(fcmpi.o)
    0x08008394   0x08008394   0x00000184   Code   RO         1345    x$fpl$fdiv          fz_ws.l(fdiv.o)
    0x08008518   0x08008518   0x00000068   Code   RO         1397    x$fpl$feqf          fz_ws.l(feqf.o)
    0x08008580   0x08008580   0x00000036   Code   RO         1348    x$fpl$ffix          fz_ws.l(ffix.o)
    0x080085b6   0x080085b6   0x00000002   PAD
    0x080085b8   0x080085b8   0x00000030   Code   RO         1353    x$fpl$fflt          fz_ws.l(fflt_clz.o)
    0x080085e8   0x080085e8   0x00000026   Code   RO         1352    x$fpl$ffltu         fz_ws.l(fflt_clz.o)
    0x0800860e   0x0800860e   0x00000002   PAD
    0x08008610   0x08008610   0x00000068   Code   RO         1399    x$fpl$fgeqf         fz_ws.l(fgeqf.o)
    0x08008678   0x08008678   0x00000068   Code   RO         1401    x$fpl$fleqf         fz_ws.l(fleqf.o)
    0x080086e0   0x080086e0   0x00000102   Code   RO         1358    x$fpl$fmul          fz_ws.l(fmul.o)
    0x080087e2   0x080087e2   0x0000008c   Code   RO         1403    x$fpl$fnaninf       fz_ws.l(fnaninf.o)
    0x0800886e   0x0800886e   0x0000000a   Code   RO         1405    x$fpl$fretinf       fz_ws.l(fretinf.o)
    0x08008878   0x08008878   0x000000ea   Code   RO         1338    x$fpl$fsub          fz_ws.l(faddsub_clz.o)
    0x08008962   0x08008962   0x00000004   Code   RO         1360    x$fpl$printf1       fz_ws.l(printf1.o)
    0x08008966   0x08008966   0x00000064   Code   RO         1579    x$fpl$retnan        fz_ws.l(retnan.o)
    0x080089ca   0x080089ca   0x0000005c   Code   RO         1407    x$fpl$scalbn        fz_ws.l(scalbn.o)
    0x08008a26   0x08008a26   0x00000030   Code   RO         1595    x$fpl$trapveneer    fz_ws.l(trapv.o)
    0x08008a56   0x08008a56   0x00000000   Code   RO         1409    x$fpl$usenofp       fz_ws.l(usenofp.o)
    0x08008a56   0x08008a56   0x00000002   PAD
    0x08008a58   0x08008a58   0x00000050   Data   RO         1364    .constdata          m_ws.l(asin.o)
    0x08008aa8   0x08008aa8   0x00000098   Data   RO         1412    .constdata          m_ws.l(atan.o)
    0x08008b40   0x08008b40   0x00000008   Data   RO         1433    .constdata          m_ws.l(qnan.o)
    0x08008b48   0x08008b48   0x00000094   Data   RO         1472    .constdata          c_w.l(bigflt0.o)
    0x08008bdc   0x08008bdc   0x00000003   Data   RO         1254    .rodata..L__const.dmp_set_orientation.accel_axes  inv_mpu_dmp_motion_driver.o
    0x08008bdf   0x08008bdf   0x00000003   Data   RO         1253    .rodata..L__const.dmp_set_orientation.gyro_axes  inv_mpu_dmp_motion_driver.o
    0x08008be2   0x08008be2   0x00000010   Data   RO          934    .rodata.AHBPrescTable  system_stm32f1xx.o
    0x08008bf2   0x08008bf2   0x00000008   Data   RO          935    .rodata.APBPrescTable  system_stm32f1xx.o
    0x08008bfa   0x08008bfa   0x00000228   Data   RO         1036    .rodata.F6x8        oled.o
    0x08008e22   0x08008e22   0x000005e0   Data   RO         1037    .rodata.F8X16       oled.o
    0x08009402   0x08009402   0x00000002   Data   RO          366    .rodata.HAL_RCC_GetSysClockFreq.aPredivFactorTable  stm32f1xx_hal_rcc.o
    0x08009404   0x08009404   0x00000010   Data   RO          365    .rodata.cst16       stm32f1xx_hal_rcc.o
    0x08009414   0x08009414   0x00000bf6   Data   RO         1252    .rodata.dmp_memory  inv_mpu_dmp_motion_driver.o
    0x0800a00a   0x0800a00a   0x0000000c   Data   RO         1185    .rodata.hw          inv_mpu.o
    0x0800a016   0x0800a016   0x0000001b   Data   RO         1184    .rodata.reg         inv_mpu.o
    0x0800a031   0x0800a031   0x00000003   PAD
    0x0800a034   0x0800a034   0x00000028   Data   RO         1186    .rodata.test        inv_mpu.o
    0x0800a05c   0x0800a05c   0x00000020   Data   RO         1671    Region$$Table       anon$$obj.o
    0x0800a07c   0x0800a07c   0x0000001c   Data   RO         1498    locale$$data        c_w.l(lc_numeric_c.o)


    Execution Region RW_IRAM1 (Exec base: 0x20000000, Load base: 0x0800a098, Size: 0x000008f8, Max: 0x00005000, ABSOLUTE)

    Exec Addr    Load Addr    Size         Type   Attr      Idx    E Section Name        Object

    0x20000000   0x0800a098   0x00000008   Data   RW          328    .data..L_MergedGlobals  stm32f1xx_hal.o
    0x20000008   0x0800a0a0   0x00000008   Data   RW          998    .data..L_MergedGlobals  pid_user.o
    0x20000010   0x0800a0a8   0x00000038   Data   RW         1189    .data..L_MergedGlobals  inv_mpu.o
    0x20000048   0x0800a0e0   0x0000001b   Data   RW         1039    .data.CMD_Data      oled.o
    0x20000063   0x0800a0fb   0x00000001   PAD
    0x20000064   0x0800a0fc   0x00000004   Data   RW          933    .data.SystemCoreClock  system_stm32f1xx.o
    0x20000068        -       0x00000060   Zero   RW         1512    .bss                c_w.l(libspace.o)
    0x200000c8        -       0x00000010   Zero   RW         1261    .bss..L_MergedGlobals  inv_mpu_dmp_motion_driver.o
    0x200000d8        -       0x00000050   Zero   RW          999    .bss..L_MergedGlobals.1  pid_user.o
    0x20000128        -       0x00000050   Zero   RW           17    .bss.display_buf    main.o
    0x20000178        -       0x00000002   Zero   RW         1255    .bss.dmp.2          inv_mpu_dmp_motion_driver.o
    0x2000017a   0x0800a100   0x00000002   PAD
    0x2000017c        -       0x00000002   Zero   RW         1256    .bss.dmp.4          inv_mpu_dmp_motion_driver.o
    0x2000017e   0x0800a100   0x00000002   PAD
    0x20000180        -       0x00000054   Zero   RW           42    .bss.hi2c1          i2c.o
    0x200001d4        -       0x00000048   Zero   RW           73    .bss.htim1          tim.o
    0x2000021c        -       0x00000048   Zero   RW           74    .bss.htim2          tim.o
    0x20000264        -       0x00000048   Zero   RW           75    .bss.htim3          tim.o
    0x200002ac        -       0x00000048   Zero   RW           76    .bss.htim4          tim.o
    0x200002f4        -       0x00000004   Zero   RW          327    .bss.uwTick         stm32f1xx_hal.o
    0x200002f8        -       0x00000200   Zero   RW            2    HEAP                startup_stm32f103xb.o
    0x200004f8        -       0x00000400   Zero   RW            1    STACK               startup_stm32f103xb.o


==============================================================================

Image component sizes


      Code (inc. data)   RO Data    RW Data    ZI Data      Debug   Object Name

        12          0          0          0          0       3548   encoder.o
       204          0          0          0          0       1617   gpio.o
       188          0          0          0         84       4735   i2c.o
       970          0          0          0          0       3877   iic.o
      7848        100         79         56          0      32548   inv_mpu.o
      2200          8       3068          0         20      10812   inv_mpu_dmp_motion_driver.o
       390         60          0          0         80       3991   main.o
       172          0          0          0          0       1671   motor.o
       590          0          0          0          0       5052   mpu6050.o
      1824          0       2056         27          0      11352   oled.o
       398          0          0          8         80       4302   pid_user.o
        64         26        236          0       1536        796   startup_stm32f103xb.o
       188          0          0          8          4       5754   stm32f1xx_hal.o
       194          0          0          0          0       8480   stm32f1xx_hal_cortex.o
       572         22          0          0          0       4621   stm32f1xx_hal_gpio.o
      1988          0          0          0          0      42490   stm32f1xx_hal_i2c.o
        66          0          0          0          0       1208   stm32f1xx_hal_msp.o
      1432          0         18          0          0       7663   stm32f1xx_hal_rcc.o
      2520          6          0          0          0      55147   stm32f1xx_hal_tim.o
       202          0          0          0          0      20738   stm32f1xx_hal_tim_ex.o
        50          0          0          0          0       4581   stm32f1xx_it.o
         2          0         24          4          0       1634   system_stm32f1xx.o
       924          0          0          0        288       8964   tim.o

    ----------------------------------------------------------------------
     23124        222       5516        104       2096     245581   Object Totals
         0          0         32          0          0          0   (incl. Generated)
       126          0          3          1          4          0   (incl. Padding)

    ----------------------------------------------------------------------

      Code (inc. data)   RO Data    RW Data    ZI Data      Debug   Library Member Name

         8          0          0          0          0         68   __main.o
       284          0          0          0          0        156   __printf_wp.o
         0          0          0          0          0          0   __rtentry.o
        12          0          0          0          0          0   __rtentry2.o
         6          0          0          0          0          0   __rtentry4.o
        52          8          0          0          0          0   __scatter.o
        26          0          0          0          0          0   __scatter_copy.o
        28          0          0          0          0          0   __scatter_zi.o
        48          6          0          0          0         96   _printf_char_common.o
         6          0          0          0          0          0   _printf_d.o
       120         16          0          0          0         92   _printf_dec.o
         6          0          0          0          0          0   _printf_f.o
      1052          0          0          0          0        148   _printf_fp_dec.o
       128         16          0          0          0         84   _printf_fp_infnan.o
       178          0          0          0          0         88   _printf_intcommon.o
         0          0          0          0          0          0   _printf_percent.o
         4          0          0          0          0          0   _printf_percent_end.o
        22          0          0          0          0        100   _rserrno.o
        10          0          0          0          0         68   _sputc.o
       228          4        148          0          0         96   bigflt0.o
      1936        128          0          0          0        668   btod.o
        18          0          0          0          0         80   exit.o
         6          0          0          0          0        152   heapauxi.o
         0          0          0          0          0          0   indicate_semi.o
        44         10         28          0          0         76   lc_numeric_c.o
         2          0          0          0          0          0   libinit.o
        18          0          0          0          0          0   libinit2.o
         2          0          0          0          0          0   libshutdown.o
         2          0          0          0          0          0   libshutdown2.o
         8          4          0          0         96         68   libspace.o
       116          0          0          0          0         84   llsdiv.o
       138          0          0          0          0         80   lludiv10.o
       240          0          0          0          0        100   lludivv7m.o
        88          0          0          0          0         76   memcmp.o
        40          6          0          0          0         84   noretval__2sprintf.o
         8          4          0          0          0         68   rt_errno_addr_intlibspace.o
         8          4          0          0          0         68   rt_locale_intlibspace.o
         2          0          0          0          0          0   rtexit.o
        10          0          0          0          0          0   rtexit2.o
       128          0          0          0          0         68   strcmpv7m.o
        12          4          0          0          0         68   sys_exit.o
        74          0          0          0          0         80   sys_stackheap_outer.o
         2          0          0          0          0         68   use_no_semi.o
        98          4          0          0          0         92   d2f.o
       834         16          0          0          0        372   daddsub_clz.o
        16          4          0          0          0         68   dcheck1.o
        24          0          0          0          0         68   dcmpi.o
       692        140          0          0          0        216   ddiv.o
       120          4          0          0          0         92   deqf.o
        94          4          0          0          0         92   dfix.o
        46          0          0          0          0         68   dflt_clz.o
       340         12          0          0          0        104   dmul.o
       156          4          0          0          0         92   dnaninf.o
        12          0          0          0          0         68   dretinf.o
       460         56          0          0          0        120   dsqrt_noumaal.o
        86          4          0          0          0         84   f2d.o
       430          8          0          0          0        168   faddsub_clz.o
        84          0          0          0          0        196   fcmp.o
        24          0          0          0          0         68   fcmpi.o
       388         76          0          0          0         96   fdiv.o
       104          4          0          0          0         84   feqf.o
        54          4          0          0          0         84   ffix.o
        86          0          0          0          0        136   fflt_clz.o
       104          4          0          0          0         84   fgeqf.o
       104          4          0          0          0         84   fleqf.o
       258          4          0          0          0         84   fmul.o
       140          4          0          0          0         84   fnaninf.o
        10          0          0          0          0         68   fretinf.o
         4          0          0          0          0         68   printf1.o
       100          0          0          0          0         68   retnan.o
        92          0          0          0          0         68   scalbn.o
        48          0          0          0          0         68   trapv.o
         0          0          0          0          0          0   usenofp.o
       624         52         80          0          0        168   asin.o
       544         70        152          0          0        124   atan.o
       412         38          0          0          0        144   atan2.o
        38          6          0          0          0        272   dunder.o
        40          0          0          0          0         68   fpclassify.o
       170          0          0          0          0         96   poly.o
         0          0          8          0          0          0   qnan.o
        76          0          0          0          0         84   sqrt.o

    ----------------------------------------------------------------------
     12056        732        416          0         96       6884   Library Totals
        24          0          0          0          0          0   (incl. Padding)

    ----------------------------------------------------------------------

      Code (inc. data)   RO Data    RW Data    ZI Data      Debug   Library Name

      5120        210        176          0         96       2884   c_w.l
      5008        356          0          0          0       3044   fz_ws.l
      1904        166        240          0          0        956   m_ws.l

    ----------------------------------------------------------------------
     12056        732        416          0         96       6884   Library Totals

    ----------------------------------------------------------------------

==============================================================================


      Code (inc. data)   RO Data    RW Data    ZI Data      Debug   

     35180        954       5932        104       2192     248297   Grand Totals
     35180        954       5932        104       2192     248297   ELF Image Totals
     35180        954       5932        104          0          0   ROM Totals

==============================================================================

    Total RO  Size (Code + RO Data)                41112 (  40.15kB)
    Total RW  Size (RW Data + ZI Data)              2296 (   2.24kB)
    Total ROM Size (Code + RO Data + RW Data)      41216 (  40.25kB)

==============================================================================

