<html>
<body>
<pre>
<h1>礦ision Build Log</h1>
<h2>Tool Versions:</h2>
IDE-Version: μVision V5.37.0.0
Copyright (C) 2022 ARM Ltd and ARM Germany GmbH. All rights reserved.
License Information: 1 Lihao, 1, LIC=GMZI6-DYHKB-63MMB-2LZU6-30TQJ-JCN6Q
 
Tool Versions:
Toolchain:       MDK-ARM Plus  Version: 5.37.0.0
Toolchain Path:  E:\STM32\keil5\keil_v5\ARM\ARMCLANG\Bin
C Compiler:      ArmClang.exe V6.18
Assembler:       Armasm.exe V6.18
Linker/Locator:  ArmLink.exe V6.18
Library Manager: ArmAr.exe V6.18
Hex Converter:   FromElf.exe V6.18
CPU DLL:         SARMCM3.DLL V5.37.0.0
Dialog DLL:      DCM.DLL V1.17.5.0
Target DLL:      STLink\ST-LINKIII-KEIL_SWO.dll V3.0.9.0
Dialog DLL:      TCM.DLL V1.56.1.0
 
<h2>Project:</h2>
E:\STM32\task\STM32_task\Balanced_trolley\MDK-ARM\Balanced_trolley.uvprojx
Project File Date:  07/28/2024

<h2>Output:</h2>
*** Using Compiler 'V6.18', folder: 'E:\STM32\keil5\keil_v5\ARM\ARMCLANG\Bin'
Rebuild target 'Balanced_trolley'
compiling gpio.c...
../Core/Src/main.c(120): warning: passing 'char[12]' to parameter of type 'uint8_t *' (aka 'unsigned char *') converts between pointers to integer types where one is of the unique plain 'char' type and the other is not [-Wpointer-sign]
        OLED_ShowString(0,00,"Init Sucess",16);
                             ^~~~~~~~~~~~~
../bsp/boards/Inc\oled.h(31): note: passing argument to parameter 'chr' here
void OLED_ShowString(uint8_t x,uint8_t y,uint8_t *chr,uint8_t Char_Size);//<CF><D4>示<D7>址<FB>
                                                  ^
../Core/Src/main.c(136): warning: incompatible pointer types passing 'uint32_t[20]' (aka 'unsigned int[20]') to parameter of type 'uint8_t *' (aka 'unsigned char *') [-Wincompatible-pointer-types]
                OLED_ShowString(0,0,display_buf,16);
                                    ^~~~~~~~~~~
../bsp/boards/Inc\oled.h(31): note: passing argument to parameter 'chr' here
void OLED_ShowString(uint8_t x,uint8_t y,uint8_t *chr,uint8_t Char_Size);//<CF><D4>示<D7>址<FB>
                                                  ^
../Core/Src/main.c(138): warning: incompatible pointer types passing 'uint32_t[20]' (aka 'unsigned int[20]') to parameter of type 'uint8_t *' (aka 'unsigned char *') [-Wincompatible-pointer-types]
                OLED_ShowString(0,2,display_buf,16);            
                                    ^~~~~~~~~~~
../bsp/boards/Inc\oled.h(31): note: passing argument to parameter 'chr' here
void OLED_ShowString(uint8_t x,uint8_t y,uint8_t *chr,uint8_t Char_Size);//<CF><D4>示<D7>址<FB>
                                                  ^
../Core/Src/main.c(140): warning: incompatible pointer types passing 'uint32_t[20]' (aka 'unsigned int[20]') to parameter of type 'uint8_t *' (aka 'unsigned char *') [-Wincompatible-pointer-types]
                OLED_ShowString(0,4,display_buf,16);
                                    ^~~~~~~~~~~
../bsp/boards/Inc\oled.h(31): note: passing argument to parameter 'chr' here
void OLED_ShowString(uint8_t x,uint8_t y,uint8_t *chr,uint8_t Char_Size);//<CF><D4>示<D7>址<FB>
                                                  ^
../Core/Src/main.c(143): warning: incompatible pointer types passing 'uint32_t[20]' (aka 'unsigned int[20]') to parameter of type 'uint8_t *' (aka 'unsigned char *') [-Wincompatible-pointer-types]
                OLED_ShowString(0,6,display_buf,12);
                                    ^~~~~~~~~~~
../bsp/boards/Inc\oled.h(31): note: passing argument to parameter 'chr' here
void OLED_ShowString(uint8_t x,uint8_t y,uint8_t *chr,uint8_t Char_Size);//<CF><D4>示<D7>址<FB>
                                                  ^
5 warnings generated.
compiling main.c...
assembling startup_stm32f103xb.s...
compiling stm32f1xx_hal_gpio.c...
compiling stm32f1xx_hal_gpio_ex.c...
compiling stm32f1xx_hal_msp.c...
compiling dma.c...
compiling i2c.c...
compiling usart.c...
compiling stm32f1xx_it.c...
compiling stm32f1xx_hal_rcc_ex.c...
compiling tim.c...
compiling stm32f1xx_hal.c...
compiling stm32f1xx_hal_rcc.c...
compiling stm32f1xx_hal_dma.c...
compiling stm32f1xx_hal_pwr.c...
compiling stm32f1xx_hal_cortex.c...
compiling stm32f1xx_hal_flash.c...
compiling stm32f1xx_hal_exti.c...
compiling system_stm32f1xx.c...
compiling stm32f1xx_hal_flash_ex.c...
compiling encoder.c...
compiling mpu6050.c...
compiling pid_user.c...
../applications/Src/sr04.c(53): warning: implicit declaration of function 'Control' is invalid in C99 [-Wimplicit-function-declaration]
                Control();
                ^
1 warning generated.
compiling sr04.c...
compiling stm32f1xx_hal_tim_ex.c...
compiling motor.c...
compiling oled.c...
compiling IIC.c...
compiling stm32f1xx_hal_i2c.c...
compiling stm32f1xx_hal_uart.c...
compiling inv_mpu_dmp_motion_driver.c...
compiling stm32f1xx_hal_tim.c...
compiling inv_mpu.c...
linking...
Program Size: Code=35228 RO-data=5756 RW-data=128 ZI-data=1800  
FromELF: creating hex file...
"Balanced_trolley\Balanced_trolley.axf" - 0 Error(s), 6 Warning(s).

<h2>Software Packages used:</h2>

Package Vendor: ARM
                http://www.keil.com/pack/ARM.CMSIS.5.9.0.pack
                ARM.CMSIS.5.9.0
                CMSIS (Common Microcontroller Software Interface Standard)
   * Component: CORE Version: 5.6.0

Package Vendor: Keil
                http://www.keil.com/pack/Keil.STM32F1xx_DFP.2.4.0.pack
                Keil.STM32F1xx_DFP.2.4.0
                STMicroelectronics STM32F1 Series Device Support, Drivers and Examples

<h2>Collection of Component include folders:</h2>
  ./RTE/_Balanced_trolley
  E:/STM32/keil5/Packs/ARM/CMSIS/5.9.0/CMSIS/Core/Include
  E:/STM32/keil5/Packs/Keil/STM32F1xx_DFP/2.4.0/Device/Include

<h2>Collection of Component Files used:</h2>

   * Component: ARM::CMSIS:CORE:5.6.0
      Include file:  CMSIS/Core/Include/tz_context.h
Build Time Elapsed:  00:00:02
</pre>
</body>
</html>
