Component: Arm Compiler for Embedded 6.18 Tool: armlink [5e4cc100]

==============================================================================

Section Cross References

    startup_stm32f103xb.o(STACK) refers (Special) to heapauxi.o(.text) for __use_two_region_memory
    startup_stm32f103xb.o(HEAP) refers (Special) to heapauxi.o(.text) for __use_two_region_memory
    startup_stm32f103xb.o(RESET) refers (Special) to heapauxi.o(.text) for __use_two_region_memory
    startup_stm32f103xb.o(RESET) refers to startup_stm32f103xb.o(STACK) for __initial_sp
    startup_stm32f103xb.o(RESET) refers to startup_stm32f103xb.o(.text) for Reset_Handler
    startup_stm32f103xb.o(RESET) refers to stm32f1xx_it.o(.text.NMI_Handler) for NMI_Handler
    startup_stm32f103xb.o(RESET) refers to stm32f1xx_it.o(.text.HardFault_Handler) for HardFault_Handler
    startup_stm32f103xb.o(RESET) refers to stm32f1xx_it.o(.text.MemManage_Handler) for MemManage_Handler
    startup_stm32f103xb.o(RESET) refers to stm32f1xx_it.o(.text.BusFault_Handler) for BusFault_Handler
    startup_stm32f103xb.o(RESET) refers to stm32f1xx_it.o(.text.UsageFault_Handler) for UsageFault_Handler
    startup_stm32f103xb.o(RESET) refers to stm32f1xx_it.o(.text.SVC_Handler) for SVC_Handler
    startup_stm32f103xb.o(RESET) refers to stm32f1xx_it.o(.text.DebugMon_Handler) for DebugMon_Handler
    startup_stm32f103xb.o(RESET) refers to stm32f1xx_it.o(.text.PendSV_Handler) for PendSV_Handler
    startup_stm32f103xb.o(RESET) refers to stm32f1xx_it.o(.text.SysTick_Handler) for SysTick_Handler
    startup_stm32f103xb.o(RESET) refers to stm32f1xx_it.o(.text.TIM2_IRQHandler) for TIM2_IRQHandler
    startup_stm32f103xb.o(RESET) refers to stm32f1xx_it.o(.text.TIM4_IRQHandler) for TIM4_IRQHandler
    startup_stm32f103xb.o(.text) refers (Special) to heapauxi.o(.text) for __use_two_region_memory
    startup_stm32f103xb.o(.text) refers to system_stm32f1xx.o(.text.SystemInit) for SystemInit
    startup_stm32f103xb.o(.text) refers to __main.o(!!!main) for __main
    startup_stm32f103xb.o(.text) refers to startup_stm32f103xb.o(HEAP) for Heap_Mem
    startup_stm32f103xb.o(.text) refers to startup_stm32f103xb.o(STACK) for Stack_Mem
    startup_main.o(.ARM.exidx.text.startup_main) refers to startup_main.o(.text.startup_main) for [Anonymous Symbol]
    main.o(.text) refers (Special) to _printf_percent.o(.ARM.Collect$$_printf_percent$$00000000) for _printf_percent
    main.o(.text) refers (Special) to _printf_d.o(.ARM.Collect$$_printf_percent$$00000009) for _printf_d
    main.o(.text) refers (Special) to _printf_dec.o(.text) for _printf_int_dec
    main.o(.text.main) refers (Special) to _printf_percent.o(.ARM.Collect$$_printf_percent$$00000000) for _printf_percent
    main.o(.text.main) refers (Special) to _printf_d.o(.ARM.Collect$$_printf_percent$$00000009) for _printf_d
    main.o(.text.main) refers (Special) to _printf_dec.o(.text) for _printf_int_dec
    main.o(.text.main) refers to stm32f1xx_hal.o(.text.HAL_Init) for HAL_Init
    main.o(.text.main) refers to stm32f1xx_hal_rcc.o(.text.HAL_RCC_OscConfig) for HAL_RCC_OscConfig
    main.o(.text.main) refers to stm32f1xx_hal_rcc.o(.text.HAL_RCC_ClockConfig) for HAL_RCC_ClockConfig
    main.o(.text.main) refers to gpio.o(.text.MX_GPIO_Init) for MX_GPIO_Init
    main.o(.text.main) refers to i2c.o(.text.MX_I2C1_Init) for MX_I2C1_Init
    main.o(.text.main) refers to tim.o(.text.MX_TIM1_Init) for MX_TIM1_Init
    main.o(.text.main) refers to tim.o(.text.MX_TIM2_Init) for MX_TIM2_Init
    main.o(.text.main) refers to tim.o(.text.MX_TIM3_Init) for MX_TIM3_Init
    main.o(.text.main) refers to tim.o(.text.MX_TIM4_Init) for MX_TIM4_Init
    main.o(.text.main) refers to oled.o(.text.OLED_Init) for OLED_Init
    main.o(.text.main) refers to oled.o(.text.OLED_Clear) for OLED_Clear
    main.o(.text.main) refers to tim.o(.bss.htim1) for htim1
    main.o(.text.main) refers to stm32f1xx_hal_tim.o(.text.HAL_TIM_PWM_Start) for HAL_TIM_PWM_Start
    main.o(.text.main) refers to motor.o(.text.Load) for Load
    main.o(.text.main) refers to main.o(.bss..L_MergedGlobals) for .L_MergedGlobals
    main.o(.text.main) refers to stm32f1xx_hal.o(.bss.uwTick) for uwTick
    main.o(.text.main) refers to tim.o(.bss.htim2) for htim2
    main.o(.text.main) refers to tim.o(.bss.htim4) for htim4
    main.o(.text.main) refers to noretval__2sprintf.o(.text) for __2sprintf
    main.o(.text.main) refers to oled.o(.text.OLED_ShowString) for OLED_ShowString
    main.o(.text.main) refers to encoder.o(.text.Read_Speed) for Read_Speed
    main.o(.ARM.exidx.text.main) refers (Special) to _printf_percent.o(.ARM.Collect$$_printf_percent$$00000000) for _printf_percent
    main.o(.ARM.exidx.text.main) refers (Special) to _printf_d.o(.ARM.Collect$$_printf_percent$$00000009) for _printf_d
    main.o(.ARM.exidx.text.main) refers (Special) to _printf_dec.o(.text) for _printf_int_dec
    main.o(.ARM.exidx.text.main) refers to main.o(.text.main) for [Anonymous Symbol]
[...]
    Removing inv_mpu.o(.ARM.exidx.text.mpu_get_temperature), (8 bytes).
    Removing inv_mpu.o(.text.mpu_set_accel_bias), (244 bytes).
    Removing inv_mpu.o(.ARM.exidx.text.mpu_set_accel_bias), (8 bytes).
    Removing inv_mpu.o(.text.mpu_reset_fifo), (386 bytes).
    Removing inv_mpu.o(.ARM.exidx.text.mpu_reset_fifo), (8 bytes).
    Removing inv_mpu.o(.text.mpu_get_gyro_fsr), (44 bytes).
    Removing inv_mpu.o(.ARM.exidx.text.mpu_get_gyro_fsr), (8 bytes).
    Removing inv_mpu.o(.text.mpu_get_accel_fsr), (60 bytes).
    Removing inv_mpu.o(.ARM.exidx.text.mpu_get_accel_fsr), (8 bytes).
    Removing inv_mpu.o(.text.mpu_get_lpf), (48 bytes).
    Removing inv_mpu.o(.ARM.exidx.text.mpu_get_lpf), (8 bytes).
    Removing inv_mpu.o(.text.mpu_get_sample_rate), (30 bytes).
    Removing inv_mpu.o(.ARM.exidx.text.mpu_get_sample_rate), (8 bytes).
    Removing inv_mpu.o(.text.mpu_get_compass_sample_rate), (12 bytes).
    Removing inv_mpu.o(.ARM.exidx.text.mpu_get_compass_sample_rate), (8 bytes).
    Removing inv_mpu.o(.text.mpu_set_compass_sample_rate), (6 bytes).
    Removing inv_mpu.o(.ARM.exidx.text.mpu_set_compass_sample_rate), (8 bytes).
    Removing inv_mpu.o(.text.mpu_get_gyro_sens), (78 bytes).
    Removing inv_mpu.o(.ARM.exidx.text.mpu_get_gyro_sens), (8 bytes).
    Removing inv_mpu.o(.text.mpu_get_accel_sens), (68 bytes).
    Removing inv_mpu.o(.ARM.exidx.text.mpu_get_accel_sens), (8 bytes).
    Removing inv_mpu.o(.text.mpu_get_fifo_config), (18 bytes).
    Removing inv_mpu.o(.ARM.exidx.text.mpu_get_fifo_config), (8 bytes).
    Removing inv_mpu.o(.text.mpu_get_power_state), (24 bytes).
    Removing inv_mpu.o(.ARM.exidx.text.mpu_get_power_state), (8 bytes).
    Removing inv_mpu.o(.text.mpu_get_int_status), (64 bytes).
    Removing inv_mpu.o(.ARM.exidx.text.mpu_get_int_status), (8 bytes).
    Removing inv_mpu.o(.text.mpu_read_fifo), (386 bytes).
    Removing inv_mpu.o(.ARM.exidx.text.mpu_read_fifo), (8 bytes).
    Removing inv_mpu.o(.text.mpu_read_fifo_stream), (186 bytes).
    Removing inv_mpu.o(.ARM.exidx.text.mpu_read_fifo_stream), (8 bytes).
    Removing inv_mpu.o(.text.mpu_set_int_level), (18 bytes).
    Removing inv_mpu.o(.ARM.exidx.text.mpu_set_int_level), (8 bytes).
    Removing inv_mpu.o(.text.mpu_run_self_test), (2348 bytes).
    Removing inv_mpu.o(.ARM.exidx.text.mpu_run_self_test), (8 bytes).
    Removing inv_mpu.o(.text.mpu_set_dmp_state), (224 bytes).
    Removing inv_mpu.o(.ARM.exidx.text.mpu_set_dmp_state), (8 bytes).
    Removing inv_mpu.o(.text.get_st_biases), (820 bytes).
    Removing inv_mpu.o(.ARM.exidx.text.get_st_biases), (8 bytes).
    Removing inv_mpu.o(.text.mpu_write_mem), (100 bytes).
    Removing inv_mpu.o(.ARM.exidx.text.mpu_write_mem), (8 bytes).
    Removing inv_mpu.o(.text.mpu_read_mem), (100 bytes).
    Removing inv_mpu.o(.ARM.exidx.text.mpu_read_mem), (8 bytes).
    Removing inv_mpu.o(.text.mpu_load_firmware), (322 bytes).
    Removing inv_mpu.o(.ARM.exidx.text.mpu_load_firmware), (8 bytes).
    Removing inv_mpu.o(.text.mpu_get_dmp_state), (20 bytes).
    Removing inv_mpu.o(.ARM.exidx.text.mpu_get_dmp_state), (8 bytes).
    Removing inv_mpu.o(.text.setup_compass), (6 bytes).
    Removing inv_mpu.o(.ARM.exidx.text.setup_compass), (8 bytes).
    Removing inv_mpu.o(.text.mpu_get_compass_reg), (6 bytes).
    Removing inv_mpu.o(.ARM.exidx.text.mpu_get_compass_reg), (8 bytes).
    Removing inv_mpu.o(.text.mpu_get_compass_fsr), (6 bytes).
    Removing inv_mpu.o(.ARM.exidx.text.mpu_get_compass_fsr), (8 bytes).
    Removing inv_mpu.o(.text.mpu_lp_motion_interrupt), (1076 bytes).
    Removing inv_mpu.o(.ARM.exidx.text.mpu_lp_motion_interrupt), (8 bytes).
    Removing inv_mpu.o(.text.run_self_test), (244 bytes).
    Removing inv_mpu.o(.ARM.exidx.text.run_self_test), (8 bytes).
    Removing inv_mpu.o(.text.inv_orientation_matrix_to_scalar), (220 bytes).
    Removing inv_mpu.o(.ARM.exidx.text.inv_orientation_matrix_to_scalar), (8 bytes).
    Removing inv_mpu.o(.text.inv_row_2_scale), (58 bytes).
    Removing inv_mpu.o(.ARM.exidx.text.inv_row_2_scale), (8 bytes).
    Removing inv_mpu.o(.text.mpu_dmp_init), (242 bytes).
    Removing inv_mpu.o(.ARM.exidx.text.mpu_dmp_init), (8 bytes).
    Removing inv_mpu.o(.text.mpu_dmp_get_data), (474 bytes).
    Removing inv_mpu.o(.ARM.exidx.text.mpu_dmp_get_data), (8 bytes).
    Removing inv_mpu.o(.rodata.reg), (27 bytes).
    Removing inv_mpu.o(.rodata.hw), (12 bytes).
    Removing inv_mpu.o(.rodata.test), (40 bytes).
    Removing inv_mpu.o(.rodata.cst8), (8 bytes).
    Removing inv_mpu.o(.rodata..Lswitch.table.mpu_lp_motion_interrupt.3), (12 bytes).
    Removing inv_mpu.o(.data..L_MergedGlobals), (56 bytes).
    Removing inv_mpu_dmp_motion_driver.o(.text), (0 bytes).
    Removing inv_mpu_dmp_motion_driver.o(.text.dmp_load_motion_driver_firmware), (22 bytes).
    Removing inv_mpu_dmp_motion_driver.o(.ARM.exidx.text.dmp_load_motion_driver_firmware), (8 bytes).
    Removing inv_mpu_dmp_motion_driver.o(.text.dmp_set_orientation), (232 bytes).
    Removing inv_mpu_dmp_motion_driver.o(.ARM.exidx.text.dmp_set_orientation), (8 bytes).
    Removing inv_mpu_dmp_motion_driver.o(.text.dmp_set_gyro_bias), (196 bytes).
    Removing inv_mpu_dmp_motion_driver.o(.ARM.exidx.text.dmp_set_gyro_bias), (8 bytes).
    Removing inv_mpu_dmp_motion_driver.o(.text.dmp_set_accel_bias), (190 bytes).
    Removing inv_mpu_dmp_motion_driver.o(.ARM.exidx.text.dmp_set_accel_bias), (8 bytes).
    Removing inv_mpu_dmp_motion_driver.o(.text.dmp_set_fifo_rate), (112 bytes).
    Removing inv_mpu_dmp_motion_driver.o(.ARM.exidx.text.dmp_set_fifo_rate), (8 bytes).
    Removing inv_mpu_dmp_motion_driver.o(.text.dmp_get_fifo_rate), (18 bytes).
    Removing inv_mpu_dmp_motion_driver.o(.ARM.exidx.text.dmp_get_fifo_rate), (8 bytes).
    Removing inv_mpu_dmp_motion_driver.o(.text.dmp_set_tap_thresh), (294 bytes).
    Removing inv_mpu_dmp_motion_driver.o(.ARM.exidx.text.dmp_set_tap_thresh), (8 bytes).
    Removing inv_mpu_dmp_motion_driver.o(.text.dmp_set_tap_axes), (56 bytes).
    Removing inv_mpu_dmp_motion_driver.o(.ARM.exidx.text.dmp_set_tap_axes), (8 bytes).
    Removing inv_mpu_dmp_motion_driver.o(.text.dmp_set_tap_count), (40 bytes).
    Removing inv_mpu_dmp_motion_driver.o(.ARM.exidx.text.dmp_set_tap_count), (8 bytes).
    Removing inv_mpu_dmp_motion_driver.o(.text.dmp_set_tap_time), (36 bytes).
    Removing inv_mpu_dmp_motion_driver.o(.ARM.exidx.text.dmp_set_tap_time), (8 bytes).
    Removing inv_mpu_dmp_motion_driver.o(.text.dmp_set_tap_time_multi), (36 bytes).
    Removing inv_mpu_dmp_motion_driver.o(.ARM.exidx.text.dmp_set_tap_time_multi), (8 bytes).
    Removing inv_mpu_dmp_motion_driver.o(.text.dmp_set_shake_reject_thresh), (44 bytes).
    Removing inv_mpu_dmp_motion_driver.o(.ARM.exidx.text.dmp_set_shake_reject_thresh), (8 bytes).
    Removing inv_mpu_dmp_motion_driver.o(.text.dmp_set_shake_reject_time), (36 bytes).
    Removing inv_mpu_dmp_motion_driver.o(.ARM.exidx.text.dmp_set_shake_reject_time), (8 bytes).
    Removing inv_mpu_dmp_motion_driver.o(.text.dmp_set_shake_reject_timeout), (36 bytes).
    Removing inv_mpu_dmp_motion_driver.o(.ARM.exidx.text.dmp_set_shake_reject_timeout), (8 bytes).
    Removing inv_mpu_dmp_motion_driver.o(.text.dmp_get_pedometer_step_count), (44 bytes).
    Removing inv_mpu_dmp_motion_driver.o(.ARM.exidx.text.dmp_get_pedometer_step_count), (8 bytes).
    Removing inv_mpu_dmp_motion_driver.o(.text.dmp_set_pedometer_step_count), (24 bytes).
    Removing inv_mpu_dmp_motion_driver.o(.ARM.exidx.text.dmp_set_pedometer_step_count), (8 bytes).
    Removing inv_mpu_dmp_motion_driver.o(.text.dmp_get_pedometer_walk_time), (50 bytes).
    Removing inv_mpu_dmp_motion_driver.o(.ARM.exidx.text.dmp_get_pedometer_walk_time), (8 bytes).
    Removing inv_mpu_dmp_motion_driver.o(.text.dmp_set_pedometer_walk_time), (38 bytes).
    Removing inv_mpu_dmp_motion_driver.o(.ARM.exidx.text.dmp_set_pedometer_walk_time), (8 bytes).
    Removing inv_mpu_dmp_motion_driver.o(.text.dmp_enable_feature), (670 bytes).
    Removing inv_mpu_dmp_motion_driver.o(.ARM.exidx.text.dmp_enable_feature), (8 bytes).
    Removing inv_mpu_dmp_motion_driver.o(.text.dmp_enable_gyro_cal), (72 bytes).
    Removing inv_mpu_dmp_motion_driver.o(.ARM.exidx.text.dmp_enable_gyro_cal), (8 bytes).
    Removing inv_mpu_dmp_motion_driver.o(.text.dmp_enable_lp_quat), (42 bytes).
    Removing inv_mpu_dmp_motion_driver.o(.ARM.exidx.text.dmp_enable_lp_quat), (8 bytes).
    Removing inv_mpu_dmp_motion_driver.o(.text.dmp_enable_6x_lp_quat), (42 bytes).
    Removing inv_mpu_dmp_motion_driver.o(.ARM.exidx.text.dmp_enable_6x_lp_quat), (8 bytes).
    Removing inv_mpu_dmp_motion_driver.o(.text.dmp_get_enabled_features), (18 bytes).
    Removing inv_mpu_dmp_motion_driver.o(.ARM.exidx.text.dmp_get_enabled_features), (8 bytes).
    Removing inv_mpu_dmp_motion_driver.o(.text.dmp_set_interrupt_mode), (92 bytes).
    Removing inv_mpu_dmp_motion_driver.o(.ARM.exidx.text.dmp_set_interrupt_mode), (8 bytes).
    Removing inv_mpu_dmp_motion_driver.o(.text.dmp_read_fifo), (484 bytes).
    Removing inv_mpu_dmp_motion_driver.o(.ARM.exidx.text.dmp_read_fifo), (8 bytes).
    Removing inv_mpu_dmp_motion_driver.o(.text.dmp_register_tap_cb), (16 bytes).
    Removing inv_mpu_dmp_motion_driver.o(.ARM.exidx.text.dmp_register_tap_cb), (8 bytes).
    Removing inv_mpu_dmp_motion_driver.o(.text.dmp_register_android_orient_cb), (16 bytes).
    Removing inv_mpu_dmp_motion_driver.o(.ARM.exidx.text.dmp_register_android_orient_cb), (8 bytes).
    Removing inv_mpu_dmp_motion_driver.o(.rodata.dmp_memory), (3062 bytes).
    Removing inv_mpu_dmp_motion_driver.o(.rodata..L__const.dmp_set_orientation.gyro_axes), (3 bytes).
    Removing inv_mpu_dmp_motion_driver.o(.rodata..L__const.dmp_set_orientation.accel_axes), (3 bytes).
    Removing inv_mpu_dmp_motion_driver.o(.bss.dmp.2), (2 bytes).
    Removing inv_mpu_dmp_motion_driver.o(.bss.dmp.4), (2 bytes).
    Removing inv_mpu_dmp_motion_driver.o(.rodata..L__const.dmp_set_fifo_rate.regs_end), (12 bytes).
    Removing inv_mpu_dmp_motion_driver.o(.rodata..L__unnamed_1), (12 bytes).
    Removing inv_mpu_dmp_motion_driver.o(.rodata..L__unnamed_2), (12 bytes).
    Removing inv_mpu_dmp_motion_driver.o(.rodata.str1.4), (24 bytes).
    Removing inv_mpu_dmp_motion_driver.o(.bss..L_MergedGlobals), (16 bytes).

959 unused section(s) (total 68181 bytes) removed from the image.

==============================================================================

Image Symbol Table

    Local Symbols

    Symbol Name                              Value     Ov Type        Size  Object(Section)

    ../clib/angel/boardlib.s                 0x00000000   Number         0  boardinit1.o ABSOLUTE
    ../clib/angel/boardlib.s                 0x00000000   Number         0  boardinit2.o ABSOLUTE
    ../clib/angel/boardlib.s                 0x00000000   Number         0  boardinit3.o ABSOLUTE
    ../clib/angel/boardlib.s                 0x00000000   Number         0  boardshut.o ABSOLUTE
    ../clib/angel/handlers.s                 0x00000000   Number         0  __scatter_copy.o ABSOLUTE
    ../clib/angel/handlers.s                 0x00000000   Number         0  __scatter_zi.o ABSOLUTE
    ../clib/angel/kernel.s                   0x00000000   Number         0  __rtentry.o ABSOLUTE
    ../clib/angel/kernel.s                   0x00000000   Number         0  __rtentry2.o ABSOLUTE
    ../clib/angel/kernel.s                   0x00000000   Number         0  __rtentry4.o ABSOLUTE
    ../clib/angel/kernel.s                   0x00000000   Number         0  rtexit.o ABSOLUTE
    ../clib/angel/kernel.s                   0x00000000   Number         0  rtexit2.o ABSOLUTE
    ../clib/angel/rt.s                       0x00000000   Number         0  aeabi_ldiv0.o ABSOLUTE
    ../clib/angel/rt.s                       0x00000000   Number         0  aeabi_ldiv0_sigfpe.o ABSOLUTE
    ../clib/angel/rt.s                       0x00000000   Number         0  rt_div0.o ABSOLUTE
    ../clib/angel/rt.s                       0x00000000   Number         0  rt_errno_addr.o ABSOLUTE
    ../clib/angel/rt.s                       0x00000000   Number         0  rt_errno_addr_intlibspace.o ABSOLUTE
    ../clib/angel/rt.s                       0x00000000   Number         0  rt_raise.o ABSOLUTE
    ../clib/angel/scatter.s                  0x00000000   Number         0  __scatter.o ABSOLUTE
    ../clib/angel/startup.s                  0x00000000   Number         0  __main.o ABSOLUTE
    ../clib/angel/sys.s                      0x00000000   Number         0  libspace.o ABSOLUTE
    ../clib/angel/sys.s                      0x00000000   Number         0  sys_stackheap_outer.o ABSOLUTE
    ../clib/angel/sys.s                      0x00000000   Number         0  use_no_semi.o ABSOLUTE
    ../clib/angel/sys.s                      0x00000000   Number         0  indicate_semi.o ABSOLUTE
    ../clib/angel/sysapp.c                   0x00000000   Number         0  sys_exit.o ABSOLUTE
    ../clib/angel/sysapp.c                   0x00000000   Number         0  sys_exit_hlt.o ABSOLUTE
    ../clib/angel/sysapp.c                   0x00000000   Number         0  sys_wrch.o ABSOLUTE
    ../clib/angel/sysapp.c                   0x00000000   Number         0  sys_wrch_hlt.o ABSOLUTE
    ../clib/angel/sysapp.c                   0x00000000   Number         0  sys_command.o ABSOLUTE
    ../clib/angel/sysapp.c                   0x00000000   Number         0  sys_command_hlt.o ABSOLUTE
    ../clib/armsys.c                         0x00000000   Number         0  argv_veneer.o ABSOLUTE
    ../clib/armsys.c                         0x00000000   Number         0  argv_veneer.o ABSOLUTE
    ../clib/armsys.c                         0x00000000   Number         0  _get_argv_nomalloc.o ABSOLUTE
    ../clib/armsys.c                         0x00000000   Number         0  no_argv.o ABSOLUTE
    ../clib/fenv.c                           0x00000000   Number         0  _rserrno.o ABSOLUTE
    ../clib/heapalloc.c                      0x00000000   Number         0  hrguard.o ABSOLUTE
    ../clib/heapaux.c                        0x00000000   Number         0  heapauxi.o ABSOLUTE
    ../clib/libinit.s                        0x00000000   Number         0  libinit.o ABSOLUTE
    ../clib/libinit.s                        0x00000000   Number         0  libinit2.o ABSOLUTE
    ../clib/libinit.s                        0x00000000   Number         0  libshutdown.o ABSOLUTE
    ../clib/libinit.s                        0x00000000   Number         0  libshutdown2.o ABSOLUTE
    ../clib/longlong.s                       0x00000000   Number         0  llsdiv.o ABSOLUTE
    ../clib/longlong.s                       0x00000000   Number         0  lludivv7m.o ABSOLUTE
    ../clib/printf.c                         0x00000000   Number         0  __2sprintf.o ABSOLUTE
    ../clib/printf.c                         0x00000000   Number         0  noretval__2sprintf.o ABSOLUTE
    ../clib/printf.c                         0x00000000   Number         0  __printf.o ABSOLUTE
    ../clib/printf.c                         0x00000000   Number         0  _printf_dec.o ABSOLUTE
    ../clib/printf.c                         0x00000000   Number         0  __printf_flags.o ABSOLUTE
    ../clib/printf.c                         0x00000000   Number         0  __printf_ss.o ABSOLUTE
    ../clib/printf.c                         0x00000000   Number         0  __printf_flags_ss.o ABSOLUTE
    ../clib/printf.c                         0x00000000   Number         0  __printf_wp.o ABSOLUTE
    ../clib/printf.c                         0x00000000   Number         0  __printf_flags_wp.o ABSOLUTE
    ../clib/printf.c                         0x00000000   Number         0  __printf_ss_wp.o ABSOLUTE
    ../clib/printf.c                         0x00000000   Number         0  __printf_flags_ss_wp.o ABSOLUTE
    ../clib/printf.c                         0x00000000   Number         0  _printf_intcommon.o ABSOLUTE
    ../clib/printf.c                         0x00000000   Number         0  _printf_char_common.o ABSOLUTE
    ../clib/printf.c                         0x00000000   Number         0  _sputc.o ABSOLUTE
    ../clib/printf.c                         0x00000000   Number         0  __printf_nopercent.o ABSOLUTE
    ../clib/printf_percent.s                 0x00000000   Number         0  _printf_d.o ABSOLUTE
    ../clib/printf_percent.s                 0x00000000   Number         0  _printf_percent.o ABSOLUTE
    ../clib/printf_percent.s                 0x00000000   Number         0  _printf_percent_end.o ABSOLUTE
    ../clib/signal.c                         0x00000000   Number         0  defsig_fpe_outer.o ABSOLUTE
    ../clib/signal.c                         0x00000000   Number         0  defsig_fpe_formal.o ABSOLUTE
    ../clib/signal.c                         0x00000000   Number         0  defsig_exit.o ABSOLUTE
    ../clib/signal.c                         0x00000000   Number         0  defsig_fpe_inner.o ABSOLUTE
    ../clib/signal.c                         0x00000000   Number         0  __raise.o ABSOLUTE
    ../clib/signal.c                         0x00000000   Number         0  defsig_general.o ABSOLUTE
    ../clib/signal.c                         0x00000000   Number         0  defsig_abrt_inner.o ABSOLUTE
    ../clib/signal.c                         0x00000000   Number         0  defsig_rtred_inner.o ABSOLUTE
    ../clib/signal.c                         0x00000000   Number         0  defsig_rtmem_inner.o ABSOLUTE
    ../clib/signal.c                         0x00000000   Number         0  defsig_rtmem_outer.o ABSOLUTE
    ../clib/signal.c                         0x00000000   Number         0  defsig_rtmem_formal.o ABSOLUTE
    ../clib/signal.c                         0x00000000   Number         0  defsig_stak_inner.o ABSOLUTE
    ../clib/signal.c                         0x00000000   Number         0  defsig_pvfn_inner.o ABSOLUTE
    ../clib/signal.c                         0x00000000   Number         0  defsig_cppl_inner.o ABSOLUTE
    ../clib/signal.c                         0x00000000   Number         0  defsig_segv_inner.o ABSOLUTE
    ../clib/signal.c                         0x00000000   Number         0  defsig_other.o ABSOLUTE
    ../clib/signal.s                         0x00000000   Number         0  defsig.o ABSOLUTE
    ../clib/stdlib.c                         0x00000000   Number         0  exit.o ABSOLUTE
    ../clib/string.c                         0x00000000   Number         0  memcmp.o ABSOLUTE
    ../fplib/d2f.s                           0x00000000   Number         0  d2f.o ABSOLUTE
    ../fplib/daddsub.s                       0x00000000   Number         0  daddsub_clz.o ABSOLUTE
    ../fplib/dcheck1.s                       0x00000000   Number         0  dcheck1.o ABSOLUTE
    ../fplib/dcmpi.s                         0x00000000   Number         0  dcmpi.o ABSOLUTE
    ../fplib/ddiv.s                          0x00000000   Number         0  ddiv.o ABSOLUTE
    ../fplib/deqf.s                          0x00000000   Number         0  deqf.o ABSOLUTE
    ../fplib/dflt.s                          0x00000000   Number         0  dflt_clz.o ABSOLUTE
    ../fplib/dmul.s                          0x00000000   Number         0  dmul.o ABSOLUTE
    ../fplib/dnaninf.s                       0x00000000   Number         0  dnaninf.o ABSOLUTE
    ../fplib/dretinf.s                       0x00000000   Number         0  dretinf.o ABSOLUTE
    ../fplib/dsqrt.s                         0x00000000   Number         0  dsqrt_noumaal.o ABSOLUTE
    ../fplib/f2d.s                           0x00000000   Number         0  f2d.o ABSOLUTE
    ../fplib/faddsub.s                       0x00000000   Number         0  faddsub_clz.o ABSOLUTE
    ../fplib/fcmp.s                          0x00000000   Number         0  fcmp.o ABSOLUTE
    ../fplib/fcmpi.s                         0x00000000   Number         0  fcmpi.o ABSOLUTE
    ../fplib/fdiv.s                          0x00000000   Number         0  fdiv.o ABSOLUTE
    ../fplib/feqf.s                          0x00000000   Number         0  feqf.o ABSOLUTE
    ../fplib/ffix.s                          0x00000000   Number         0  ffix.o ABSOLUTE
    ../fplib/fflt.s                          0x00000000   Number         0  fflt_clz.o ABSOLUTE
    ../fplib/fgeqf.s                         0x00000000   Number         0  fgeqf.o ABSOLUTE
    ../fplib/fleqf.s                         0x00000000   Number         0  fleqf.o ABSOLUTE
    ../fplib/fmul.s                          0x00000000   Number         0  fmul.o ABSOLUTE
    ../fplib/fnaninf.s                       0x00000000   Number         0  fnaninf.o ABSOLUTE
    ../fplib/fpinit.s                        0x00000000   Number         0  fpinit.o ABSOLUTE
    ../fplib/fpinit_empty.s                  0x00000000   Number         0  fpinit_empty.o ABSOLUTE
    ../fplib/fretinf.s                       0x00000000   Number         0  fretinf.o ABSOLUTE
    ../fplib/retnan.s                        0x00000000   Number         0  retnan.o ABSOLUTE
    ../fplib/scalbn.s                        0x00000000   Number         0  scalbn.o ABSOLUTE
    ../fplib/trapv.s                         0x00000000   Number         0  trapv.o ABSOLUTE
    ../fplib/usenofp.s                       0x00000000   Number         0  usenofp.o ABSOLUTE
    ../mathlib/asin.c                        0x00000000   Number         0  asin.o ABSOLUTE
    ../mathlib/atan.c                        0x00000000   Number         0  atan.o ABSOLUTE
    ../mathlib/atan2.c                       0x00000000   Number         0  atan2.o ABSOLUTE
    ../mathlib/dunder.c                      0x00000000   Number         0  dunder.o ABSOLUTE
    ../mathlib/fpclassify.c                  0x00000000   Number         0  fpclassify.o ABSOLUTE
    ../mathlib/poly.c                        0x00000000   Number         0  poly.o ABSOLUTE
    ../mathlib/qnan.c                        0x00000000   Number         0  qnan.o ABSOLUTE
    ../mathlib/sqrt.c                        0x00000000   Number         0  sqrt.o ABSOLUTE
    IIC.c                                    0x00000000   Number         0  iic.o ABSOLUTE
    dc.s                                     0x00000000   Number         0  dc.o ABSOLUTE
    encoder.c                                0x00000000   Number         0  encoder.o ABSOLUTE
    gpio.c                                   0x00000000   Number         0  gpio.o ABSOLUTE
    i2c.c                                    0x00000000   Number         0  i2c.o ABSOLUTE
    inv_mpu.c                                0x00000000   Number         0  inv_mpu.o ABSOLUTE
    inv_mpu_dmp_motion_driver.c              0x00000000   Number         0  inv_mpu_dmp_motion_driver.o ABSOLUTE
    main.c                                   0x00000000   Number         0  main.o ABSOLUTE
    motor.c                                  0x00000000   Number         0  motor.o ABSOLUTE
    mpu6050.c                                0x00000000   Number         0  mpu6050.o ABSOLUTE
    oled.c                                   0x00000000   Number         0  oled.o ABSOLUTE
    startup_main.cpp                         0x00000000   Number         0  startup_main.o ABSOLUTE
    startup_stm32f103xb.s                    0x00000000   Number         0  startup_stm32f103xb.o ABSOLUTE
    stm32f1xx_hal.c                          0x00000000   Number         0  stm32f1xx_hal.o ABSOLUTE
    stm32f1xx_hal_cortex.c                   0x00000000   Number         0  stm32f1xx_hal_cortex.o ABSOLUTE
    stm32f1xx_hal_dma.c                      0x00000000   Number         0  stm32f1xx_hal_dma.o ABSOLUTE
    stm32f1xx_hal_exti.c                     0x00000000   Number         0  stm32f1xx_hal_exti.o ABSOLUTE
    stm32f1xx_hal_flash.c                    0x00000000   Number         0  stm32f1xx_hal_flash.o ABSOLUTE
    stm32f1xx_hal_flash_ex.c                 0x00000000   Number         0  stm32f1xx_hal_flash_ex.o ABSOLUTE
    stm32f1xx_hal_gpio.c                     0x00000000   Number         0  stm32f1xx_hal_gpio.o ABSOLUTE
    stm32f1xx_hal_gpio_ex.c                  0x00000000   Number         0  stm32f1xx_hal_gpio_ex.o ABSOLUTE
    stm32f1xx_hal_i2c.c                      0x00000000   Number         0  stm32f1xx_hal_i2c.o ABSOLUTE
    stm32f1xx_hal_msp.c                      0x00000000   Number         0  stm32f1xx_hal_msp.o ABSOLUTE
    stm32f1xx_hal_pwr.c                      0x00000000   Number         0  stm32f1xx_hal_pwr.o ABSOLUTE
    stm32f1xx_hal_rcc.c                      0x00000000   Number         0  stm32f1xx_hal_rcc.o ABSOLUTE
    stm32f1xx_hal_rcc_ex.c                   0x00000000   Number         0  stm32f1xx_hal_rcc_ex.o ABSOLUTE
    stm32f1xx_hal_tim.c                      0x00000000   Number         0  stm32f1xx_hal_tim.o ABSOLUTE
    stm32f1xx_hal_tim_ex.c                   0x00000000   Number         0  stm32f1xx_hal_tim_ex.o ABSOLUTE
    stm32f1xx_it.c                           0x00000000   Number         0  stm32f1xx_it.o ABSOLUTE
    system_stm32f1xx.c                       0x00000000   Number         0  system_stm32f1xx.o ABSOLUTE
    tim.c                                    0x00000000   Number         0  tim.o ABSOLUTE
    RESET                                    0x08000000   Section      236  startup_stm32f103xb.o(RESET)
    !!!main                                  0x080000ec   Section        8  __main.o(!!!main)
    !!!scatter                               0x080000f4   Section       52  __scatter.o(!!!scatter)
    !!handler_copy                           0x08000128   Section       26  __scatter_copy.o(!!handler_copy)
    !!handler_zi                             0x08000144   Section       28  __scatter_zi.o(!!handler_zi)
    .ARM.Collect$$_printf_percent$$00000000  0x08000160   Section        0  _printf_percent.o(.ARM.Collect$$_printf_percent$$00000000)
    .ARM.Collect$$_printf_percent$$00000009  0x08000160   Section        6  _printf_d.o(.ARM.Collect$$_printf_percent$$00000009)
    .ARM.Collect$$_printf_percent$$00000017  0x08000166   Section        4  _printf_percent_end.o(.ARM.Collect$$_printf_percent$$00000017)
    .ARM.Collect$$libinit$$00000000          0x0800016a   Section        2  libinit.o(.ARM.Collect$$libinit$$00000000)
    .ARM.Collect$$libinit$$00000002          0x0800016c   Section        0  libinit2.o(.ARM.Collect$$libinit$$00000002)
    .ARM.Collect$$libinit$$00000004          0x0800016c   Section        0  libinit2.o(.ARM.Collect$$libinit$$00000004)
    .ARM.Collect$$libinit$$00000006          0x0800016c   Section        0  libinit2.o(.ARM.Collect$$libinit$$00000006)
    .ARM.Collect$$libinit$$0000000C          0x0800016c   Section        0  libinit2.o(.ARM.Collect$$libinit$$0000000C)
    .ARM.Collect$$libinit$$0000000E          0x0800016c   Section        0  libinit2.o(.ARM.Collect$$libinit$$0000000E)
    .ARM.Collect$$libinit$$00000010          0x0800016c   Section        0  libinit2.o(.ARM.Collect$$libinit$$00000010)
    .ARM.Collect$$libinit$$00000013          0x0800016c   Section        0  libinit2.o(.ARM.Collect$$libinit$$00000013)
    .ARM.Collect$$libinit$$00000015          0x0800016c   Section        0  libinit2.o(.ARM.Collect$$libinit$$00000015)
    .ARM.Collect$$libinit$$00000017          0x0800016c   Section        0  libinit2.o(.ARM.Collect$$libinit$$00000017)
    .ARM.Collect$$libinit$$00000019          0x0800016c   Section        0  libinit2.o(.ARM.Collect$$libinit$$00000019)
    .ARM.Collect$$libinit$$0000001B          0x0800016c   Section        0  libinit2.o(.ARM.Collect$$libinit$$0000001B)
    .ARM.Collect$$libinit$$0000001D          0x0800016c   Section        0  libinit2.o(.ARM.Collect$$libinit$$0000001D)
    .ARM.Collect$$libinit$$0000001F          0x0800016c   Section        0  libinit2.o(.ARM.Collect$$libinit$$0000001F)
    .ARM.Collect$$libinit$$00000021          0x0800016c   Section        0  libinit2.o(.ARM.Collect$$libinit$$00000021)
    .ARM.Collect$$libinit$$00000023          0x0800016c   Section        0  libinit2.o(.ARM.Collect$$libinit$$00000023)
    .ARM.Collect$$libinit$$00000025          0x0800016c   Section        0  libinit2.o(.ARM.Collect$$libinit$$00000025)
    .ARM.Collect$$libinit$$00000027          0x0800016c   Section        0  libinit2.o(.ARM.Collect$$libinit$$00000027)
    .ARM.Collect$$libinit$$0000002E          0x0800016c   Section        0  libinit2.o(.ARM.Collect$$libinit$$0000002E)
    .ARM.Collect$$libinit$$00000030          0x0800016c   Section        0  libinit2.o(.ARM.Collect$$libinit$$00000030)
    .ARM.Collect$$libinit$$00000032          0x0800016c   Section        0  libinit2.o(.ARM.Collect$$libinit$$00000032)
    .ARM.Collect$$libinit$$00000034          0x0800016c   Section        0  libinit2.o(.ARM.Collect$$libinit$$00000034)
    .ARM.Collect$$libinit$$00000035          0x0800016c   Section        2  libinit2.o(.ARM.Collect$$libinit$$00000035)
    .ARM.Collect$$libshutdown$$00000000      0x0800016e   Section        2  libshutdown.o(.ARM.Collect$$libshutdown$$00000000)
    .ARM.Collect$$libshutdown$$00000002      0x08000170   Section        0  libshutdown2.o(.ARM.Collect$$libshutdown$$00000002)
    .ARM.Collect$$libshutdown$$00000004      0x08000170   Section        0  libshutdown2.o(.ARM.Collect$$libshutdown$$00000004)
    .ARM.Collect$$libshutdown$$00000007      0x08000170   Section        0  libshutdown2.o(.ARM.Collect$$libshutdown$$00000007)
    .ARM.Collect$$libshutdown$$0000000A      0x08000170   Section        0  libshutdown2.o(.ARM.Collect$$libshutdown$$0000000A)
    .ARM.Collect$$libshutdown$$0000000C      0x08000170   Section        0  libshutdown2.o(.ARM.Collect$$libshutdown$$0000000C)
    .ARM.Collect$$libshutdown$$0000000F      0x08000170   Section        0  libshutdown2.o(.ARM.Collect$$libshutdown$$0000000F)
    .ARM.Collect$$libshutdown$$00000010      0x08000170   Section        2  libshutdown2.o(.ARM.Collect$$libshutdown$$00000010)
    .ARM.Collect$$rtentry$$00000000          0x08000172   Section        0  __rtentry.o(.ARM.Collect$$rtentry$$00000000)
    .ARM.Collect$$rtentry$$00000002          0x08000172   Section        0  __rtentry2.o(.ARM.Collect$$rtentry$$00000002)
    .ARM.Collect$$rtentry$$00000004          0x08000172   Section        6  __rtentry4.o(.ARM.Collect$$rtentry$$00000004)
    .ARM.Collect$$rtentry$$00000009          0x08000178   Section        0  __rtentry2.o(.ARM.Collect$$rtentry$$00000009)
    .ARM.Collect$$rtentry$$0000000A          0x08000178   Section        4  __rtentry2.o(.ARM.Collect$$rtentry$$0000000A)
    .ARM.Collect$$rtentry$$0000000C          0x0800017c   Section        0  __rtentry2.o(.ARM.Collect$$rtentry$$0000000C)
    .ARM.Collect$$rtentry$$0000000D          0x0800017c   Section        8  __rtentry2.o(.ARM.Collect$$rtentry$$0000000D)
    .ARM.Collect$$rtexit$$00000000           0x08000184   Section        2  rtexit.o(.ARM.Collect$$rtexit$$00000000)
    .ARM.Collect$$rtexit$$00000002           0x08000186   Section        0  rtexit2.o(.ARM.Collect$$rtexit$$00000002)
    .ARM.Collect$$rtexit$$00000003           0x08000186   Section        4  rtexit2.o(.ARM.Collect$$rtexit$$00000003)
    .ARM.Collect$$rtexit$$00000004           0x0800018a   Section        6  rtexit2.o(.ARM.Collect$$rtexit$$00000004)
    .text                                    0x08000190   Section       64  startup_stm32f103xb.o(.text)
    .text                                    0x080001d0   Section        0  noretval__2sprintf.o(.text)
    .text                                    0x080001f8   Section        0  __printf.o(.text)
    .text                                    0x08000260   Section        0  _printf_dec.o(.text)
    .text                                    0x080002d8   Section        0  heapauxi.o(.text)
    .text                                    0x080002de   Section        0  _printf_intcommon.o(.text)
    _printf_input_char                       0x08000391   Thumb Code    10  _printf_char_common.o(.text)
    .text                                    0x08000390   Section        0  _printf_char_common.o(.text)
    .text                                    0x080003c0   Section        0  _sputc.o(.text)
    .text                                    0x080003cc   Section        8  libspace.o(.text)
    .text                                    0x080003d4   Section       74  sys_stackheap_outer.o(.text)
    .text                                    0x0800041e   Section        0  exit.o(.text)
    .text                                    0x08000430   Section        0  sys_exit.o(.text)
    .text                                    0x0800043c   Section        2  use_no_semi.o(.text)
    .text                                    0x0800043e   Section        0  indicate_semi.o(.text)
    [Anonymous Symbol]                       0x08000440   Section        0  stm32f1xx_it.o(.text.BusFault_Handler)
    [Anonymous Symbol]                       0x08000444   Section        0  stm32f1xx_it.o(.text.DebugMon_Handler)
    [Anonymous Symbol]                       0x08000448   Section        0  main.o(.text.Error_Handler)
    [Anonymous Symbol]                       0x08000454   Section        0  stm32f1xx_hal.o(.text.HAL_Delay)
    [Anonymous Symbol]                       0x0800047c   Section        0  stm32f1xx_hal_gpio.o(.text.HAL_GPIO_Init)
    [Anonymous Symbol]                       0x08000690   Section        0  stm32f1xx_hal_gpio.o(.text.HAL_GPIO_WritePin)
    [Anonymous Symbol]                       0x0800069c   Section        0  stm32f1xx_hal.o(.text.HAL_GetTick)
    [Anonymous Symbol]                       0x080006a8   Section        0  stm32f1xx_hal_i2c.o(.text.HAL_I2C_Init)
    [Anonymous Symbol]                       0x08000820   Section        0  stm32f1xx_hal_i2c.o(.text.HAL_I2C_Mem_Write)
    [Anonymous Symbol]                       0x08000978   Section        0  i2c.o(.text.HAL_I2C_MspInit)
    [Anonymous Symbol]                       0x080009f4   Section        0  stm32f1xx_hal.o(.text.HAL_IncTick)
    [Anonymous Symbol]                       0x08000a10   Section        0  stm32f1xx_hal.o(.text.HAL_Init)
    [Anonymous Symbol]                       0x08000a38   Section        0  stm32f1xx_hal.o(.text.HAL_InitTick)
    [Anonymous Symbol]                       0x08000a80   Section        0  stm32f1xx_hal_msp.o(.text.HAL_MspInit)
    [Anonymous Symbol]                       0x08000ac4   Section        0  stm32f1xx_hal_cortex.o(.text.HAL_NVIC_EnableIRQ)
    [Anonymous Symbol]                       0x08000ae4   Section        0  stm32f1xx_hal_cortex.o(.text.HAL_NVIC_SetPriority)
    [Anonymous Symbol]                       0x08000b3c   Section        0  stm32f1xx_hal_cortex.o(.text.HAL_NVIC_SetPriorityGrouping)
    [Anonymous Symbol]                       0x08000b5c   Section        0  stm32f1xx_hal_rcc.o(.text.HAL_RCC_ClockConfig)
    [Anonymous Symbol]                       0x08000d1c   Section        0  stm32f1xx_hal_rcc.o(.text.HAL_RCC_GetPCLK1Freq)
    [Anonymous Symbol]                       0x08000d44   Section        0  stm32f1xx_hal_rcc.o(.text.HAL_RCC_OscConfig)
    [Anonymous Symbol]                       0x080010f8   Section        0  stm32f1xx_hal_cortex.o(.text.HAL_SYSTICK_Config)
    [Anonymous Symbol]                       0x08001124   Section        0  stm32f1xx_hal_tim_ex.o(.text.HAL_TIMEx_BreakCallback)
    [Anonymous Symbol]                       0x08001128   Section        0  stm32f1xx_hal_tim_ex.o(.text.HAL_TIMEx_CommutCallback)
    [Anonymous Symbol]                       0x0800112c   Section        0  stm32f1xx_hal_tim_ex.o(.text.HAL_TIMEx_ConfigBreakDeadTime)
    [Anonymous Symbol]                       0x08001178   Section        0  stm32f1xx_hal_tim_ex.o(.text.HAL_TIMEx_MasterConfigSynchronization)
    [Anonymous Symbol]                       0x080011f4   Section        0  stm32f1xx_hal_tim.o(.text.HAL_TIM_Base_Init)
    [Anonymous Symbol]                       0x080012e0   Section        0  tim.o(.text.HAL_TIM_Base_MspInit)
    [Anonymous Symbol]                       0x08001314   Section        0  stm32f1xx_hal_tim.o(.text.HAL_TIM_ConfigClockSource)
    [Anonymous Symbol]                       0x080014b0   Section        0  stm32f1xx_hal_tim.o(.text.HAL_TIM_Encoder_Init)
    [Anonymous Symbol]                       0x080015fc   Section        0  tim.o(.text.HAL_TIM_Encoder_MspInit)
    [Anonymous Symbol]                       0x080016bc   Section        0  stm32f1xx_hal_tim.o(.text.HAL_TIM_Encoder_Start)
    [Anonymous Symbol]                       0x08001778   Section        0  stm32f1xx_hal_tim.o(.text.HAL_TIM_IC_CaptureCallback)
    [Anonymous Symbol]                       0x0800177c   Section        0  stm32f1xx_hal_tim.o(.text.HAL_TIM_IRQHandler)
    [Anonymous Symbol]                       0x080018ec   Section        0  stm32f1xx_hal_tim.o(.text.HAL_TIM_OC_DelayElapsedCallback)
    [Anonymous Symbol]                       0x080018f0   Section        0  stm32f1xx_hal_tim.o(.text.HAL_TIM_PWM_ConfigChannel)
    [Anonymous Symbol]                       0x08001af4   Section        0  stm32f1xx_hal_tim.o(.text.HAL_TIM_PWM_Init)
    [Anonymous Symbol]                       0x08001be0   Section        0  tim.o(.text.HAL_TIM_PWM_MspInit)
    [Anonymous Symbol]                       0x08001c14   Section        0  stm32f1xx_hal_tim.o(.text.HAL_TIM_PWM_PulseFinishedCallback)
    [Anonymous Symbol]                       0x08001c18   Section        0  stm32f1xx_hal_tim.o(.text.HAL_TIM_PWM_Start)
    [Anonymous Symbol]                       0x08001cf8   Section        0  stm32f1xx_hal_tim.o(.text.HAL_TIM_PeriodElapsedCallback)
    [Anonymous Symbol]                       0x08001cfc   Section        0  stm32f1xx_hal_tim.o(.text.HAL_TIM_TriggerCallback)
    [Anonymous Symbol]                       0x08001d00   Section        0  stm32f1xx_it.o(.text.HardFault_Handler)
    I2C_RequestMemoryWrite                   0x08001d05   Thumb Code   200  stm32f1xx_hal_i2c.o(.text.I2C_RequestMemoryWrite)
    [Anonymous Symbol]                       0x08001d04   Section        0  stm32f1xx_hal_i2c.o(.text.I2C_RequestMemoryWrite)
    I2C_WaitOnBTFFlagUntilTimeout            0x08001dcd   Thumb Code   190  stm32f1xx_hal_i2c.o(.text.I2C_WaitOnBTFFlagUntilTimeout)
    [Anonymous Symbol]                       0x08001dcc   Section        0  stm32f1xx_hal_i2c.o(.text.I2C_WaitOnBTFFlagUntilTimeout)
    I2C_WaitOnFlagUntilTimeout               0x08001e8d   Thumb Code   466  stm32f1xx_hal_i2c.o(.text.I2C_WaitOnFlagUntilTimeout)
    [Anonymous Symbol]                       0x08001e8c   Section        0  stm32f1xx_hal_i2c.o(.text.I2C_WaitOnFlagUntilTimeout)
    I2C_WaitOnMasterAddressFlagUntilTimeout  0x08002061   Thumb Code   224  stm32f1xx_hal_i2c.o(.text.I2C_WaitOnMasterAddressFlagUntilTimeout)
    [Anonymous Symbol]                       0x08002060   Section        0  stm32f1xx_hal_i2c.o(.text.I2C_WaitOnMasterAddressFlagUntilTimeout)
    I2C_WaitOnTXEFlagUntilTimeout            0x08002141   Thumb Code   190  stm32f1xx_hal_i2c.o(.text.I2C_WaitOnTXEFlagUntilTimeout)
    [Anonymous Symbol]                       0x08002140   Section        0  stm32f1xx_hal_i2c.o(.text.I2C_WaitOnTXEFlagUntilTimeout)
    [Anonymous Symbol]                       0x08002200   Section        0  motor.o(.text.Load)
    [Anonymous Symbol]                       0x0800226c   Section        0  gpio.o(.text.MX_GPIO_Init)
    [Anonymous Symbol]                       0x08002324   Section        0  i2c.o(.text.MX_I2C1_Init)
    [Anonymous Symbol]                       0x08002368   Section        0  tim.o(.text.MX_TIM1_Init)
    [Anonymous Symbol]                       0x08002488   Section        0  tim.o(.text.MX_TIM2_Init)
    [Anonymous Symbol]                       0x080024fc   Section        0  tim.o(.text.MX_TIM3_Init)
    [Anonymous Symbol]                       0x08002570   Section        0  tim.o(.text.MX_TIM4_Init)
    [Anonymous Symbol]                       0x080025e8   Section        0  stm32f1xx_it.o(.text.MemManage_Handler)
    [Anonymous Symbol]                       0x080025ec   Section        0  stm32f1xx_it.o(.text.NMI_Handler)
    [Anonymous Symbol]                       0x080025f0   Section        0  oled.o(.text.OLED_Clear)
    [Anonymous Symbol]                       0x0800269c   Section        0  oled.o(.text.OLED_Init)
    [Anonymous Symbol]                       0x080026ac   Section        0  oled.o(.text.OLED_ShowChar)
    [Anonymous Symbol]                       0x08002a74   Section        0  oled.o(.text.OLED_ShowString)
    [Anonymous Symbol]                       0x08002ab4   Section        0  stm32f1xx_it.o(.text.PendSV_Handler)
    [Anonymous Symbol]                       0x08002ab8   Section        0  encoder.o(.text.Read_Speed)
    [Anonymous Symbol]                       0x08002ac4   Section        0  stm32f1xx_it.o(.text.SVC_Handler)
    [Anonymous Symbol]                       0x08002ac8   Section        0  stm32f1xx_it.o(.text.SysTick_Handler)
    [Anonymous Symbol]                       0x08002acc   Section        0  system_stm32f1xx.o(.text.SystemInit)
    [Anonymous Symbol]                       0x08002ad0   Section        0  stm32f1xx_it.o(.text.TIM2_IRQHandler)
    [Anonymous Symbol]                       0x08002adc   Section        0  stm32f1xx_it.o(.text.TIM4_IRQHandler)
    [Anonymous Symbol]                       0x08002ae8   Section        0  stm32f1xx_it.o(.text.UsageFault_Handler)
    [Anonymous Symbol]                       0x08002aec   Section        0  oled.o(.text.WriteCmd)
    [Anonymous Symbol]                       0x08002d4c   Section        0  main.o(.text.main)
    HAL_RCC_GetSysClockFreq.aPredivFactorTable 0x080036ac   Data           2  stm32f1xx_hal_rcc.o(.rodata.HAL_RCC_GetSysClockFreq.aPredivFactorTable)
    [Anonymous Symbol]                       0x080036ac   Section        0  stm32f1xx_hal_rcc.o(.rodata.HAL_RCC_GetSysClockFreq.aPredivFactorTable)
    HAL_RCC_GetSysClockFreq.aPLLMULFactorTable 0x080036ae   Data          16  stm32f1xx_hal_rcc.o(.rodata.cst16)
    [Anonymous Symbol]                       0x080036ae   Section        0  stm32f1xx_hal_rcc.o(.rodata.cst16)
    .L_MergedGlobals                         0x20000000   Data           8  stm32f1xx_hal.o(.data..L_MergedGlobals)
    [Anonymous Symbol]                       0x20000000   Section        0  stm32f1xx_hal.o(.data..L_MergedGlobals)
    .bss                                     0x20000028   Section       96  libspace.o(.bss)
    .L_MergedGlobals                         0x20000088   Data          92  main.o(.bss..L_MergedGlobals)
    [Anonymous Symbol]                       0x20000088   Section        0  main.o(.bss..L_MergedGlobals)
    Heap_Mem                                 0x20000260   Data         512  startup_stm32f103xb.o(HEAP)
    HEAP                                     0x20000260   Section      512  startup_stm32f103xb.o(HEAP)
    Stack_Mem                                0x20000460   Data        1024  startup_stm32f103xb.o(STACK)
    STACK                                    0x20000460   Section     1024  startup_stm32f103xb.o(STACK)
    __initial_sp                             0x20000860   Data           0  startup_stm32f103xb.o(STACK)

    Global Symbols

    Symbol Name                              Value     Ov Type        Size  Object(Section)

    BuildAttributes$$THM_ISAv4$P$D$K$B$S$PE$A:L22UL41UL21$X:L11$S22US41US21$IEEE1$IW$~IW$USESV6$~STKCKD$USESV7$~SHL$OTIME$ROPI$IEEEX$EBA8$UX$STANDARDLIB$REQ8$PRES8$EABIv2 0x00000000   Number         0  anon$$obj.o ABSOLUTE
    __fp_init_empty                          0x00000000   Number         0  fpinit_empty.o ABSOLUTE
    __ARM_exceptions_init                     - Undefined Weak Reference
    __alloca_initialize                       - Undefined Weak Reference
    __arm_preinit_                            - Undefined Weak Reference
    __arm_relocate_pie_                       - Undefined Weak Reference
    __cpp_initialize__aeabi_                  - Undefined Weak Reference
    __cxa_finalize                            - Undefined Weak Reference
    __rt_locale                               - Undefined Weak Reference
    __sigvec_lookup                           - Undefined Weak Reference
    _atexit_init                              - Undefined Weak Reference
    _call_atexit_fns                          - Undefined Weak Reference
    _clock_init                               - Undefined Weak Reference
    _fp_trap_init                             - Undefined Weak Reference
    _fp_trap_shutdown                         - Undefined Weak Reference
    _get_lc_collate                           - Undefined Weak Reference
    _get_lc_ctype                             - Undefined Weak Reference
    _get_lc_monetary                          - Undefined Weak Reference
    _get_lc_numeric                           - Undefined Weak Reference
    _get_lc_time                              - Undefined Weak Reference
    _getenv_init                              - Undefined Weak Reference
    _handle_redirection                       - Undefined Weak Reference
    _init_alloc                               - Undefined Weak Reference
    _init_user_alloc                          - Undefined Weak Reference
    _initio                                   - Undefined Weak Reference
    _printf_post_padding                      - Undefined Weak Reference
    _printf_pre_padding                       - Undefined Weak Reference
    _printf_truncate_signed                   - Undefined Weak Reference
    _printf_truncate_unsigned                 - Undefined Weak Reference
    _rand_init                                - Undefined Weak Reference
    _signal_finish                            - Undefined Weak Reference
    _signal_init                              - Undefined Weak Reference
    _terminate_alloc                          - Undefined Weak Reference
    _terminate_user_alloc                     - Undefined Weak Reference
    _terminateio                              - Undefined Weak Reference
    __Vectors_Size                           0x000000ec   Number         0  startup_stm32f103xb.o ABSOLUTE
    __Vectors                                0x08000000   Data           4  startup_stm32f103xb.o(RESET)
    __Vectors_End                            0x080000ec   Data           0  startup_stm32f103xb.o(RESET)
    __main                                   0x080000ed   Thumb Code     8  __main.o(!!!main)
    __scatterload                            0x080000f5   Thumb Code     0  __scatter.o(!!!scatter)
    __scatterload_rt2                        0x080000f5   Thumb Code    44  __scatter.o(!!!scatter)
    __scatterload_rt2_thumb_only             0x080000f5   Thumb Code     0  __scatter.o(!!!scatter)
    __scatterload_null                       0x08000103   Thumb Code     0  __scatter.o(!!!scatter)
    __scatterload_copy                       0x08000129   Thumb Code    26  __scatter_copy.o(!!handler_copy)
    __scatterload_zeroinit                   0x08000145   Thumb Code    28  __scatter_zi.o(!!handler_zi)
    _printf_d                                0x08000161   Thumb Code     0  _printf_d.o(.ARM.Collect$$_printf_percent$$00000009)
    _printf_percent                          0x08000161   Thumb Code     0  _printf_percent.o(.ARM.Collect$$_printf_percent$$00000000)
    _printf_percent_end                      0x08000167   Thumb Code     0  _printf_percent_end.o(.ARM.Collect$$_printf_percent$$00000017)
    __rt_lib_init                            0x0800016b   Thumb Code     0  libinit.o(.ARM.Collect$$libinit$$00000000)
    __rt_lib_init_alloca_1                   0x0800016d   Thumb Code     0  libinit2.o(.ARM.Collect$$libinit$$00000030)
    __rt_lib_init_argv_1                     0x0800016d   Thumb Code     0  libinit2.o(.ARM.Collect$$libinit$$0000002E)
    __rt_lib_init_atexit_1                   0x0800016d   Thumb Code     0  libinit2.o(.ARM.Collect$$libinit$$0000001D)
    __rt_lib_init_clock_1                    0x0800016d   Thumb Code     0  libinit2.o(.ARM.Collect$$libinit$$00000023)
    __rt_lib_init_cpp_1                      0x0800016d   Thumb Code     0  libinit2.o(.ARM.Collect$$libinit$$00000034)
    __rt_lib_init_exceptions_1               0x0800016d   Thumb Code     0  libinit2.o(.ARM.Collect$$libinit$$00000032)
    __rt_lib_init_fp_1                       0x0800016d   Thumb Code     0  libinit2.o(.ARM.Collect$$libinit$$00000002)
    __rt_lib_init_fp_trap_1                  0x0800016d   Thumb Code     0  libinit2.o(.ARM.Collect$$libinit$$00000021)
    __rt_lib_init_getenv_1                   0x0800016d   Thumb Code     0  libinit2.o(.ARM.Collect$$libinit$$00000025)
    __rt_lib_init_heap_1                     0x0800016d   Thumb Code     0  libinit2.o(.ARM.Collect$$libinit$$0000000C)
    __rt_lib_init_lc_collate_1               0x0800016d   Thumb Code     0  libinit2.o(.ARM.Collect$$libinit$$00000013)
    __rt_lib_init_lc_ctype_1                 0x0800016d   Thumb Code     0  libinit2.o(.ARM.Collect$$libinit$$00000015)
    __rt_lib_init_lc_monetary_1              0x0800016d   Thumb Code     0  libinit2.o(.ARM.Collect$$libinit$$00000017)
    __rt_lib_init_lc_numeric_1               0x0800016d   Thumb Code     0  libinit2.o(.ARM.Collect$$libinit$$00000019)
    __rt_lib_init_lc_time_1                  0x0800016d   Thumb Code     0  libinit2.o(.ARM.Collect$$libinit$$0000001B)
    __rt_lib_init_preinit_1                  0x0800016d   Thumb Code     0  libinit2.o(.ARM.Collect$$libinit$$00000006)
    __rt_lib_init_rand_1                     0x0800016d   Thumb Code     0  libinit2.o(.ARM.Collect$$libinit$$00000010)
    __rt_lib_init_relocate_pie_1             0x0800016d   Thumb Code     0  libinit2.o(.ARM.Collect$$libinit$$00000004)
    __rt_lib_init_return                     0x0800016d   Thumb Code     0  libinit2.o(.ARM.Collect$$libinit$$00000035)
    __rt_lib_init_signal_1                   0x0800016d   Thumb Code     0  libinit2.o(.ARM.Collect$$libinit$$0000001F)
    __rt_lib_init_stdio_1                    0x0800016d   Thumb Code     0  libinit2.o(.ARM.Collect$$libinit$$00000027)
    __rt_lib_init_user_alloc_1               0x0800016d   Thumb Code     0  libinit2.o(.ARM.Collect$$libinit$$0000000E)
    __rt_lib_shutdown                        0x0800016f   Thumb Code     0  libshutdown.o(.ARM.Collect$$libshutdown$$00000000)
    __rt_lib_shutdown_cpp_1                  0x08000171   Thumb Code     0  libshutdown2.o(.ARM.Collect$$libshutdown$$00000002)
    __rt_lib_shutdown_fp_trap_1              0x08000171   Thumb Code     0  libshutdown2.o(.ARM.Collect$$libshutdown$$00000007)
    __rt_lib_shutdown_heap_1                 0x08000171   Thumb Code     0  libshutdown2.o(.ARM.Collect$$libshutdown$$0000000F)
    __rt_lib_shutdown_return                 0x08000171   Thumb Code     0  libshutdown2.o(.ARM.Collect$$libshutdown$$00000010)
    __rt_lib_shutdown_signal_1               0x08000171   Thumb Code     0  libshutdown2.o(.ARM.Collect$$libshutdown$$0000000A)
    __rt_lib_shutdown_stdio_1                0x08000171   Thumb Code     0  libshutdown2.o(.ARM.Collect$$libshutdown$$00000004)
    __rt_lib_shutdown_user_alloc_1           0x08000171   Thumb Code     0  libshutdown2.o(.ARM.Collect$$libshutdown$$0000000C)
    __rt_entry                               0x08000173   Thumb Code     0  __rtentry.o(.ARM.Collect$$rtentry$$00000000)
    __rt_entry_presh_1                       0x08000173   Thumb Code     0  __rtentry2.o(.ARM.Collect$$rtentry$$00000002)
    __rt_entry_sh                            0x08000173   Thumb Code     0  __rtentry4.o(.ARM.Collect$$rtentry$$00000004)
    __rt_entry_li                            0x08000179   Thumb Code     0  __rtentry2.o(.ARM.Collect$$rtentry$$0000000A)
    __rt_entry_postsh_1                      0x08000179   Thumb Code     0  __rtentry2.o(.ARM.Collect$$rtentry$$00000009)
    __rt_entry_main                          0x0800017d   Thumb Code     0  __rtentry2.o(.ARM.Collect$$rtentry$$0000000D)
    __rt_entry_postli_1                      0x0800017d   Thumb Code     0  __rtentry2.o(.ARM.Collect$$rtentry$$0000000C)
    __rt_exit                                0x08000185   Thumb Code     0  rtexit.o(.ARM.Collect$$rtexit$$00000000)
    __rt_exit_ls                             0x08000187   Thumb Code     0  rtexit2.o(.ARM.Collect$$rtexit$$00000003)
    __rt_exit_prels_1                        0x08000187   Thumb Code     0  rtexit2.o(.ARM.Collect$$rtexit$$00000002)
    __rt_exit_exit                           0x0800018b   Thumb Code     0  rtexit2.o(.ARM.Collect$$rtexit$$00000004)
    Reset_Handler                            0x08000191   Thumb Code     8  startup_stm32f103xb.o(.text)
    ADC1_2_IRQHandler                        0x080001ab   Thumb Code     0  startup_stm32f103xb.o(.text)
    CAN1_RX1_IRQHandler                      0x080001ab   Thumb Code     0  startup_stm32f103xb.o(.text)
    CAN1_SCE_IRQHandler                      0x080001ab   Thumb Code     0  startup_stm32f103xb.o(.text)
    DMA1_Channel1_IRQHandler                 0x080001ab   Thumb Code     0  startup_stm32f103xb.o(.text)
    DMA1_Channel2_IRQHandler                 0x080001ab   Thumb Code     0  startup_stm32f103xb.o(.text)
    DMA1_Channel3_IRQHandler                 0x080001ab   Thumb Code     0  startup_stm32f103xb.o(.text)
    DMA1_Channel4_IRQHandler                 0x080001ab   Thumb Code     0  startup_stm32f103xb.o(.text)
    DMA1_Channel5_IRQHandler                 0x080001ab   Thumb Code     0  startup_stm32f103xb.o(.text)
    DMA1_Channel6_IRQHandler                 0x080001ab   Thumb Code     0  startup_stm32f103xb.o(.text)
    DMA1_Channel7_IRQHandler                 0x080001ab   Thumb Code     0  startup_stm32f103xb.o(.text)
    EXTI0_IRQHandler                         0x080001ab   Thumb Code     0  startup_stm32f103xb.o(.text)
    EXTI15_10_IRQHandler                     0x080001ab   Thumb Code     0  startup_stm32f103xb.o(.text)
    EXTI1_IRQHandler                         0x080001ab   Thumb Code     0  startup_stm32f103xb.o(.text)
    EXTI2_IRQHandler                         0x080001ab   Thumb Code     0  startup_stm32f103xb.o(.text)
    EXTI3_IRQHandler                         0x080001ab   Thumb Code     0  startup_stm32f103xb.o(.text)
    EXTI4_IRQHandler                         0x080001ab   Thumb Code     0  startup_stm32f103xb.o(.text)
    EXTI9_5_IRQHandler                       0x080001ab   Thumb Code     0  startup_stm32f103xb.o(.text)
    FLASH_IRQHandler                         0x080001ab   Thumb Code     0  startup_stm32f103xb.o(.text)
    I2C1_ER_IRQHandler                       0x080001ab   Thumb Code     0  startup_stm32f103xb.o(.text)
    I2C1_EV_IRQHandler                       0x080001ab   Thumb Code     0  startup_stm32f103xb.o(.text)
    I2C2_ER_IRQHandler                       0x080001ab   Thumb Code     0  startup_stm32f103xb.o(.text)
    I2C2_EV_IRQHandler                       0x080001ab   Thumb Code     0  startup_stm32f103xb.o(.text)
    PVD_IRQHandler                           0x080001ab   Thumb Code     0  startup_stm32f103xb.o(.text)
    RCC_IRQHandler                           0x080001ab   Thumb Code     0  startup_stm32f103xb.o(.text)
    RTC_Alarm_IRQHandler                     0x080001ab   Thumb Code     0  startup_stm32f103xb.o(.text)
    RTC_IRQHandler                           0x080001ab   Thumb Code     0  startup_stm32f103xb.o(.text)
    SPI1_IRQHandler                          0x080001ab   Thumb Code     0  startup_stm32f103xb.o(.text)
    SPI2_IRQHandler                          0x080001ab   Thumb Code     0  startup_stm32f103xb.o(.text)
    TAMPER_IRQHandler                        0x080001ab   Thumb Code     0  startup_stm32f103xb.o(.text)
    TIM1_BRK_IRQHandler                      0x080001ab   Thumb Code     0  startup_stm32f103xb.o(.text)
    TIM1_CC_IRQHandler                       0x080001ab   Thumb Code     0  startup_stm32f103xb.o(.text)
    TIM1_TRG_COM_IRQHandler                  0x080001ab   Thumb Code     0  startup_stm32f103xb.o(.text)
    TIM1_UP_IRQHandler                       0x080001ab   Thumb Code     0  startup_stm32f103xb.o(.text)
    TIM3_IRQHandler                          0x080001ab   Thumb Code     0  startup_stm32f103xb.o(.text)
    USART1_IRQHandler                        0x080001ab   Thumb Code     0  startup_stm32f103xb.o(.text)
    USART2_IRQHandler                        0x080001ab   Thumb Code     0  startup_stm32f103xb.o(.text)
    USART3_IRQHandler                        0x080001ab   Thumb Code     0  startup_stm32f103xb.o(.text)
    USBWakeUp_IRQHandler                     0x080001ab   Thumb Code     0  startup_stm32f103xb.o(.text)
    USB_HP_CAN1_TX_IRQHandler                0x080001ab   Thumb Code     0  startup_stm32f103xb.o(.text)
    USB_LP_CAN1_RX0_IRQHandler               0x080001ab   Thumb Code     0  startup_stm32f103xb.o(.text)
    WWDG_IRQHandler                          0x080001ab   Thumb Code     0  startup_stm32f103xb.o(.text)
    __user_initial_stackheap                 0x080001ad   Thumb Code     0  startup_stm32f103xb.o(.text)
    __2sprintf                               0x080001d1   Thumb Code    34  noretval__2sprintf.o(.text)
    __printf                                 0x080001f9   Thumb Code   104  __printf.o(.text)
    _printf_int_dec                          0x08000261   Thumb Code   104  _printf_dec.o(.text)
    __use_two_region_memory                  0x080002d9   Thumb Code     2  heapauxi.o(.text)
    __rt_heap_escrow$2region                 0x080002db   Thumb Code     2  heapauxi.o(.text)
    __rt_heap_expand$2region                 0x080002dd   Thumb Code     2  heapauxi.o(.text)
    _printf_int_common                       0x080002df   Thumb Code   178  _printf_intcommon.o(.text)
    _printf_char_common                      0x0800039b   Thumb Code    32  _printf_char_common.o(.text)
    _sputc                                   0x080003c1   Thumb Code    10  _sputc.o(.text)
    __user_libspace                          0x080003cd   Thumb Code     8  libspace.o(.text)
    __user_perproc_libspace                  0x080003cd   Thumb Code     0  libspace.o(.text)
    __user_perthread_libspace                0x080003cd   Thumb Code     0  libspace.o(.text)
    __user_setup_stackheap                   0x080003d5   Thumb Code    74  sys_stackheap_outer.o(.text)
    exit                                     0x0800041f   Thumb Code    18  exit.o(.text)
    _sys_exit                                0x08000431   Thumb Code     8  sys_exit.o(.text)
    __I$use$semihosting                      0x0800043d   Thumb Code     0  use_no_semi.o(.text)
    __use_no_semihosting_swi                 0x0800043d   Thumb Code     2  use_no_semi.o(.text)
    __semihosting_library_function           0x0800043f   Thumb Code     0  indicate_semi.o(.text)
    BusFault_Handler                         0x08000441   Thumb Code     2  stm32f1xx_it.o(.text.BusFault_Handler)
    DebugMon_Handler                         0x08000445   Thumb Code     2  stm32f1xx_it.o(.text.DebugMon_Handler)
    Error_Handler                            0x08000449   Thumb Code    10  main.o(.text.Error_Handler)
    HAL_Delay                                0x08000455   Thumb Code    40  stm32f1xx_hal.o(.text.HAL_Delay)
    HAL_GPIO_Init                            0x0800047d   Thumb Code   530  stm32f1xx_hal_gpio.o(.text.HAL_GPIO_Init)
    HAL_GPIO_WritePin                        0x08000691   Thumb Code    10  stm32f1xx_hal_gpio.o(.text.HAL_GPIO_WritePin)
    HAL_GetTick                              0x0800069d   Thumb Code    12  stm32f1xx_hal.o(.text.HAL_GetTick)
    HAL_I2C_Init                             0x080006a9   Thumb Code   374  stm32f1xx_hal_i2c.o(.text.HAL_I2C_Init)
    HAL_I2C_Mem_Write                        0x08000821   Thumb Code   344  stm32f1xx_hal_i2c.o(.text.HAL_I2C_Mem_Write)
    HAL_I2C_MspInit                          0x08000979   Thumb Code   122  i2c.o(.text.HAL_I2C_MspInit)
    HAL_IncTick                              0x080009f5   Thumb Code    26  stm32f1xx_hal.o(.text.HAL_IncTick)
    HAL_Init                                 0x08000a11   Thumb Code    38  stm32f1xx_hal.o(.text.HAL_Init)
    HAL_InitTick                             0x08000a39   Thumb Code    72  stm32f1xx_hal.o(.text.HAL_InitTick)
    HAL_MspInit                              0x08000a81   Thumb Code    66  stm32f1xx_hal_msp.o(.text.HAL_MspInit)
    HAL_NVIC_EnableIRQ                       0x08000ac5   Thumb Code    32  stm32f1xx_hal_cortex.o(.text.HAL_NVIC_EnableIRQ)
    HAL_NVIC_SetPriority                     0x08000ae5   Thumb Code    86  stm32f1xx_hal_cortex.o(.text.HAL_NVIC_SetPriority)
    HAL_NVIC_SetPriorityGrouping             0x08000b3d   Thumb Code    32  stm32f1xx_hal_cortex.o(.text.HAL_NVIC_SetPriorityGrouping)
    HAL_RCC_ClockConfig                      0x08000b5d   Thumb Code   446  stm32f1xx_hal_rcc.o(.text.HAL_RCC_ClockConfig)
    HAL_RCC_GetPCLK1Freq                     0x08000d1d   Thumb Code    38  stm32f1xx_hal_rcc.o(.text.HAL_RCC_GetPCLK1Freq)
    HAL_RCC_OscConfig                        0x08000d45   Thumb Code   948  stm32f1xx_hal_rcc.o(.text.HAL_RCC_OscConfig)
    HAL_SYSTICK_Config                       0x080010f9   Thumb Code    44  stm32f1xx_hal_cortex.o(.text.HAL_SYSTICK_Config)
    HAL_TIMEx_BreakCallback                  0x08001125   Thumb Code     2  stm32f1xx_hal_tim_ex.o(.text.HAL_TIMEx_BreakCallback)
    HAL_TIMEx_CommutCallback                 0x08001129   Thumb Code     2  stm32f1xx_hal_tim_ex.o(.text.HAL_TIMEx_CommutCallback)
    HAL_TIMEx_ConfigBreakDeadTime            0x0800112d   Thumb Code    76  stm32f1xx_hal_tim_ex.o(.text.HAL_TIMEx_ConfigBreakDeadTime)
    HAL_TIMEx_MasterConfigSynchronization    0x08001179   Thumb Code   122  stm32f1xx_hal_tim_ex.o(.text.HAL_TIMEx_MasterConfigSynchronization)
    HAL_TIM_Base_Init                        0x080011f5   Thumb Code   236  stm32f1xx_hal_tim.o(.text.HAL_TIM_Base_Init)
    HAL_TIM_Base_MspInit                     0x080012e1   Thumb Code    50  tim.o(.text.HAL_TIM_Base_MspInit)
    HAL_TIM_ConfigClockSource                0x08001315   Thumb Code   412  stm32f1xx_hal_tim.o(.text.HAL_TIM_ConfigClockSource)
    HAL_TIM_Encoder_Init                     0x080014b1   Thumb Code   332  stm32f1xx_hal_tim.o(.text.HAL_TIM_Encoder_Init)
    HAL_TIM_Encoder_MspInit                  0x080015fd   Thumb Code   190  tim.o(.text.HAL_TIM_Encoder_MspInit)
    HAL_TIM_Encoder_Start                    0x080016bd   Thumb Code   188  stm32f1xx_hal_tim.o(.text.HAL_TIM_Encoder_Start)
    HAL_TIM_IC_CaptureCallback               0x08001779   Thumb Code     2  stm32f1xx_hal_tim.o(.text.HAL_TIM_IC_CaptureCallback)
    HAL_TIM_IRQHandler                       0x0800177d   Thumb Code   368  stm32f1xx_hal_tim.o(.text.HAL_TIM_IRQHandler)
    HAL_TIM_OC_DelayElapsedCallback          0x080018ed   Thumb Code     2  stm32f1xx_hal_tim.o(.text.HAL_TIM_OC_DelayElapsedCallback)
    HAL_TIM_PWM_ConfigChannel                0x080018f1   Thumb Code   516  stm32f1xx_hal_tim.o(.text.HAL_TIM_PWM_ConfigChannel)
    HAL_TIM_PWM_Init                         0x08001af5   Thumb Code   236  stm32f1xx_hal_tim.o(.text.HAL_TIM_PWM_Init)
    HAL_TIM_PWM_MspInit                      0x08001be1   Thumb Code    50  tim.o(.text.HAL_TIM_PWM_MspInit)
    HAL_TIM_PWM_PulseFinishedCallback        0x08001c15   Thumb Code     2  stm32f1xx_hal_tim.o(.text.HAL_TIM_PWM_PulseFinishedCallback)
    HAL_TIM_PWM_Start                        0x08001c19   Thumb Code   222  stm32f1xx_hal_tim.o(.text.HAL_TIM_PWM_Start)
    HAL_TIM_PeriodElapsedCallback            0x08001cf9   Thumb Code     2  stm32f1xx_hal_tim.o(.text.HAL_TIM_PeriodElapsedCallback)
    HAL_TIM_TriggerCallback                  0x08001cfd   Thumb Code     2  stm32f1xx_hal_tim.o(.text.HAL_TIM_TriggerCallback)
    HardFault_Handler                        0x08001d01   Thumb Code     2  stm32f1xx_it.o(.text.HardFault_Handler)
    Load                                     0x08002201   Thumb Code   108  motor.o(.text.Load)
    MX_GPIO_Init                             0x0800226d   Thumb Code   182  gpio.o(.text.MX_GPIO_Init)
    MX_I2C1_Init                             0x08002325   Thumb Code    66  i2c.o(.text.MX_I2C1_Init)
    MX_TIM1_Init                             0x08002369   Thumb Code   288  tim.o(.text.MX_TIM1_Init)
    MX_TIM2_Init                             0x08002489   Thumb Code   114  tim.o(.text.MX_TIM2_Init)
    MX_TIM3_Init                             0x080024fd   Thumb Code   114  tim.o(.text.MX_TIM3_Init)
    MX_TIM4_Init                             0x08002571   Thumb Code   118  tim.o(.text.MX_TIM4_Init)
    MemManage_Handler                        0x080025e9   Thumb Code     2  stm32f1xx_it.o(.text.MemManage_Handler)
    NMI_Handler                              0x080025ed   Thumb Code     2  stm32f1xx_it.o(.text.NMI_Handler)
    OLED_Clear                               0x080025f1   Thumb Code   172  oled.o(.text.OLED_Clear)
    OLED_Init                                0x0800269d   Thumb Code    16  oled.o(.text.OLED_Init)
    OLED_ShowChar                            0x080026ad   Thumb Code   966  oled.o(.text.OLED_ShowChar)
    OLED_ShowString                          0x08002a75   Thumb Code    64  oled.o(.text.OLED_ShowString)
    PendSV_Handler                           0x08002ab5   Thumb Code     2  stm32f1xx_it.o(.text.PendSV_Handler)
    Read_Speed                               0x08002ab9   Thumb Code    12  encoder.o(.text.Read_Speed)
    SVC_Handler                              0x08002ac5   Thumb Code     2  stm32f1xx_it.o(.text.SVC_Handler)
    SysTick_Handler                          0x08002ac9   Thumb Code     4  stm32f1xx_it.o(.text.SysTick_Handler)
    SystemInit                               0x08002acd   Thumb Code     2  system_stm32f1xx.o(.text.SystemInit)
    TIM2_IRQHandler                          0x08002ad1   Thumb Code    12  stm32f1xx_it.o(.text.TIM2_IRQHandler)
    TIM4_IRQHandler                          0x08002add   Thumb Code    12  stm32f1xx_it.o(.text.TIM4_IRQHandler)
    UsageFault_Handler                       0x08002ae9   Thumb Code     2  stm32f1xx_it.o(.text.UsageFault_Handler)
    WriteCmd                                 0x08002aed   Thumb Code   606  oled.o(.text.WriteCmd)
    main                                     0x08002d4d   Thumb Code   288  main.o(.text.main)
    AHBPrescTable                            0x08002e8c   Data          16  system_stm32f1xx.o(.rodata.AHBPrescTable)
    APBPrescTable                            0x08002e9c   Data           8  system_stm32f1xx.o(.rodata.APBPrescTable)
    F6x8                                     0x08002ea4   Data         552  oled.o(.rodata.F6x8)
    F8X16                                    0x080030cc   Data        1504  oled.o(.rodata.F8X16)
    Region$$Table$$Base                      0x080036c0   Number         0  anon$$obj.o(Region$$Table)
    Region$$Table$$Limit                     0x080036e0   Number         0  anon$$obj.o(Region$$Table)
    uwTickFreq                               0x20000000   Data           1  stm32f1xx_hal.o(.data..L_MergedGlobals)
    uwTickPrio                               0x20000004   Data           4  stm32f1xx_hal.o(.data..L_MergedGlobals)
    CMD_Data                                 0x20000008   Data          27  oled.o(.data.CMD_Data)
    SystemCoreClock                          0x20000024   Data           4  system_stm32f1xx.o(.data.SystemCoreClock)
    __libspace_start                         0x20000028   Data          96  libspace.o(.bss)
    Encoder_Left                             0x20000088   Data           4  main.o(.bss..L_MergedGlobals)
    __temporary_stack_top$libspace           0x20000088   Data           0  libspace.o(.bss)
    Encoder_Right                            0x2000008c   Data           4  main.o(.bss..L_MergedGlobals)
    sys_tick                                 0x20000090   Data           4  main.o(.bss..L_MergedGlobals)
    display_buf                              0x20000094   Data          80  main.o(.bss..L_MergedGlobals)
    hi2c1                                    0x200000e4   Data          84  i2c.o(.bss.hi2c1)
    htim1                                    0x20000138   Data          72  tim.o(.bss.htim1)
    htim2                                    0x20000180   Data          72  tim.o(.bss.htim2)
    htim3                                    0x200001c8   Data          72  tim.o(.bss.htim3)
    htim4                                    0x20000210   Data          72  tim.o(.bss.htim4)
    uwTick                                   0x20000258   Data           4  stm32f1xx_hal.o(.bss.uwTick)



==============================================================================

Memory Map of the image

  Image Entry point : 0x080000ed

  Load Region LR_IROM1 (Base: 0x08000000, Size: 0x00003708, Max: 0x00010000, ABSOLUTE)

    Execution Region ER_IROM1 (Exec base: 0x08000000, Load base: 0x08000000, Size: 0x000036e0, Max: 0x00010000, ABSOLUTE)

    Exec Addr    Load Addr    Size         Type   Attr      Idx    E Section Name        Object

    0x08000000   0x08000000   0x000000ec   Data   RO            3    RESET               startup_stm32f103xb.o
    0x080000ec   0x080000ec   0x00000008   Code   RO         1289  * !!!main             c_w.l(__main.o)
    0x080000f4   0x080000f4   0x00000034   Code   RO         1596    !!!scatter          c_w.l(__scatter.o)
    0x08000128   0x08000128   0x0000001a   Code   RO         1598    !!handler_copy      c_w.l(__scatter_copy.o)
    0x08000142   0x08000142   0x00000002   PAD
    0x08000144   0x08000144   0x0000001c   Code   RO         1600    !!handler_zi        c_w.l(__scatter_zi.o)
    0x08000160   0x08000160   0x00000000   Code   RO         1284    .ARM.Collect$$_printf_percent$$00000000  c_w.l(_printf_percent.o)
    0x08000160   0x08000160   0x00000006   Code   RO         1283    .ARM.Collect$$_printf_percent$$00000009  c_w.l(_printf_d.o)
    0x08000166   0x08000166   0x00000004   Code   RO         1361    .ARM.Collect$$_printf_percent$$00000017  c_w.l(_printf_percent_end.o)
    0x0800016a   0x0800016a   0x00000002   Code   RO         1457    .ARM.Collect$$libinit$$00000000  c_w.l(libinit.o)
    0x0800016c   0x0800016c   0x00000000   Code   RO         1469    .ARM.Collect$$libinit$$00000002  c_w.l(libinit2.o)
    0x0800016c   0x0800016c   0x00000000   Code   RO         1471    .ARM.Collect$$libinit$$00000004  c_w.l(libinit2.o)
    0x0800016c   0x0800016c   0x00000000   Code   RO         1473    .ARM.Collect$$libinit$$00000006  c_w.l(libinit2.o)
    0x0800016c   0x0800016c   0x00000000   Code   RO         1476    .ARM.Collect$$libinit$$0000000C  c_w.l(libinit2.o)
    0x0800016c   0x0800016c   0x00000000   Code   RO         1478    .ARM.Collect$$libinit$$0000000E  c_w.l(libinit2.o)
    0x0800016c   0x0800016c   0x00000000   Code   RO         1480    .ARM.Collect$$libinit$$00000010  c_w.l(libinit2.o)
    0x0800016c   0x0800016c   0x00000000   Code   RO         1483    .ARM.Collect$$libinit$$00000013  c_w.l(libinit2.o)
    0x0800016c   0x0800016c   0x00000000   Code   RO         1485    .ARM.Collect$$libinit$$00000015  c_w.l(libinit2.o)
    0x0800016c   0x0800016c   0x00000000   Code   RO         1487    .ARM.Collect$$libinit$$00000017  c_w.l(libinit2.o)
    0x0800016c   0x0800016c   0x00000000   Code   RO         1489    .ARM.Collect$$libinit$$00000019  c_w.l(libinit2.o)
    0x0800016c   0x0800016c   0x00000000   Code   RO         1491    .ARM.Collect$$libinit$$0000001B  c_w.l(libinit2.o)
    0x0800016c   0x0800016c   0x00000000   Code   RO         1493    .ARM.Collect$$libinit$$0000001D  c_w.l(libinit2.o)
    0x0800016c   0x0800016c   0x00000000   Code   RO         1495    .ARM.Collect$$libinit$$0000001F  c_w.l(libinit2.o)
    0x0800016c   0x0800016c   0x00000000   Code   RO         1497    .ARM.Collect$$libinit$$00000021  c_w.l(libinit2.o)
    0x0800016c   0x0800016c   0x00000000   Code   RO         1499    .ARM.Collect$$libinit$$00000023  c_w.l(libinit2.o)
    0x0800016c   0x0800016c   0x00000000   Code   RO         1501    .ARM.Collect$$libinit$$00000025  c_w.l(libinit2.o)
    0x0800016c   0x0800016c   0x00000000   Code   RO         1503    .ARM.Collect$$libinit$$00000027  c_w.l(libinit2.o)
    0x0800016c   0x0800016c   0x00000000   Code   RO         1507    .ARM.Collect$$libinit$$0000002E  c_w.l(libinit2.o)
    0x0800016c   0x0800016c   0x00000000   Code   RO         1509    .ARM.Collect$$libinit$$00000030  c_w.l(libinit2.o)
    0x0800016c   0x0800016c   0x00000000   Code   RO         1511    .ARM.Collect$$libinit$$00000032  c_w.l(libinit2.o)
    0x0800016c   0x0800016c   0x00000000   Code   RO         1513    .ARM.Collect$$libinit$$00000034  c_w.l(libinit2.o)
    0x0800016c   0x0800016c   0x00000002   Code   RO         1514    .ARM.Collect$$libinit$$00000035  c_w.l(libinit2.o)
    0x0800016e   0x0800016e   0x00000002   Code   RO         1551    .ARM.Collect$$libshutdown$$00000000  c_w.l(libshutdown.o)
    0x08000170   0x08000170   0x00000000   Code   RO         1579    .ARM.Collect$$libshutdown$$00000002  c_w.l(libshutdown2.o)
    0x08000170   0x08000170   0x00000000   Code   RO         1581    .ARM.Collect$$libshutdown$$00000004  c_w.l(libshutdown2.o)
    0x08000170   0x08000170   0x00000000   Code   RO         1584    .ARM.Collect$$libshutdown$$00000007  c_w.l(libshutdown2.o)
    0x08000170   0x08000170   0x00000000   Code   RO         1587    .ARM.Collect$$libshutdown$$0000000A  c_w.l(libshutdown2.o)
    0x08000170   0x08000170   0x00000000   Code   RO         1589    .ARM.Collect$$libshutdown$$0000000C  c_w.l(libshutdown2.o)
    0x08000170   0x08000170   0x00000000   Code   RO         1592    .ARM.Collect$$libshutdown$$0000000F  c_w.l(libshutdown2.o)
    0x08000170   0x08000170   0x00000002   Code   RO         1593    .ARM.Collect$$libshutdown$$00000010  c_w.l(libshutdown2.o)
    0x08000172   0x08000172   0x00000000   Code   RO         1346    .ARM.Collect$$rtentry$$00000000  c_w.l(__rtentry.o)
    0x08000172   0x08000172   0x00000000   Code   RO         1410    .ARM.Collect$$rtentry$$00000002  c_w.l(__rtentry2.o)
    0x08000172   0x08000172   0x00000006   Code   RO         1422    .ARM.Collect$$rtentry$$00000004  c_w.l(__rtentry4.o)
    0x08000178   0x08000178   0x00000000   Code   RO         1412    .ARM.Collect$$rtentry$$00000009  c_w.l(__rtentry2.o)
    0x08000178   0x08000178   0x00000004   Code   RO         1413    .ARM.Collect$$rtentry$$0000000A  c_w.l(__rtentry2.o)
    0x0800017c   0x0800017c   0x00000000   Code   RO         1415    .ARM.Collect$$rtentry$$0000000C  c_w.l(__rtentry2.o)
    0x0800017c   0x0800017c   0x00000008   Code   RO         1416    .ARM.Collect$$rtentry$$0000000D  c_w.l(__rtentry2.o)
    0x08000184   0x08000184   0x00000002   Code   RO         1460    .ARM.Collect$$rtexit$$00000000  c_w.l(rtexit.o)
    0x08000186   0x08000186   0x00000000   Code   RO         1522    .ARM.Collect$$rtexit$$00000002  c_w.l(rtexit2.o)
    0x08000186   0x08000186   0x00000004   Code   RO         1523    .ARM.Collect$$rtexit$$00000003  c_w.l(rtexit2.o)
    0x0800018a   0x0800018a   0x00000006   Code   RO         1524    .ARM.Collect$$rtexit$$00000004  c_w.l(rtexit2.o)
    0x08000190   0x08000190   0x00000040   Code   RO            4    .text               startup_stm32f103xb.o
    0x080001d0   0x080001d0   0x00000028   Code   RO         1257    .text               c_w.l(noretval__2sprintf.o)
    0x080001f8   0x080001f8   0x00000068   Code   RO         1259    .text               c_w.l(__printf.o)
    0x08000260   0x08000260   0x00000078   Code   RO         1261    .text               c_w.l(_printf_dec.o)
    0x080002d8   0x080002d8   0x00000006   Code   RO         1287    .text               c_w.l(heapauxi.o)
    0x080002de   0x080002de   0x000000b2   Code   RO         1355    .text               c_w.l(_printf_intcommon.o)
    0x08000390   0x08000390   0x00000030   Code   RO         1357    .text               c_w.l(_printf_char_common.o)
    0x080003c0   0x080003c0   0x0000000a   Code   RO         1359    .text               c_w.l(_sputc.o)
    0x080003ca   0x080003ca   0x00000002   PAD
    0x080003cc   0x080003cc   0x00000008   Code   RO         1441    .text               c_w.l(libspace.o)
    0x080003d4   0x080003d4   0x0000004a   Code   RO         1444    .text               c_w.l(sys_stackheap_outer.o)
    0x0800041e   0x0800041e   0x00000012   Code   RO         1446    .text               c_w.l(exit.o)
    0x08000430   0x08000430   0x0000000c   Code   RO         1517    .text               c_w.l(sys_exit.o)
    0x0800043c   0x0800043c   0x00000002   Code   RO         1540    .text               c_w.l(use_no_semi.o)
    0x0800043e   0x0800043e   0x00000000   Code   RO         1542    .text               c_w.l(indicate_semi.o)
    0x0800043e   0x0800043e   0x00000002   PAD
    0x08000440   0x08000440   0x00000002   Code   RO          100    .text.BusFault_Handler  stm32f1xx_it.o
    0x08000442   0x08000442   0x00000002   PAD
    0x08000444   0x08000444   0x00000002   Code   RO          106    .text.DebugMon_Handler  stm32f1xx_it.o
    0x08000446   0x08000446   0x00000002   PAD
    0x08000448   0x08000448   0x0000000a   Code   RO           25    .text.Error_Handler  main.o
    0x08000452   0x08000452   0x00000002   PAD
    0x08000454   0x08000454   0x00000028   Code   RO          304    .text.HAL_Delay     stm32f1xx_hal.o
    0x0800047c   0x0800047c   0x00000212   Code   RO          396    .text.HAL_GPIO_Init  stm32f1xx_hal_gpio.o
    0x0800068e   0x0800068e   0x00000002   PAD
    0x08000690   0x08000690   0x0000000a   Code   RO          402    .text.HAL_GPIO_WritePin  stm32f1xx_hal_gpio.o
    0x0800069a   0x0800069a   0x00000002   PAD
    0x0800069c   0x0800069c   0x0000000c   Code   RO          296    .text.HAL_GetTick   stm32f1xx_hal.o
    0x080006a8   0x080006a8   0x00000176   Code   RO          146    .text.HAL_I2C_Init  stm32f1xx_hal_i2c.o
    0x0800081e   0x0800081e   0x00000002   PAD
    0x08000820   0x08000820   0x00000158   Code   RO          190    .text.HAL_I2C_Mem_Write  stm32f1xx_hal_i2c.o
    0x08000978   0x08000978   0x0000007a   Code   RO           47    .text.HAL_I2C_MspInit  i2c.o
    0x080009f2   0x080009f2   0x00000002   PAD
    0x080009f4   0x080009f4   0x0000001a   Code   RO          294    .text.HAL_IncTick   stm32f1xx_hal.o
    0x08000a0e   0x08000a0e   0x00000002   PAD
    0x08000a10   0x08000a10   0x00000026   Code   RO          284    .text.HAL_Init      stm32f1xx_hal.o
    0x08000a36   0x08000a36   0x00000002   PAD
    0x08000a38   0x08000a38   0x00000048   Code   RO          286    .text.HAL_InitTick  stm32f1xx_hal.o
    0x08000a80   0x08000a80   0x00000042   Code   RO          123    .text.HAL_MspInit   stm32f1xx_hal_msp.o
    0x08000ac2   0x08000ac2   0x00000002   PAD
    0x08000ac4   0x08000ac4   0x00000020   Code   RO          456    .text.HAL_NVIC_EnableIRQ  stm32f1xx_hal_cortex.o
    0x08000ae4   0x08000ae4   0x00000056   Code   RO          454    .text.HAL_NVIC_SetPriority  stm32f1xx_hal_cortex.o
    0x08000b3a   0x08000b3a   0x00000002   PAD
    0x08000b3c   0x08000b3c   0x00000020   Code   RO          452    .text.HAL_NVIC_SetPriorityGrouping  stm32f1xx_hal_cortex.o
    0x08000b5c   0x08000b5c   0x000001be   Code   RO          348    .text.HAL_RCC_ClockConfig  stm32f1xx_hal_rcc.o
    0x08000d1a   0x08000d1a   0x00000002   PAD
    0x08000d1c   0x08000d1c   0x00000026   Code   RO          360    .text.HAL_RCC_GetPCLK1Freq  stm32f1xx_hal_rcc.o
    0x08000d42   0x08000d42   0x00000002   PAD
    0x08000d44   0x08000d44   0x000003b4   Code   RO          346    .text.HAL_RCC_OscConfig  stm32f1xx_hal_rcc.o
    0x080010f8   0x080010f8   0x0000002c   Code   RO          464    .text.HAL_SYSTICK_Config  stm32f1xx_hal_cortex.o
    0x08001124   0x08001124   0x00000002   Code   RO          922    .text.HAL_TIMEx_BreakCallback  stm32f1xx_hal_tim_ex.o
    0x08001126   0x08001126   0x00000002   PAD
    0x08001128   0x08001128   0x00000002   Code   RO          918    .text.HAL_TIMEx_CommutCallback  stm32f1xx_hal_tim_ex.o
    0x0800112a   0x0800112a   0x00000002   PAD
    0x0800112c   0x0800112c   0x0000004c   Code   RO          914    .text.HAL_TIMEx_ConfigBreakDeadTime  stm32f1xx_hal_tim_ex.o
    0x08001178   0x08001178   0x0000007a   Code   RO          912    .text.HAL_TIMEx_MasterConfigSynchronization  stm32f1xx_hal_tim_ex.o
    0x080011f2   0x080011f2   0x00000002   PAD
    0x080011f4   0x080011f4   0x000000ec   Code   RO          617    .text.HAL_TIM_Base_Init  stm32f1xx_hal_tim.o
    0x080012e0   0x080012e0   0x00000032   Code   RO           74    .text.HAL_TIM_Base_MspInit  tim.o
    0x08001312   0x08001312   0x00000002   PAD
    0x08001314   0x08001314   0x0000019c   Code   RO          797    .text.HAL_TIM_ConfigClockSource  stm32f1xx_hal_tim.o
    0x080014b0   0x080014b0   0x0000014c   Code   RO          731    .text.HAL_TIM_Encoder_Init  stm32f1xx_hal_tim.o
    0x080015fc   0x080015fc   0x000000be   Code   RO           72    .text.HAL_TIM_Encoder_MspInit  tim.o
    0x080016ba   0x080016ba   0x00000002   PAD
    0x080016bc   0x080016bc   0x000000bc   Code   RO          739    .text.HAL_TIM_Encoder_Start  stm32f1xx_hal_tim.o
    0x08001778   0x08001778   0x00000002   Code   RO          753    .text.HAL_TIM_IC_CaptureCallback  stm32f1xx_hal_tim.o
    0x0800177a   0x0800177a   0x00000002   PAD
    0x0800177c   0x0800177c   0x00000170   Code   RO          751    .text.HAL_TIM_IRQHandler  stm32f1xx_hal_tim.o
    0x080018ec   0x080018ec   0x00000002   Code   RO          755    .text.HAL_TIM_OC_DelayElapsedCallback  stm32f1xx_hal_tim.o
    0x080018ee   0x080018ee   0x00000002   PAD
    0x080018f0   0x080018f0   0x00000204   Code   RO          771    .text.HAL_TIM_PWM_ConfigChannel  stm32f1xx_hal_tim.o
    0x08001af4   0x08001af4   0x000000ec   Code   RO          671    .text.HAL_TIM_PWM_Init  stm32f1xx_hal_tim.o
    0x08001be0   0x08001be0   0x00000032   Code   RO           70    .text.HAL_TIM_PWM_MspInit  tim.o
    0x08001c12   0x08001c12   0x00000002   PAD
    0x08001c14   0x08001c14   0x00000002   Code   RO          757    .text.HAL_TIM_PWM_PulseFinishedCallback  stm32f1xx_hal_tim.o
    0x08001c16   0x08001c16   0x00000002   PAD
    0x08001c18   0x08001c18   0x000000de   Code   RO          679    .text.HAL_TIM_PWM_Start  stm32f1xx_hal_tim.o
    0x08001cf6   0x08001cf6   0x00000002   PAD
    0x08001cf8   0x08001cf8   0x00000002   Code   RO          759    .text.HAL_TIM_PeriodElapsedCallback  stm32f1xx_hal_tim.o
    0x08001cfa   0x08001cfa   0x00000002   PAD
    0x08001cfc   0x08001cfc   0x00000002   Code   RO          761    .text.HAL_TIM_TriggerCallback  stm32f1xx_hal_tim.o
    0x08001cfe   0x08001cfe   0x00000002   PAD
    0x08001d00   0x08001d00   0x00000002   Code   RO           96    .text.HardFault_Handler  stm32f1xx_it.o
    0x08001d02   0x08001d02   0x00000002   PAD
    0x08001d04   0x08001d04   0x000000c8   Code   RO          192    .text.I2C_RequestMemoryWrite  stm32f1xx_hal_i2c.o
    0x08001dcc   0x08001dcc   0x000000be   Code   RO          160    .text.I2C_WaitOnBTFFlagUntilTimeout  stm32f1xx_hal_i2c.o
    0x08001e8a   0x08001e8a   0x00000002   PAD
    0x08001e8c   0x08001e8c   0x000001d2   Code   RO          156    .text.I2C_WaitOnFlagUntilTimeout  stm32f1xx_hal_i2c.o
    0x0800205e   0x0800205e   0x00000002   PAD
    0x08002060   0x08002060   0x000000e0   Code   RO          274    .text.I2C_WaitOnMasterAddressFlagUntilTimeout  stm32f1xx_hal_i2c.o
    0x08002140   0x08002140   0x000000be   Code   RO          158    .text.I2C_WaitOnTXEFlagUntilTimeout  stm32f1xx_hal_i2c.o
    0x080021fe   0x080021fe   0x00000002   PAD
    0x08002200   0x08002200   0x0000006c   Code   RO         1034    .text.Load          motor.o
    0x0800226c   0x0800226c   0x000000b6   Code   RO           36    .text.MX_GPIO_Init  gpio.o
    0x08002322   0x08002322   0x00000002   PAD
    0x08002324   0x08002324   0x00000042   Code   RO           45    .text.MX_I2C1_Init  i2c.o
    0x08002366   0x08002366   0x00000002   PAD
    0x08002368   0x08002368   0x00000120   Code   RO           60    .text.MX_TIM1_Init  tim.o
    0x08002488   0x08002488   0x00000072   Code   RO           64    .text.MX_TIM2_Init  tim.o
    0x080024fa   0x080024fa   0x00000002   PAD
    0x080024fc   0x080024fc   0x00000072   Code   RO           66    .text.MX_TIM3_Init  tim.o
    0x0800256e   0x0800256e   0x00000002   PAD
    0x08002570   0x08002570   0x00000076   Code   RO           68    .text.MX_TIM4_Init  tim.o
    0x080025e6   0x080025e6   0x00000002   PAD
    0x080025e8   0x080025e8   0x00000002   Code   RO           98    .text.MemManage_Handler  stm32f1xx_it.o
    0x080025ea   0x080025ea   0x00000002   PAD
    0x080025ec   0x080025ec   0x00000002   Code   RO           94    .text.NMI_Handler   stm32f1xx_it.o
    0x080025ee   0x080025ee   0x00000002   PAD
    0x080025f0   0x080025f0   0x000000ac   Code   RO         1000    .text.OLED_Clear    oled.o
    0x0800269c   0x0800269c   0x00000010   Code   RO          998    .text.OLED_Init     oled.o
    0x080026ac   0x080026ac   0x000003c6   Code   RO         1014    .text.OLED_ShowChar  oled.o
    0x08002a72   0x08002a72   0x00000002   PAD
    0x08002a74   0x08002a74   0x00000040   Code   RO         1016    .text.OLED_ShowString  oled.o
    0x08002ab4   0x08002ab4   0x00000002   Code   RO          108    .text.PendSV_Handler  stm32f1xx_it.o
    0x08002ab6   0x08002ab6   0x00000002   PAD
    0x08002ab8   0x08002ab8   0x0000000c   Code   RO          983    .text.Read_Speed    encoder.o
    0x08002ac4   0x08002ac4   0x00000002   Code   RO          104    .text.SVC_Handler   stm32f1xx_it.o
    0x08002ac6   0x08002ac6   0x00000002   PAD
    0x08002ac8   0x08002ac8   0x00000004   Code   RO          110    .text.SysTick_Handler  stm32f1xx_it.o
    0x08002acc   0x08002acc   0x00000002   Code   RO          936    .text.SystemInit    system_stm32f1xx.o
    0x08002ace   0x08002ace   0x00000002   PAD
    0x08002ad0   0x08002ad0   0x0000000c   Code   RO          112    .text.TIM2_IRQHandler  stm32f1xx_it.o
    0x08002adc   0x08002adc   0x0000000c   Code   RO          114    .text.TIM4_IRQHandler  stm32f1xx_it.o
    0x08002ae8   0x08002ae8   0x00000002   Code   RO          102    .text.UsageFault_Handler  stm32f1xx_it.o
    0x08002aea   0x08002aea   0x00000002   PAD
    0x08002aec   0x08002aec   0x0000025e   Code   RO          992    .text.WriteCmd      oled.o
    0x08002d4a   0x08002d4a   0x00000002   PAD
    0x08002d4c   0x08002d4c   0x00000140   Code   RO           19    .text.main          main.o
    0x08002e8c   0x08002e8c   0x00000010   Data   RO          941    .rodata.AHBPrescTable  system_stm32f1xx.o
    0x08002e9c   0x08002e9c   0x00000008   Data   RO          942    .rodata.APBPrescTable  system_stm32f1xx.o
    0x08002ea4   0x08002ea4   0x00000228   Data   RO         1020    .rodata.F6x8        oled.o
    0x080030cc   0x080030cc   0x000005e0   Data   RO         1021    .rodata.F8X16       oled.o
    0x080036ac   0x080036ac   0x00000002   Data   RO          373    .rodata.HAL_RCC_GetSysClockFreq.aPredivFactorTable  stm32f1xx_hal_rcc.o
    0x080036ae   0x080036ae   0x00000010   Data   RO          372    .rodata.cst16       stm32f1xx_hal_rcc.o
    0x080036be   0x080036be   0x00000002   PAD
    0x080036c0   0x080036c0   0x00000020   Data   RO         1595    Region$$Table       anon$$obj.o


    Execution Region RW_IRAM1 (Exec base: 0x20000000, Load base: 0x080036e0, Size: 0x00000860, Max: 0x00005000, ABSOLUTE)

    Exec Addr    Load Addr    Size         Type   Attr      Idx    E Section Name        Object

    0x20000000   0x080036e0   0x00000008   Data   RW          335    .data..L_MergedGlobals  stm32f1xx_hal.o
    0x20000008   0x080036e8   0x0000001b   Data   RW         1023    .data.CMD_Data      oled.o
    0x20000023   0x08003703   0x00000001   PAD
    0x20000024   0x08003704   0x00000004   Data   RW          940    .data.SystemCoreClock  system_stm32f1xx.o
    0x20000028        -       0x00000060   Zero   RW         1442    .bss                c_w.l(libspace.o)
    0x20000088        -       0x0000005c   Zero   RW           28    .bss..L_MergedGlobals  main.o
    0x200000e4        -       0x00000054   Zero   RW           51    .bss.hi2c1          i2c.o
    0x20000138        -       0x00000048   Zero   RW           82    .bss.htim1          tim.o
    0x20000180        -       0x00000048   Zero   RW           83    .bss.htim2          tim.o
    0x200001c8        -       0x00000048   Zero   RW           84    .bss.htim3          tim.o
    0x20000210        -       0x00000048   Zero   RW           85    .bss.htim4          tim.o
    0x20000258        -       0x00000004   Zero   RW          334    .bss.uwTick         stm32f1xx_hal.o
    0x2000025c   0x08003708   0x00000004   PAD
    0x20000260        -       0x00000200   Zero   RW            2    HEAP                startup_stm32f103xb.o
    0x20000460        -       0x00000400   Zero   RW            1    STACK               startup_stm32f103xb.o


==============================================================================

Image component sizes


      Code (inc. data)   RO Data    RW Data    ZI Data      Debug   Object Name

        12          0          0          0          0       3537   encoder.o
       182          0          0          0          0       1588   gpio.o
       188          0          0          0         84       4724   i2c.o
       330         32          0          0         92       3088   main.o
       108          0          0          0          0       1414   motor.o
      1824          0       2056         27          0      11341   oled.o
        64         26        236          0       1536        784   startup_stm32f103xb.o
       188          0          0          8          4       5743   stm32f1xx_hal.o
       194          0          0          0          0       8469   stm32f1xx_hal_cortex.o
       540         22          0          0          0       4610   stm32f1xx_hal_gpio.o
      1988          0          0          0          0      42479   stm32f1xx_hal_i2c.o
        66          0          0          0          0       1197   stm32f1xx_hal_msp.o
      1432          0         18          0          0       7652   stm32f1xx_hal_rcc.o
      2520          6          0          0          0      55136   stm32f1xx_hal_tim.o
       202          0          0          0          0      20727   stm32f1xx_hal_tim_ex.o
        44          0          0          0          0       4357   stm32f1xx_it.o
         2          0         24          4          0       1623   system_stm32f1xx.o
       924          0          0          0        288       8953   tim.o

    ----------------------------------------------------------------------
     10892         86       2368         40       2008     187422   Object Totals
         0          0         32          0          0          0   (incl. Generated)
        84          0          2          1          4          0   (incl. Padding)

    ----------------------------------------------------------------------

      Code (inc. data)   RO Data    RW Data    ZI Data      Debug   Library Member Name

         8          0          0          0          0         68   __main.o
       104          0          0          0          0         84   __printf.o
         0          0          0          0          0          0   __rtentry.o
        12          0          0          0          0          0   __rtentry2.o
         6          0          0          0          0          0   __rtentry4.o
        52          8          0          0          0          0   __scatter.o
        26          0          0          0          0          0   __scatter_copy.o
        28          0          0          0          0          0   __scatter_zi.o
        48          6          0          0          0         96   _printf_char_common.o
         6          0          0          0          0          0   _printf_d.o
       120         16          0          0          0         92   _printf_dec.o
       178          0          0          0          0         88   _printf_intcommon.o
         0          0          0          0          0          0   _printf_percent.o
         4          0          0          0          0          0   _printf_percent_end.o
        10          0          0          0          0         68   _sputc.o
        18          0          0          0          0         80   exit.o
         6          0          0          0          0        152   heapauxi.o
         0          0          0          0          0          0   indicate_semi.o
         2          0          0          0          0          0   libinit.o
         2          0          0          0          0          0   libinit2.o
         2          0          0          0          0          0   libshutdown.o
         2          0          0          0          0          0   libshutdown2.o
         8          4          0          0         96         68   libspace.o
        40          6          0          0          0         84   noretval__2sprintf.o
         2          0          0          0          0          0   rtexit.o
        10          0          0          0          0          0   rtexit2.o
        12          4          0          0          0         68   sys_exit.o
        74          0          0          0          0         80   sys_stackheap_outer.o
         2          0          0          0          0         68   use_no_semi.o

    ----------------------------------------------------------------------
       788         44          0          0         96       1096   Library Totals
         6          0          0          0          0          0   (incl. Padding)

    ----------------------------------------------------------------------

      Code (inc. data)   RO Data    RW Data    ZI Data      Debug   Library Name

       782         44          0          0         96       1096   c_w.l

    ----------------------------------------------------------------------
       788         44          0          0         96       1096   Library Totals

    ----------------------------------------------------------------------

==============================================================================


      Code (inc. data)   RO Data    RW Data    ZI Data      Debug   

     11680        130       2368         40       2104     187778   Grand Totals
     11680        130       2368         40       2104     187778   ELF Image Totals
     11680        130       2368         40          0          0   ROM Totals

==============================================================================

    Total RO  Size (Code + RO Data)                14048 (  13.72kB)
    Total RW  Size (RW Data + ZI Data)              2144 (   2.09kB)
    Total ROM Size (Code + RO Data + RW Data)      14088 (  13.76kB)

==============================================================================

